<?xml version="1.0" encoding="utf-8"?>
<TestRun id="2cc832d5-0750-4f0d-9578-2e1f3ba1429f" name="@Sishans-MacBook-Pro 2026-10-09 13:22:44" xmlns="http://microsoft.com/schemas/VisualStudio/TeamTest/2010">
  <Times creation="2026-10-09T13:22:44.4737900+05:30" queuing="2026-10-09T13:22:44.4737900+05:30" start="2026-10-09T13:22:42.1818830+05:30" finish="2026-10-09T13:22:46.7725730+05:30" />
  <TestSettings name="default" id="62927021-1547-4ab3-9c36-de92d19c8d7a">
    <Deployment runDeploymentRoot="_Sishans-MacBook-Pro_2026-10-09_13_22_44" />
  </TestSettings>
  <Results>
    <UnitTestResult executionId="bbf3e1f3-7471-4d2f-8497-02baf504a3c3" testId="c0ac535c-0780-629e-efba-204e29e6c265" testName="TalentFlow.UnitTests.Services.SchedulingServiceTests.GetAvailableSlots_EmptySchedule_ReturnsSlots" computerName="Sishans-MacBook-Pro" duration="00:00:00.7198746" startTime="2026-10-09T13:22:45.0747730+05:30" endTime="2026-10-09T13:22:45.0747730+05:30" testType="13cdc9d9-ddb5-4fa4-a97d-d965ccfc6d4b" outcome="Passed" testListId="8c84fa94-04c1-424b-9868-57a2d4851a1d" relativeResultsDirectory="bbf3e1f3-7471-4d2f-8497-02baf504a3c3" />
    <UnitTestResult executionId="23e17799-a0f3-401a-bc05-fa31dd8d73e8" testId="f27396b5-d9c4-a7d8-89fc-7c57fbe2eeeb" testName="TalentFlow.UnitTests.Services.InterviewServiceTests.ScheduleInterviewAsync_ShouldFail_WhenDurationTooShort" computerName="Sishans-MacBook-Pro" duration="00:00:00.0011720" startTime="2026-10-09T13:22:44.4567170+05:30" endTime="2026-10-09T13:22:44.4567170+05:30" testType="13cdc9d9-ddb5-4fa4-a97d-d965ccfc6d4b" outcome="Passed" testListId="8c84fa94-04c1-424b-9868-57a2d4851a1d" relativeResultsDirectory="23e17799-a0f3-401a-bc05-fa31dd8d73e8" />
    <UnitTestResult executionId="818687d0-024c-45d3-8417-2e87b687a9ce" testId="281682af-f87c-efe3-1ff6-900deef313e8" testName="TalentFlow.UnitTests.Services.InterviewServiceTests.ScheduleInterviewAsync_ShouldFail_WhenScheduledInPast" computerName="Sishans-MacBook-Pro" duration="00:00:00.0014963" startTime="2026-10-09T13:22:44.4560160+05:30" endTime="2026-10-09T13:22:44.4560160+05:30" testType="13cdc9d9-ddb5-4fa4-a97d-d965ccfc6d4b" outcome="Passed" testListId="8c84fa94-04c1-424b-9868-57a2d4851a1d" relativeResultsDirectory="818687d0-024c-45d3-8417-2e87b687a9ce" />
    <UnitTestResult executionId="a3e8078f-df3c-4c40-8ba3-fb12d92f7b38" testId="e7d4bad3-31f4-4fee-00a9-97a77cd4a3dd" testName="TalentFlow.UnitTests.Services.ApplicationServiceTests.GetApplicationByIdAsync_ShouldReturnNotFound_WhenNotExists" computerName="Sishans-MacBook-Pro" duration="00:00:00.0009847" startTime="2026-10-09T13:22:44.4569500+05:30" endTime="2026-10-09T13:22:44.4569500+05:30" testType="13cdc9d9-ddb5-4fa4-a97d-d965ccfc6d4b" outcome="Passed" testListId="8c84fa94-04c1-424b-9868-57a2d4851a1d" relativeResultsDirectory="a3e8078f-df3c-4c40-8ba3-fb12d92f7b38" />
    <UnitTestResult executionId="dd086b4a-9cfd-4a24-b741-bd828b2aa326" testId="4c5fc160-dff3-a8a4-57d6-f3add35e14ce" testName="TalentFlow.UnitTests.Services.CompanyServiceTests.UpdateCompanyAsync_ShouldReturnSuccess_WhenCompanyExists" computerName="Sishans-MacBook-Pro" duration="00:00:00.0944506" startTime="2026-10-09T13:22:44.4547370+05:30" endTime="2026-10-09T13:22:44.4547370+05:30" testType="13cdc9d9-ddb5-4fa4-a97d-d965ccfc6d4b" outcome="Passed" testListId="8c84fa94-04c1-424b-9868-57a2d4851a1d" relativeResultsDirectory="dd086b4a-9cfd-4a24-b741-bd828b2aa326" />
    <UnitTestResult executionId="149fd61b-d718-428a-baf7-97bf95db100f" testId="91aebf05-6e86-a21e-7855-5d57b6aea9ac" testName="TalentFlow.UnitTests.Services.CompanyServiceTests.UpdateCompanyAsync_ShouldReturnNotFound_WhenDoesNotExist" computerName="Sishans-MacBook-Pro" duration="00:00:00.0008040" startTime="2026-10-09T13:22:44.4584130+05:30" endTime="2026-10-09T13:22:44.4584130+05:30" testType="13cdc9d9-ddb5-4fa4-a97d-d965ccfc6d4b" outcome="Passed" testListId="8c84fa94-04c1-424b-9868-57a2d4851a1d" relativeResultsDirectory="149fd61b-d718-428a-baf7-97bf95db100f" />
    <UnitTestResult executionId="a987b030-e46d-4fa8-acd6-69b21aa93e04" testId="58739863-d6d9-e95e-ada5-efcdfbddc6e4" testName="TalentFlow.UnitTests.Services.OfferServiceTests.GetOfferByIdAsync_ShouldReturnNotFound_WhenOfferDoesNotExist" computerName="Sishans-MacBook-Pro" duration="00:00:00.0011068" startTime="2026-10-09T13:22:44.4545740+05:30" endTime="2026-10-09T13:22:44.4545740+05:30" testType="13cdc9d9-ddb5-4fa4-a97d-d965ccfc6d4b" outcome="Passed" testListId="8c84fa94-04c1-424b-9868-57a2d4851a1d" relativeResultsDirectory="a987b030-e46d-4fa8-acd6-69b21aa93e04" />
    <UnitTestResult executionId="b69fc629-945d-4c1b-9b33-932c824b3ff2" testId="63645701-4c3e-c654-7e29-3f005f26f6ac" testName="TalentFlow.UnitTests.Services.OnboardingServiceTests.AssignOnboardingAsync_ShouldReturnNotFound_WhenTemplateDoesNotExist" computerName="Sishans-MacBook-Pro" duration="00:00:00.0089263" startTime="2026-10-09T13:22:45.1168340+05:30" endTime="2026-10-09T13:22:45.1168340+05:30" testType="13cdc9d9-ddb5-4fa4-a97d-d965ccfc6d4b" outcome="Passed" testListId="8c84fa94-04c1-424b-9868-57a2d4851a1d" relativeResultsDirectory="b69fc629-945d-4c1b-9b33-932c824b3ff2" />
    <UnitTestResult executionId="9bcee941-d966-4a60-98b4-0a5a169ea68d" testId="37f8cece-ff66-fe2d-6835-43b4f056e22b" testName="TalentFlow.UnitTests.Services.WorkflowServiceTests.GetWorkflow_NonExistent_ReturnsNotFound" computerName="Sishans-MacBook-Pro" duration="00:00:00.6084872" startTime="2026-10-09T13:22:45.0609800+05:30" endTime="2026-10-09T13:22:45.0609800+05:30" testType="13cdc9d9-ddb5-4fa4-a97d-d965ccfc6d4b" outcome="Passed" testListId="8c84fa94-04c1-424b-9868-57a2d4851a1d" relativeResultsDirectory="9bcee941-d966-4a60-98b4-0a5a169ea68d" />
    <UnitTestResult executionId="334649cc-7943-41f4-8990-352037abd87f" testId="7a786268-d5dd-2ad2-ab10-c845762e190f" testName="TalentFlow.UnitTests.Services.CompanyServiceTests.CreateCompanyAsync_ShouldSetIsActiveTrue" computerName="Sishans-MacBook-Pro" duration="00:00:00.0008395" startTime="2026-10-09T13:22:44.4593320+05:30" endTime="2026-10-09T13:22:44.4593320+05:30" testType="13cdc9d9-ddb5-4fa4-a97d-d965ccfc6d4b" outcome="Passed" testListId="8c84fa94-04c1-424b-9868-57a2d4851a1d" relativeResultsDirectory="334649cc-7943-41f4-8990-352037abd87f" />
    <UnitTestResult executionId="46dcd37a-daf7-4976-a230-1c08fde45db2" testId="a1e417ec-61f2-ef87-a1c7-a920846e34fc" testName="TalentFlow.UnitTests.Services.WorkflowServiceTests.RejectWorkflow_RecordsHumanDecisionAndRejectsApplication" computerName="Sishans-MacBook-Pro" duration="00:00:00.0756881" startTime="2026-10-09T13:22:45.1367150+05:30" endTime="2026-10-09T13:22:45.1367150+05:30" testType="13cdc9d9-ddb5-4fa4-a97d-d965ccfc6d4b" outcome="Passed" testListId="8c84fa94-04c1-424b-9868-57a2d4851a1d" relativeResultsDirectory="46dcd37a-daf7-4976-a230-1c08fde45db2" />
    <UnitTestResult executionId="3a30034d-ebd0-47da-9c66-6207b50c699c" testId="55fec4b0-12d1-1c6a-2503-01f2079f040d" testName="TalentFlow.UnitTests.Services.EmployeeHistoryPersistenceTests.UpdateAsync_InsertsNewHistoryAndPersistsActivation" computerName="Sishans-MacBook-Pro" duration="00:00:00.7378468" startTime="2026-10-09T13:22:45.0929470+05:30" endTime="2026-10-09T13:22:45.0929470+05:30" testType="13cdc9d9-ddb5-4fa4-a97d-d965ccfc6d4b" outcome="Passed" testListId="8c84fa94-04c1-424b-9868-57a2d4851a1d" relativeResultsDirectory="3a30034d-ebd0-47da-9c66-6207b50c699c" />
    <UnitTestResult executionId="29167d22-56b8-4f5f-a169-d5ea59651d9e" testId="c00fdb42-dab3-3970-9553-61cd0975dcff" testName="TalentFlow.UnitTests.Services.ApplicationServiceTests.CreateApplicationAsync_ShouldFail_WhenDuplicateApplication" computerName="Sishans-MacBook-Pro" duration="00:00:00.0027220" startTime="2026-10-09T13:22:44.4582540+05:30" endTime="2026-10-09T13:22:44.4582540+05:30" testType="13cdc9d9-ddb5-4fa4-a97d-d965ccfc6d4b" outcome="Passed" testListId="8c84fa94-04c1-424b-9868-57a2d4851a1d" relativeResultsDirectory="29167d22-56b8-4f5f-a169-d5ea59651d9e" />
    <UnitTestResult executionId="1cd4238b-5a4d-4d40-a79d-8ec601a939e6" testId="55155d3b-a2a8-24cd-b43b-598954b6969c" testName="TalentFlow.UnitTests.Services.GoogleCalendarServiceTests.FreeBusySlotsAreConvertedToUtcBeforeConflictChecking" computerName="Sishans-MacBook-Pro" duration="00:00:00.0425407" startTime="2026-10-09T13:22:44.3991780+05:30" endTime="2026-10-09T13:22:44.3991900+05:30" testType="13cdc9d9-ddb5-4fa4-a97d-d965ccfc6d4b" outcome="Passed" testListId="8c84fa94-04c1-424b-9868-57a2d4851a1d" relativeResultsDirectory="1cd4238b-5a4d-4d40-a79d-8ec601a939e6" />
    <UnitTestResult executionId="2685e15e-031c-4ffe-a986-77d9fb2c4106" testId="064e3314-0dbe-d680-a06b-3e65a8e22a5e" testName="TalentFlow.UnitTests.Services.SchedulingServiceTests.HasInterviewerConflict_NoExistingInterviews_ReturnsFalse" computerName="Sishans-MacBook-Pro" duration="00:00:00.0014259" startTime="2026-10-09T13:22:45.0762960+05:30" endTime="2026-10-09T13:22:45.0762960+05:30" testType="13cdc9d9-ddb5-4fa4-a97d-d965ccfc6d4b" outcome="Passed" testListId="8c84fa94-04c1-424b-9868-57a2d4851a1d" relativeResultsDirectory="2685e15e-031c-4ffe-a986-77d9fb2c4106" />
    <UnitTestResult executionId="7a00d78b-7145-4e25-bd88-7b2795c3ca6b" testId="7a11ae52-d5c2-cf10-5805-7d295184337a" testName="TalentFlow.UnitTests.Services.WorkflowServiceTests.ApproveWorkflow_WrongStatus_ReturnsFail" computerName="Sishans-MacBook-Pro" duration="00:00:00.0029395" startTime="2026-10-09T13:22:45.1432400+05:30" endTime="2026-10-09T13:22:45.1432400+05:30" testType="13cdc9d9-ddb5-4fa4-a97d-d965ccfc6d4b" outcome="Passed" testListId="8c84fa94-04c1-424b-9868-57a2d4851a1d" relativeResultsDirectory="7a00d78b-7145-4e25-bd88-7b2795c3ca6b" />
    <UnitTestResult executionId="cb466fa7-b3d8-47e6-8e0f-086572803b78" testId="dfa47ec4-9122-e4c2-7825-1353c847d200" testName="TalentFlow.UnitTests.Services.WorkflowServiceTests.RejectWorkflow_RequiresReason" computerName="Sishans-MacBook-Pro" duration="00:00:00.0025221" startTime="2026-10-09T13:22:45.1392890+05:30" endTime="2026-10-09T13:22:45.1392890+05:30" testType="13cdc9d9-ddb5-4fa4-a97d-d965ccfc6d4b" outcome="Passed" testListId="8c84fa94-04c1-424b-9868-57a2d4851a1d" relativeResultsDirectory="cb466fa7-b3d8-47e6-8e0f-086572803b78" />
    <UnitTestResult executionId="f6f1779b-21f5-45fa-a02c-c0056accef77" testId="6465b885-9786-4e31-2c46-dbb675d2b009" testName="TalentFlow.UnitTests.Services.CandidateScoringServiceTests.CalculateScore_NonExistentApplication_ReturnsNotFound" computerName="Sishans-MacBook-Pro" duration="00:00:00.6372619" startTime="2026-10-09T13:22:45.0895070+05:30" endTime="2026-10-09T13:22:45.0895070+05:30" testType="13cdc9d9-ddb5-4fa4-a97d-d965ccfc6d4b" outcome="Passed" testListId="8c84fa94-04c1-424b-9868-57a2d4851a1d" relativeResultsDirectory="f6f1779b-21f5-45fa-a02c-c0056accef77" />
    <UnitTestResult executionId="81e88109-e766-4b3a-8a5c-ff6c397c84cd" testId="b6296ed5-99d0-83ee-0e63-300efcd2c67e" testName="TalentFlow.UnitTests.Services.ApplicationServiceTests.WithdrawApplicationAsync_ShouldReturnNotFound_WhenApplicationDoesNotExist" computerName="Sishans-MacBook-Pro" duration="00:00:00.0928390" startTime="2026-10-09T13:22:44.4540110+05:30" endTime="2026-10-09T13:22:44.4540110+05:30" testType="13cdc9d9-ddb5-4fa4-a97d-d965ccfc6d4b" outcome="Passed" testListId="8c84fa94-04c1-424b-9868-57a2d4851a1d" relativeResultsDirectory="81e88109-e766-4b3a-8a5c-ff6c397c84cd" />
    <UnitTestResult executionId="b570d29e-dff2-4191-aacf-be792b19401f" testId="5dff0e03-e710-e41c-3ab8-b4809ac551c5" testName="TalentFlow.UnitTests.Services.ApplicationServiceTests.CreateApplicationAsync_ShouldFail_WhenJobIsClosed" computerName="Sishans-MacBook-Pro" duration="00:00:00.0007641" startTime="2026-10-09T13:22:44.4592480+05:30" endTime="2026-10-09T13:22:44.4592480+05:30" testType="13cdc9d9-ddb5-4fa4-a97d-d965ccfc6d4b" outcome="Passed" testListId="8c84fa94-04c1-424b-9868-57a2d4851a1d" relativeResultsDirectory="b570d29e-dff2-4191-aacf-be792b19401f" />
    <UnitTestResult executionId="78ef8fc0-53e7-4cb1-8a18-d4c711c617ac" testId="7cc19ab1-002f-a7e3-094a-626c9b4367c7" testName="TalentFlow.UnitTests.Services.OnboardingServiceTests.CreateTemplateAsync_ShouldReturnSuccess_WithValidData" computerName="Sishans-MacBook-Pro" duration="00:00:00.0010818" startTime="2026-10-09T13:22:45.1441000+05:30" endTime="2026-10-09T13:22:45.1441010+05:30" testType="13cdc9d9-ddb5-4fa4-a97d-d965ccfc6d4b" outcome="Passed" testListId="8c84fa94-04c1-424b-9868-57a2d4851a1d" relativeResultsDirectory="78ef8fc0-53e7-4cb1-8a18-d4c711c617ac" />
    <UnitTestResult executionId="7accf447-e220-4bfa-8535-0d4fa0a2e822" testId="c07dd386-b70d-d98a-569d-91432f4bf0a1" testName="TalentFlow.UnitTests.Services.OnboardingServiceTests.CompleteOnboardingTaskAsync_ShouldMarkTaskAsCompleted" computerName="Sishans-MacBook-Pro" duration="00:00:00.0197839" startTime="2026-10-09T13:22:45.1429860+05:30" endTime="2026-10-09T13:22:45.1429860+05:30" testType="13cdc9d9-ddb5-4fa4-a97d-d965ccfc6d4b" outcome="Passed" testListId="8c84fa94-04c1-424b-9868-57a2d4851a1d" relativeResultsDirectory="7accf447-e220-4bfa-8535-0d4fa0a2e822" />
    <UnitTestResult executionId="060ab674-a7db-49c6-be0d-002685076acb" testId="970e542f-9dcc-9665-8cbc-aa400c47775f" testName="TalentFlow.UnitTests.Services.InterviewServiceTests.ScheduleInterviewAsync_ShouldFail_WhenDurationTooLong" computerName="Sishans-MacBook-Pro" duration="00:00:00.0017807" startTime="2026-10-09T13:22:44.4543170+05:30" endTime="2026-10-09T13:22:44.4543170+05:30" testType="13cdc9d9-ddb5-4fa4-a97d-d965ccfc6d4b" outcome="Passed" testListId="8c84fa94-04c1-424b-9868-57a2d4851a1d" relativeResultsDirectory="060ab674-a7db-49c6-be0d-002685076acb" />
    <UnitTestResult executionId="f9ecf29e-6aea-42bb-9f00-0cf36ff79b61" testId="af7ada24-16b3-6390-2b2d-58338d2f13a5" testName="TalentFlow.UnitTests.Services.InterviewServiceTests.ScheduleInterviewAsync_ShouldFail_WhenApplicationNotShortlisted" computerName="Sishans-MacBook-Pro" duration="00:00:00.0013264" startTime="2026-10-09T13:22:44.4555650+05:30" endTime="2026-10-09T13:22:44.4555650+05:30" testType="13cdc9d9-ddb5-4fa4-a97d-d965ccfc6d4b" outcome="Passed" testListId="8c84fa94-04c1-424b-9868-57a2d4851a1d" relativeResultsDirectory="f9ecf29e-6aea-42bb-9f00-0cf36ff79b61" />
    <UnitTestResult executionId="4960adab-a91d-4acd-8b78-682ad003906d" testId="91554008-7af8-d2ad-e578-c332ea8c24de" testName="TalentFlow.UnitTests.Services.GoogleCalendarServiceTests.OrganizerOAuthUpdatesCalendarOnlyWhenGoogleConfirmsSuccess" computerName="Sishans-MacBook-Pro" duration="00:00:00.0047758" startTime="2026-10-09T13:22:44.4648800+05:30" endTime="2026-10-09T13:22:44.4648800+05:30" testType="13cdc9d9-ddb5-4fa4-a97d-d965ccfc6d4b" outcome="Passed" testListId="8c84fa94-04c1-424b-9868-57a2d4851a1d" relativeResultsDirectory="4960adab-a91d-4acd-8b78-682ad003906d" />
    <UnitTestResult executionId="6a1cbcf1-4afc-419d-a9ed-74da07789276" testId="a076efc4-1609-8e19-dd30-9bcbe48c5da1" testName="TalentFlow.UnitTests.Services.SchedulingServiceTests.GetAvailableSlots_UsesConfiguredBusinessTimeZoneWithoutPanel" computerName="Sishans-MacBook-Pro" duration="00:00:00.0108824" startTime="2026-10-09T13:22:45.0871880+05:30" endTime="2026-10-09T13:22:45.0871880+05:30" testType="13cdc9d9-ddb5-4fa4-a97d-d965ccfc6d4b" outcome="Passed" testListId="8c84fa94-04c1-424b-9868-57a2d4851a1d" relativeResultsDirectory="6a1cbcf1-4afc-419d-a9ed-74da07789276" />
    <UnitTestResult executionId="fa468b8f-4221-4361-9706-24fece16e633" testId="3f83fac4-cb40-8e6c-cf31-7e40e6318b3e" testName="TalentFlow.UnitTests.Services.GoogleCalendarServiceTests.MissingCredentialsNeverReportInvitationOrAvailabilityAsSuccessful" computerName="Sishans-MacBook-Pro" duration="00:00:00.0049794" startTime="2026-10-09T13:22:44.4043340+05:30" endTime="2026-10-09T13:22:44.4043340+05:30" testType="13cdc9d9-ddb5-4fa4-a97d-d965ccfc6d4b" outcome="Passed" testListId="8c84fa94-04c1-424b-9868-57a2d4851a1d" relativeResultsDirectory="fa468b8f-4221-4361-9706-24fece16e633" />
    <UnitTestResult executionId="bd1a09fd-a8ce-48df-aaf6-87d61c86714e" testId="41715cca-4acd-5853-4cc1-33e8b8e595f9" testName="TalentFlow.UnitTests.Services.OfferServiceTests.CreateOfferAsync_ShouldReturnNotFound_WhenApplicationDoesNotExist" computerName="Sishans-MacBook-Pro" duration="00:00:00.0022608" startTime="2026-10-09T13:22:44.4561800+05:30" endTime="2026-10-09T13:22:44.4561800+05:30" testType="13cdc9d9-ddb5-4fa4-a97d-d965ccfc6d4b" outcome="Passed" testListId="8c84fa94-04c1-424b-9868-57a2d4851a1d" relativeResultsDirectory="bd1a09fd-a8ce-48df-aaf6-87d61c86714e" />
    <UnitTestResult executionId="15729506-0318-420c-bb9a-e36528814f44" testId="9c47789d-e7d2-d422-8e05-2fa9bad88d5e" testName="TalentFlow.UnitTests.Services.ApplicationServiceTests.CreateApplicationAsync_ShouldReturnNotFound_WhenJobDoesNotExist" computerName="Sishans-MacBook-Pro" duration="00:00:00.0009340" startTime="2026-10-09T13:22:44.4587760+05:30" endTime="2026-10-09T13:22:44.4587760+05:30" testType="13cdc9d9-ddb5-4fa4-a97d-d965ccfc6d4b" outcome="Passed" testListId="8c84fa94-04c1-424b-9868-57a2d4851a1d" relativeResultsDirectory="15729506-0318-420c-bb9a-e36528814f44" />
    <UnitTestResult executionId="2cc0f8e7-2d7b-4b4e-9efc-4bf0e5dc64b5" testId="09ac2021-891e-f79e-5e29-0043e434bcd6" testName="TalentFlow.UnitTests.Services.OfferServiceTests.CreateOfferAsync_ShouldFail_WhenSalaryIsZero" computerName="Sishans-MacBook-Pro" duration="00:00:00.0011133" startTime="2026-10-09T13:22:44.4566380+05:30" endTime="2026-10-09T13:22:44.4566380+05:30" testType="13cdc9d9-ddb5-4fa4-a97d-d965ccfc6d4b" outcome="Passed" testListId="8c84fa94-04c1-424b-9868-57a2d4851a1d" relativeResultsDirectory="2cc0f8e7-2d7b-4b4e-9efc-4bf0e5dc64b5" />
    <UnitTestResult executionId="efd42cc2-2b72-4a4c-9409-88433812a78e" testId="5ee73b70-48b2-1f73-61b9-2556e0478738" testName="TalentFlow.UnitTests.Services.JobServiceTests.CreateJobAsync_ShouldReturnSuccess_WhenValidRequest" computerName="Sishans-MacBook-Pro" duration="00:00:00.0060998" startTime="2026-10-09T13:22:44.4574170+05:30" endTime="2026-10-09T13:22:44.4574170+05:30" testType="13cdc9d9-ddb5-4fa4-a97d-d965ccfc6d4b" outcome="Passed" testListId="8c84fa94-04c1-424b-9868-57a2d4851a1d" relativeResultsDirectory="efd42cc2-2b72-4a4c-9409-88433812a78e" />
    <UnitTestResult executionId="0c63d787-013e-449c-b602-3d39e71c3f83" testId="5e2a2bf7-1dea-cba9-5d4a-b91a58f3ac07" testName="TalentFlow.UnitTests.Services.JobServiceTests.GetJobByIdAsync_ShouldReturnNotFound_WhenJobDoesNotExist" computerName="Sishans-MacBook-Pro" duration="00:00:00.0927222" startTime="2026-10-09T13:22:44.4538590+05:30" endTime="2026-10-09T13:22:44.4538590+05:30" testType="13cdc9d9-ddb5-4fa4-a97d-d965ccfc6d4b" outcome="Passed" testListId="8c84fa94-04c1-424b-9868-57a2d4851a1d" relativeResultsDirectory="0c63d787-013e-449c-b602-3d39e71c3f83" />
    <UnitTestResult executionId="60ecb8aa-757c-4271-b96b-3152368328eb" testId="7efd7c4b-ff5b-9d05-c3b5-c7cbd460eceb" testName="TalentFlow.UnitTests.Services.OfferServiceTests.GetOfferByIdAsync_ShouldReturnOffer_WhenExists" computerName="Sishans-MacBook-Pro" duration="00:00:00.0927671" startTime="2026-10-09T13:22:44.4460700+05:30" endTime="2026-10-09T13:22:44.4460700+05:30" testType="13cdc9d9-ddb5-4fa4-a97d-d965ccfc6d4b" outcome="Passed" testListId="8c84fa94-04c1-424b-9868-57a2d4851a1d" relativeResultsDirectory="60ecb8aa-757c-4271-b96b-3152368328eb" />
    <UnitTestResult executionId="eb76f97a-6921-4746-aaca-c7f67bdba644" testId="bed09556-8623-0230-4b78-349f03607f87" testName="TalentFlow.UnitTests.Services.ApplicationServiceTests.CreateApplicationAsync_ShouldReturnBadRequest_WhenJobIsNotPublished" computerName="Sishans-MacBook-Pro" duration="00:00:00.0007614" startTime="2026-10-09T13:22:44.4589350+05:30" endTime="2026-10-09T13:22:44.4589350+05:30" testType="13cdc9d9-ddb5-4fa4-a97d-d965ccfc6d4b" outcome="Passed" testListId="8c84fa94-04c1-424b-9868-57a2d4851a1d" relativeResultsDirectory="eb76f97a-6921-4746-aaca-c7f67bdba644" />
    <UnitTestResult executionId="e9214028-b9fd-4b44-bba7-78a540ae0f70" testId="6c7a4b80-7c1a-1305-6ba4-29caf375f9eb" testName="TalentFlow.UnitTests.Services.InterviewServiceTests.ScheduleInterviewAsync_ShouldReturnNotFound_WhenApplicationDoesNotExist" computerName="Sishans-MacBook-Pro" duration="00:00:00.0008820" startTime="2026-10-09T13:22:44.4586890+05:30" endTime="2026-10-09T13:22:44.4586890+05:30" testType="13cdc9d9-ddb5-4fa4-a97d-d965ccfc6d4b" outcome="Passed" testListId="8c84fa94-04c1-424b-9868-57a2d4851a1d" relativeResultsDirectory="e9214028-b9fd-4b44-bba7-78a540ae0f70" />
    <UnitTestResult executionId="4f118103-7f13-4bcf-80aa-296fbe801bfb" testId="b928e674-1d24-7ea7-93ab-ffc6bac0eb95" testName="TalentFlow.UnitTests.Services.OnboardingServiceTests.AssignOnboardingAsync_ShouldReturnNotFound_WhenEmployeeDoesNotExist" computerName="Sishans-MacBook-Pro" duration="00:00:00.0009495" startTime="2026-10-09T13:22:45.1451260+05:30" endTime="2026-10-09T13:22:45.1451260+05:30" testType="13cdc9d9-ddb5-4fa4-a97d-d965ccfc6d4b" outcome="Passed" testListId="8c84fa94-04c1-424b-9868-57a2d4851a1d" relativeResultsDirectory="4f118103-7f13-4bcf-80aa-296fbe801bfb" />
    <UnitTestResult executionId="50e7dbc4-2daa-4944-95ab-d23874cd8933" testId="a71e22e3-bf52-66e4-ff32-dd4c94876afd" testName="TalentFlow.UnitTests.Services.InterviewServiceTests.ScheduleInterviewAsync_ShouldRejectDurationBelow15_BoundaryTest" computerName="Sishans-MacBook-Pro" duration="00:00:00.0913873" startTime="2026-10-09T13:22:44.4446520+05:30" endTime="2026-10-09T13:22:44.4446520+05:30" testType="13cdc9d9-ddb5-4fa4-a97d-d965ccfc6d4b" outcome="Passed" testListId="8c84fa94-04c1-424b-9868-57a2d4851a1d" relativeResultsDirectory="50e7dbc4-2daa-4944-95ab-d23874cd8933" />
    <UnitTestResult executionId="ab8bc3e3-34ee-4fe9-89ef-f0ac0671f615" testId="5112d5ef-0304-2c76-f70c-5ef8b5b9c67a" testName="TalentFlow.UnitTests.Services.OfferServiceTests.CreateOfferAsync_ShouldFail_WhenSalaryIsNegative" computerName="Sishans-MacBook-Pro" duration="00:00:00.0013535" startTime="2026-10-09T13:22:44.4578580+05:30" endTime="2026-10-09T13:22:44.4578580+05:30" testType="13cdc9d9-ddb5-4fa4-a97d-d965ccfc6d4b" outcome="Passed" testListId="8c84fa94-04c1-424b-9868-57a2d4851a1d" relativeResultsDirectory="ab8bc3e3-34ee-4fe9-89ef-f0ac0671f615" />
    <UnitTestResult executionId="e3478612-5f1b-41e3-b25b-cded58ba9298" testId="499696ed-0a96-02de-2675-2456fb6ad56b" testName="TalentFlow.UnitTests.Services.OnboardingServiceTests.CreateTemplateAsync_ShouldPersistCompanyId" computerName="Sishans-MacBook-Pro" duration="00:00:00.0515976" startTime="2026-10-09T13:22:45.1078760+05:30" endTime="2026-10-09T13:22:45.1078760+05:30" testType="13cdc9d9-ddb5-4fa4-a97d-d965ccfc6d4b" outcome="Passed" testListId="8c84fa94-04c1-424b-9868-57a2d4851a1d" relativeResultsDirectory="e3478612-5f1b-41e3-b25b-cded58ba9298" />
    <UnitTestResult executionId="f9b45360-8b76-45d0-87fe-e6c12d681be9" testId="dcdd21e7-66d6-2ce3-d2bc-890c68d64ebd" testName="TalentFlow.UnitTests.Services.OnboardingServiceTests.AssignOnboardingAsync_ShouldReturnForbidden_WhenCompanyMismatch" computerName="Sishans-MacBook-Pro" duration="00:00:00.0062496" startTime="2026-10-09T13:22:45.1231500+05:30" endTime="2026-10-09T13:22:45.1231500+05:30" testType="13cdc9d9-ddb5-4fa4-a97d-d965ccfc6d4b" outcome="Passed" testListId="8c84fa94-04c1-424b-9868-57a2d4851a1d" relativeResultsDirectory="f9b45360-8b76-45d0-87fe-e6c12d681be9" />
    <UnitTestResult executionId="709d8728-8401-41be-94b0-788768bfe674" testId="b260f1ed-f248-2198-f51b-fb00c1b72875" testName="TalentFlow.UnitTests.Services.CompanyServiceTests.CreateCompanyAsync_ShouldHandleMinimalRequest" computerName="Sishans-MacBook-Pro" duration="00:00:00.0004705" startTime="2026-10-09T13:22:44.4594920+05:30" endTime="2026-10-09T13:22:44.4594920+05:30" testType="13cdc9d9-ddb5-4fa4-a97d-d965ccfc6d4b" outcome="Passed" testListId="8c84fa94-04c1-424b-9868-57a2d4851a1d" relativeResultsDirectory="709d8728-8401-41be-94b0-788768bfe674" />
    <UnitTestResult executionId="6629e6d1-b627-4ac8-aa53-4fb1b7c4c2f1" testId="7fe9d82e-6cf2-28de-f213-aafb08d08c02" testName="TalentFlow.UnitTests.Services.WorkflowServiceTests.RejectWorkflow_WrongStatus_ReturnsFail" computerName="Sishans-MacBook-Pro" duration="00:00:00.0008528" startTime="2026-10-09T13:22:45.1401720+05:30" endTime="2026-10-09T13:22:45.1401720+05:30" testType="13cdc9d9-ddb5-4fa4-a97d-d965ccfc6d4b" outcome="Passed" testListId="8c84fa94-04c1-424b-9868-57a2d4851a1d" relativeResultsDirectory="6629e6d1-b627-4ac8-aa53-4fb1b7c4c2f1" />
    <UnitTestResult executionId="449a718b-4469-4e27-987a-df915658cce1" testId="893e9ce2-1677-65da-fab6-f63e81c63079" testName="TalentFlow.UnitTests.Services.EmployeeServiceTests.GetEmployeeByIdAsync_ShouldReturnNotFound_WhenEmployeeDoesNotExist" computerName="Sishans-MacBook-Pro" duration="00:00:00.0010723" startTime="2026-10-09T13:22:44.4544820+05:30" endTime="2026-10-09T13:22:44.4544820+05:30" testType="13cdc9d9-ddb5-4fa4-a97d-d965ccfc6d4b" outcome="Passed" testListId="8c84fa94-04c1-424b-9868-57a2d4851a1d" relativeResultsDirectory="449a718b-4469-4e27-987a-df915658cce1" />
    <UnitTestResult executionId="8e08da9e-02ef-4428-8f75-1e666c99193d" testId="8830aea3-0056-0384-290b-df085dc33f31" testName="TalentFlow.UnitTests.Services.CandidateScoringServiceTests.ScoreBreakdown_MaximumPossible_Is100" computerName="Sishans-MacBook-Pro" duration="00:00:00.0029591" startTime="2026-10-09T13:22:44.4572610+05:30" endTime="2026-10-09T13:22:44.4572610+05:30" testType="13cdc9d9-ddb5-4fa4-a97d-d965ccfc6d4b" outcome="Passed" testListId="8c84fa94-04c1-424b-9868-57a2d4851a1d" relativeResultsDirectory="8e08da9e-02ef-4428-8f75-1e666c99193d" />
    <UnitTestResult executionId="28104781-0728-49c2-be08-d279e0210037" testId="e17c7d32-fed4-aa17-a2ca-588ab04bdd8b" testName="TalentFlow.UnitTests.Services.GoogleCalendarServiceTests.ConfiguredCalendarSignsTokenAndSendsCandidateWithCorrectEndTime" computerName="Sishans-MacBook-Pro" duration="00:00:00.0556785" startTime="2026-10-09T13:22:44.4600770+05:30" endTime="2026-10-09T13:22:44.4600770+05:30" testType="13cdc9d9-ddb5-4fa4-a97d-d965ccfc6d4b" outcome="Passed" testListId="8c84fa94-04c1-424b-9868-57a2d4851a1d" relativeResultsDirectory="28104781-0728-49c2-be08-d279e0210037" />
    <UnitTestResult executionId="d514b6aa-a68a-4b12-ad32-e0480c1fe72e" testId="4eb44c0c-56fc-492f-9a7b-f2a89cc1ccb4" testName="TalentFlow.UnitTests.Services.OfferServiceTests.CreateOfferAsync_ShouldFail_WhenApplicationNotInInterviewStatus" computerName="Sishans-MacBook-Pro" duration="00:00:00.0008269" startTime="2026-10-09T13:22:44.4571070+05:30" endTime="2026-10-09T13:22:44.4571070+05:30" testType="13cdc9d9-ddb5-4fa4-a97d-d965ccfc6d4b" outcome="Passed" testListId="8c84fa94-04c1-424b-9868-57a2d4851a1d" relativeResultsDirectory="d514b6aa-a68a-4b12-ad32-e0480c1fe72e" />
    <UnitTestResult executionId="cccb822b-bba9-4f5c-aa50-389d2e16e893" testId="25988907-b4a9-173e-76bf-ed78c6dafa5b" testName="TalentFlow.UnitTests.Services.InterviewServiceTests.ScheduleInterviewAsync_ShouldFail_WhenActiveInterviewAlreadyExists" computerName="Sishans-MacBook-Pro" duration="00:00:00.0024105" startTime="2026-10-09T13:22:44.4579420+05:30" endTime="2026-10-09T13:22:44.4579420+05:30" testType="13cdc9d9-ddb5-4fa4-a97d-d965ccfc6d4b" outcome="Passed" testListId="8c84fa94-04c1-424b-9868-57a2d4851a1d" relativeResultsDirectory="cccb822b-bba9-4f5c-aa50-389d2e16e893" />
    <UnitTestResult executionId="885b6f68-8e87-461b-a998-414315b6332e" testId="633d3579-6d6b-7263-c114-90b78234bccf" testName="TalentFlow.UnitTests.Services.EmployeeServiceTests.CreateEmployeeAsync_NormalizesStartDateToUtc(kind: Utc)" computerName="Sishans-MacBook-Pro" duration="00:00:00.0916720" startTime="2026-10-09T13:22:44.4451540+05:30" endTime="2026-10-09T13:22:44.4451540+05:30" testType="13cdc9d9-ddb5-4fa4-a97d-d965ccfc6d4b" outcome="Passed" testListId="8c84fa94-04c1-424b-9868-57a2d4851a1d" relativeResultsDirectory="885b6f68-8e87-461b-a998-414315b6332e" />
    <UnitTestResult executionId="8b910c59-12aa-4cde-9c45-79cacad41ecd" testId="3ee38c8c-fbb4-9a34-1628-5a6986be3dc3" testName="TalentFlow.UnitTests.Services.CompanyServiceTests.GetCompanyByIdAsync_ShouldReturnCompany_WhenExists" computerName="Sishans-MacBook-Pro" duration="00:00:00.0014311" startTime="2026-10-09T13:22:44.4590100+05:30" endTime="2026-10-09T13:22:44.4590100+05:30" testType="13cdc9d9-ddb5-4fa4-a97d-d965ccfc6d4b" outcome="Passed" testListId="8c84fa94-04c1-424b-9868-57a2d4851a1d" relativeResultsDirectory="8b910c59-12aa-4cde-9c45-79cacad41ecd" />
    <UnitTestResult executionId="b04e9a7d-0348-4b93-a594-f1acd61ff11a" testId="938af387-3c04-6eda-435d-8eb42f57605b" testName="TalentFlow.UnitTests.Services.CompanyServiceTests.CreateCompanyAsync_ShouldReturnSuccess_WhenValidRequest" computerName="Sishans-MacBook-Pro" duration="00:00:00.0013200" startTime="2026-10-09T13:22:44.4557690+05:30" endTime="2026-10-09T13:22:44.4557690+05:30" testType="13cdc9d9-ddb5-4fa4-a97d-d965ccfc6d4b" outcome="Passed" testListId="8c84fa94-04c1-424b-9868-57a2d4851a1d" relativeResultsDirectory="b04e9a7d-0348-4b93-a594-f1acd61ff11a" />
    <UnitTestResult executionId="fc242e87-b1f9-4d8b-86b2-fdad398fe2ba" testId="49c79b5f-c629-d297-be4b-19ef127edc56" testName="TalentFlow.UnitTests.Services.OnboardingServiceTests.CompleteOnboardingTaskAsync_ShouldReturnNotFound_WhenTaskDoesNotExist" computerName="Sishans-MacBook-Pro" duration="00:00:00.0006780" startTime="2026-10-09T13:22:45.1496560+05:30" endTime="2026-10-09T13:22:45.1496560+05:30" testType="13cdc9d9-ddb5-4fa4-a97d-d965ccfc6d4b" outcome="Passed" testListId="8c84fa94-04c1-424b-9868-57a2d4851a1d" relativeResultsDirectory="fc242e87-b1f9-4d8b-86b2-fdad398fe2ba" />
    <UnitTestResult executionId="9632f6da-c435-41c9-a980-0c7305d2cb28" testId="e89eb86d-b053-f3ac-5e10-eaf84886eecc" testName="TalentFlow.UnitTests.Services.OnboardingServiceTests.AssignOnboardingAsync_ShouldReturnConflict_WhenAlreadyAssigned" computerName="Sishans-MacBook-Pro" duration="00:00:00.0037951" startTime="2026-10-09T13:22:45.1489360+05:30" endTime="2026-10-09T13:22:45.1489360+05:30" testType="13cdc9d9-ddb5-4fa4-a97d-d965ccfc6d4b" outcome="Passed" testListId="8c84fa94-04c1-424b-9868-57a2d4851a1d" relativeResultsDirectory="9632f6da-c435-41c9-a980-0c7305d2cb28" />
    <UnitTestResult executionId="f871063a-e8f7-4380-8932-538153512864" testId="7580900d-c662-a7e9-6b79-99d3f61d5b19" testName="TalentFlow.UnitTests.Services.CompanyServiceTests.GetCompanyByIdAsync_ShouldReturnNotFound_WhenDoesNotExist" computerName="Sishans-MacBook-Pro" duration="00:00:00.0008049" startTime="2026-10-09T13:22:44.4580950+05:30" endTime="2026-10-09T13:22:44.4580950+05:30" testType="13cdc9d9-ddb5-4fa4-a97d-d965ccfc6d4b" outcome="Passed" testListId="8c84fa94-04c1-424b-9868-57a2d4851a1d" relativeResultsDirectory="f871063a-e8f7-4380-8932-538153512864" />
    <UnitTestResult executionId="490eddfb-cd9f-43cb-b387-e6bc6c7a43c9" testId="7fb2d003-f477-8135-1e66-afe25dd39d57" testName="TalentFlow.UnitTests.Services.SchedulingServiceTests.HasCandidateConflict_NoExistingInterviews_ReturnsFalse" computerName="Sishans-MacBook-Pro" duration="00:00:00.0007514" startTime="2026-10-09T13:22:45.0879860+05:30" endTime="2026-10-09T13:22:45.0879860+05:30" testType="13cdc9d9-ddb5-4fa4-a97d-d965ccfc6d4b" outcome="Passed" testListId="8c84fa94-04c1-424b-9868-57a2d4851a1d" relativeResultsDirectory="490eddfb-cd9f-43cb-b387-e6bc6c7a43c9" />
    <UnitTestResult executionId="04262860-7920-499b-b340-3ab3157ddc1c" testId="c9986088-3af6-062f-35ea-0510dd6bf83f" testName="TalentFlow.UnitTests.Services.CompanyServiceTests.GetCompaniesAsync_ShouldReturnPagedResult" computerName="Sishans-MacBook-Pro" duration="00:00:00.0031464" startTime="2026-10-09T13:22:44.4576210+05:30" endTime="2026-10-09T13:22:44.4576210+05:30" testType="13cdc9d9-ddb5-4fa4-a97d-d965ccfc6d4b" outcome="Passed" testListId="8c84fa94-04c1-424b-9868-57a2d4851a1d" relativeResultsDirectory="04262860-7920-499b-b340-3ab3157ddc1c" />
    <UnitTestResult executionId="dc9f04a9-2451-4889-a92d-28b9387ab6e7" testId="ecd103dd-597f-130b-eaca-c36cba137c51" testName="TalentFlow.UnitTests.Services.ApplicationHistoryPersistenceTests.UpdateAsync_InsertsNewHistoryAndPersistsWithdrawal" computerName="Sishans-MacBook-Pro" duration="00:00:00.7378073" startTime="2026-10-09T13:22:45.0927660+05:30" endTime="2026-10-09T13:22:45.0927660+05:30" testType="13cdc9d9-ddb5-4fa4-a97d-d965ccfc6d4b" outcome="Passed" testListId="8c84fa94-04c1-424b-9868-57a2d4851a1d" relativeResultsDirectory="dc9f04a9-2451-4889-a92d-28b9387ab6e7" />
    <UnitTestResult executionId="a99f3a43-2f2d-4eed-ac90-924b274d83e2" testId="9835f000-ab5b-9e87-2d72-1ab30fe9cd21" testName="TalentFlow.UnitTests.Services.EmployeeServiceTests.CreateEmployeeAsync_NormalizesStartDateToUtc(kind: Local)" computerName="Sishans-MacBook-Pro" duration="00:00:00.0005165" startTime="2026-10-09T13:22:44.4454820+05:30" endTime="2026-10-09T13:22:44.4454820+05:30" testType="13cdc9d9-ddb5-4fa4-a97d-d965ccfc6d4b" outcome="Passed" testListId="8c84fa94-04c1-424b-9868-57a2d4851a1d" relativeResultsDirectory="a99f3a43-2f2d-4eed-ac90-924b274d83e2" />
    <UnitTestResult executionId="b7683194-caac-4c3c-89c5-a5c01f1ca1c7" testId="36c6ca1e-9951-8ab5-9c8f-56305a46a420" testName="TalentFlow.UnitTests.Services.ApplicationServiceTests.CreateApplicationAsync_ShouldFail_WhenDeadlineHasPassed" computerName="Sishans-MacBook-Pro" duration="00:00:00.0038263" startTime="2026-10-09T13:22:44.4563400+05:30" endTime="2026-10-09T13:22:44.4563400+05:30" testType="13cdc9d9-ddb5-4fa4-a97d-d965ccfc6d4b" outcome="Passed" testListId="8c84fa94-04c1-424b-9868-57a2d4851a1d" relativeResultsDirectory="b7683194-caac-4c3c-89c5-a5c01f1ca1c7" />
    <UnitTestResult executionId="b8c3e0fe-0a69-47e4-bda9-9676d856ab7d" testId="b6705619-3e5c-6d52-5dd3-cef3aaba661f" testName="TalentFlow.UnitTests.Services.OnboardingServiceTests.GetTemplatesByCompanyAsync_ShouldReturnEmpty_WhenNoTemplates" computerName="Sishans-MacBook-Pro" duration="00:00:00.7011811" startTime="2026-10-09T13:22:45.0561460+05:30" endTime="2026-10-09T13:22:45.0561460+05:30" testType="13cdc9d9-ddb5-4fa4-a97d-d965ccfc6d4b" outcome="Passed" testListId="8c84fa94-04c1-424b-9868-57a2d4851a1d" relativeResultsDirectory="b8c3e0fe-0a69-47e4-bda9-9676d856ab7d" />
  </Results>
  <TestDefinitions>
    <UnitTest name="TalentFlow.UnitTests.Services.EmployeeServiceTests.GetEmployeeByIdAsync_ShouldReturnNotFound_WhenEmployeeDoesNotExist" storage="/users/sishanhewapathirana/documents/codex/2026-10-09/x20/work/project/backend/tests/talentflow.unittests/bin/debug/net8.0/talentflow.unittests.dll" id="893e9ce2-1677-65da-fab6-f63e81c63079">
      <Execution id="449a718b-4469-4e27-987a-df915658cce1" />
      <TestMethod codeBase="/Users/sishanhewapathirana/Documents/Codex/2026-10-09/x20/work/project/backend/tests/TalentFlow.UnitTests/bin/Debug/net8.0/TalentFlow.UnitTests.dll" adapterTypeName="executor://xunit/VsTestRunner2/netcoreapp" className="TalentFlow.UnitTests.Services.EmployeeServiceTests" name="GetEmployeeByIdAsync_ShouldReturnNotFound_WhenEmployeeDoesNotExist" />
    </UnitTest>
    <UnitTest name="TalentFlow.UnitTests.Services.GoogleCalendarServiceTests.OrganizerOAuthUpdatesCalendarOnlyWhenGoogleConfirmsSuccess" storage="/users/sishanhewapathirana/documents/codex/2026-10-09/x20/work/project/backend/tests/talentflow.unittests/bin/debug/net8.0/talentflow.unittests.dll" id="91554008-7af8-d2ad-e578-c332ea8c24de">
      <Execution id="4960adab-a91d-4acd-8b78-682ad003906d" />
      <TestMethod codeBase="/Users/sishanhewapathirana/Documents/Codex/2026-10-09/x20/work/project/backend/tests/TalentFlow.UnitTests/bin/Debug/net8.0/TalentFlow.UnitTests.dll" adapterTypeName="executor://xunit/VsTestRunner2/netcoreapp" className="TalentFlow.UnitTests.Services.GoogleCalendarServiceTests" name="OrganizerOAuthUpdatesCalendarOnlyWhenGoogleConfirmsSuccess" />
    </UnitTest>
    <UnitTest name="TalentFlow.UnitTests.Services.OfferServiceTests.GetOfferByIdAsync_ShouldReturnNotFound_WhenOfferDoesNotExist" storage="/users/sishanhewapathirana/documents/codex/2026-10-09/x20/work/project/backend/tests/talentflow.unittests/bin/debug/net8.0/talentflow.unittests.dll" id="58739863-d6d9-e95e-ada5-efcdfbddc6e4">
      <Execution id="a987b030-e46d-4fa8-acd6-69b21aa93e04" />
      <TestMethod codeBase="/Users/sishanhewapathirana/Documents/Codex/2026-10-09/x20/work/project/backend/tests/TalentFlow.UnitTests/bin/Debug/net8.0/TalentFlow.UnitTests.dll" adapterTypeName="executor://xunit/VsTestRunner2/netcoreapp" className="TalentFlow.UnitTests.Services.OfferServiceTests" name="GetOfferByIdAsync_ShouldReturnNotFound_WhenOfferDoesNotExist" />
    </UnitTest>
    <UnitTest name="TalentFlow.UnitTests.Services.CandidateScoringServiceTests.CalculateScore_NonExistentApplication_ReturnsNotFound" storage="/users/sishanhewapathirana/documents/codex/2026-10-09/x20/work/project/backend/tests/talentflow.unittests/bin/debug/net8.0/talentflow.unittests.dll" id="6465b885-9786-4e31-2c46-dbb675d2b009">
      <Execution id="f6f1779b-21f5-45fa-a02c-c0056accef77" />
      <TestMethod codeBase="/Users/sishanhewapathirana/Documents/Codex/2026-10-09/x20/work/project/backend/tests/TalentFlow.UnitTests/bin/Debug/net8.0/TalentFlow.UnitTests.dll" adapterTypeName="executor://xunit/VsTestRunner2/netcoreapp" className="TalentFlow.UnitTests.Services.CandidateScoringServiceTests" name="CalculateScore_NonExistentApplication_ReturnsNotFound" />
    </UnitTest>
    <UnitTest name="TalentFlow.UnitTests.Services.WorkflowServiceTests.RejectWorkflow_RecordsHumanDecisionAndRejectsApplication" storage="/users/sishanhewapathirana/documents/codex/2026-10-09/x20/work/project/backend/tests/talentflow.unittests/bin/debug/net8.0/talentflow.unittests.dll" id="a1e417ec-61f2-ef87-a1c7-a920846e34fc">
      <Execution id="46dcd37a-daf7-4976-a230-1c08fde45db2" />
      <TestMethod codeBase="/Users/sishanhewapathirana/Documents/Codex/2026-10-09/x20/work/project/backend/tests/TalentFlow.UnitTests/bin/Debug/net8.0/TalentFlow.UnitTests.dll" adapterTypeName="executor://xunit/VsTestRunner2/netcoreapp" className="TalentFlow.UnitTests.Services.WorkflowServiceTests" name="RejectWorkflow_RecordsHumanDecisionAndRejectsApplication" />
    </UnitTest>
    <UnitTest name="TalentFlow.UnitTests.Services.OfferServiceTests.GetOfferByIdAsync_ShouldReturnOffer_WhenExists" storage="/users/sishanhewapathirana/documents/codex/2026-10-09/x20/work/project/backend/tests/talentflow.unittests/bin/debug/net8.0/talentflow.unittests.dll" id="7efd7c4b-ff5b-9d05-c3b5-c7cbd460eceb">
      <Execution id="60ecb8aa-757c-4271-b96b-3152368328eb" />
      <TestMethod codeBase="/Users/sishanhewapathirana/Documents/Codex/2026-10-09/x20/work/project/backend/tests/TalentFlow.UnitTests/bin/Debug/net8.0/TalentFlow.UnitTests.dll" adapterTypeName="executor://xunit/VsTestRunner2/netcoreapp" className="TalentFlow.UnitTests.Services.OfferServiceTests" name="GetOfferByIdAsync_ShouldReturnOffer_WhenExists" />
    </UnitTest>
    <UnitTest name="TalentFlow.UnitTests.Services.OfferServiceTests.CreateOfferAsync_ShouldFail_WhenApplicationNotInInterviewStatus" storage="/users/sishanhewapathirana/documents/codex/2026-10-09/x20/work/project/backend/tests/talentflow.unittests/bin/debug/net8.0/talentflow.unittests.dll" id="4eb44c0c-56fc-492f-9a7b-f2a89cc1ccb4">
      <Execution id="d514b6aa-a68a-4b12-ad32-e0480c1fe72e" />
      <TestMethod codeBase="/Users/sishanhewapathirana/Documents/Codex/2026-10-09/x20/work/project/backend/tests/TalentFlow.UnitTests/bin/Debug/net8.0/TalentFlow.UnitTests.dll" adapterTypeName="executor://xunit/VsTestRunner2/netcoreapp" className="TalentFlow.UnitTests.Services.OfferServiceTests" name="CreateOfferAsync_ShouldFail_WhenApplicationNotInInterviewStatus" />
    </UnitTest>
    <UnitTest name="TalentFlow.UnitTests.Services.CompanyServiceTests.CreateCompanyAsync_ShouldReturnSuccess_WhenValidRequest" storage="/users/sishanhewapathirana/documents/codex/2026-10-09/x20/work/project/backend/tests/talentflow.unittests/bin/debug/net8.0/talentflow.unittests.dll" id="938af387-3c04-6eda-435d-8eb42f57605b">
      <Execution id="b04e9a7d-0348-4b93-a594-f1acd61ff11a" />
      <TestMethod codeBase="/Users/sishanhewapathirana/Documents/Codex/2026-10-09/x20/work/project/backend/tests/TalentFlow.UnitTests/bin/Debug/net8.0/TalentFlow.UnitTests.dll" adapterTypeName="executor://xunit/VsTestRunner2/netcoreapp" className="TalentFlow.UnitTests.Services.CompanyServiceTests" name="CreateCompanyAsync_ShouldReturnSuccess_WhenValidRequest" />
    </UnitTest>
    <UnitTest name="TalentFlow.UnitTests.Services.CompanyServiceTests.UpdateCompanyAsync_ShouldReturnNotFound_WhenDoesNotExist" storage="/users/sishanhewapathirana/documents/codex/2026-10-09/x20/work/project/backend/tests/talentflow.unittests/bin/debug/net8.0/talentflow.unittests.dll" id="91aebf05-6e86-a21e-7855-5d57b6aea9ac">
      <Execution id="149fd61b-d718-428a-baf7-97bf95db100f" />
      <TestMethod codeBase="/Users/sishanhewapathirana/Documents/Codex/2026-10-09/x20/work/project/backend/tests/TalentFlow.UnitTests/bin/Debug/net8.0/TalentFlow.UnitTests.dll" adapterTypeName="executor://xunit/VsTestRunner2/netcoreapp" className="TalentFlow.UnitTests.Services.CompanyServiceTests" name="UpdateCompanyAsync_ShouldReturnNotFound_WhenDoesNotExist" />
    </UnitTest>
    <UnitTest name="TalentFlow.UnitTests.Services.InterviewServiceTests.ScheduleInterviewAsync_ShouldFail_WhenActiveInterviewAlreadyExists" storage="/users/sishanhewapathirana/documents/codex/2026-10-09/x20/work/project/backend/tests/talentflow.unittests/bin/debug/net8.0/talentflow.unittests.dll" id="25988907-b4a9-173e-76bf-ed78c6dafa5b">
      <Execution id="cccb822b-bba9-4f5c-aa50-389d2e16e893" />
      <TestMethod codeBase="/Users/sishanhewapathirana/Documents/Codex/2026-10-09/x20/work/project/backend/tests/TalentFlow.UnitTests/bin/Debug/net8.0/TalentFlow.UnitTests.dll" adapterTypeName="executor://xunit/VsTestRunner2/netcoreapp" className="TalentFlow.UnitTests.Services.InterviewServiceTests" name="ScheduleInterviewAsync_ShouldFail_WhenActiveInterviewAlreadyExists" />
    </UnitTest>
    <UnitTest name="TalentFlow.UnitTests.Services.WorkflowServiceTests.ApproveWorkflow_WrongStatus_ReturnsFail" storage="/users/sishanhewapathirana/documents/codex/2026-10-09/x20/work/project/backend/tests/talentflow.unittests/bin/debug/net8.0/talentflow.unittests.dll" id="7a11ae52-d5c2-cf10-5805-7d295184337a">
      <Execution id="7a00d78b-7145-4e25-bd88-7b2795c3ca6b" />
      <TestMethod codeBase="/Users/sishanhewapathirana/Documents/Codex/2026-10-09/x20/work/project/backend/tests/TalentFlow.UnitTests/bin/Debug/net8.0/TalentFlow.UnitTests.dll" adapterTypeName="executor://xunit/VsTestRunner2/netcoreapp" className="TalentFlow.UnitTests.Services.WorkflowServiceTests" name="ApproveWorkflow_WrongStatus_ReturnsFail" />
    </UnitTest>
    <UnitTest name="TalentFlow.UnitTests.Services.OnboardingServiceTests.CompleteOnboardingTaskAsync_ShouldReturnNotFound_WhenTaskDoesNotExist" storage="/users/sishanhewapathirana/documents/codex/2026-10-09/x20/work/project/backend/tests/talentflow.unittests/bin/debug/net8.0/talentflow.unittests.dll" id="49c79b5f-c629-d297-be4b-19ef127edc56">
      <Execution id="fc242e87-b1f9-4d8b-86b2-fdad398fe2ba" />
      <TestMethod codeBase="/Users/sishanhewapathirana/Documents/Codex/2026-10-09/x20/work/project/backend/tests/TalentFlow.UnitTests/bin/Debug/net8.0/TalentFlow.UnitTests.dll" adapterTypeName="executor://xunit/VsTestRunner2/netcoreapp" className="TalentFlow.UnitTests.Services.OnboardingServiceTests" name="CompleteOnboardingTaskAsync_ShouldReturnNotFound_WhenTaskDoesNotExist" />
    </UnitTest>
    <UnitTest name="TalentFlow.UnitTests.Services.InterviewServiceTests.ScheduleInterviewAsync_ShouldReturnNotFound_WhenApplicationDoesNotExist" storage="/users/sishanhewapathirana/documents/codex/2026-10-09/x20/work/project/backend/tests/talentflow.unittests/bin/debug/net8.0/talentflow.unittests.dll" id="6c7a4b80-7c1a-1305-6ba4-29caf375f9eb">
      <Execution id="e9214028-b9fd-4b44-bba7-78a540ae0f70" />
      <TestMethod codeBase="/Users/sishanhewapathirana/Documents/Codex/2026-10-09/x20/work/project/backend/tests/TalentFlow.UnitTests/bin/Debug/net8.0/TalentFlow.UnitTests.dll" adapterTypeName="executor://xunit/VsTestRunner2/netcoreapp" className="TalentFlow.UnitTests.Services.InterviewServiceTests" name="ScheduleInterviewAsync_ShouldReturnNotFound_WhenApplicationDoesNotExist" />
    </UnitTest>
    <UnitTest name="TalentFlow.UnitTests.Services.OfferServiceTests.CreateOfferAsync_ShouldFail_WhenSalaryIsNegative" storage="/users/sishanhewapathirana/documents/codex/2026-10-09/x20/work/project/backend/tests/talentflow.unittests/bin/debug/net8.0/talentflow.unittests.dll" id="5112d5ef-0304-2c76-f70c-5ef8b5b9c67a">
      <Execution id="ab8bc3e3-34ee-4fe9-89ef-f0ac0671f615" />
      <TestMethod codeBase="/Users/sishanhewapathirana/Documents/Codex/2026-10-09/x20/work/project/backend/tests/TalentFlow.UnitTests/bin/Debug/net8.0/TalentFlow.UnitTests.dll" adapterTypeName="executor://xunit/VsTestRunner2/netcoreapp" className="TalentFlow.UnitTests.Services.OfferServiceTests" name="CreateOfferAsync_ShouldFail_WhenSalaryIsNegative" />
    </UnitTest>
    <UnitTest name="TalentFlow.UnitTests.Services.GoogleCalendarServiceTests.MissingCredentialsNeverReportInvitationOrAvailabilityAsSuccessful" storage="/users/sishanhewapathirana/documents/codex/2026-10-09/x20/work/project/backend/tests/talentflow.unittests/bin/debug/net8.0/talentflow.unittests.dll" id="3f83fac4-cb40-8e6c-cf31-7e40e6318b3e">
      <Execution id="fa468b8f-4221-4361-9706-24fece16e633" />
      <TestMethod codeBase="/Users/sishanhewapathirana/Documents/Codex/2026-10-09/x20/work/project/backend/tests/TalentFlow.UnitTests/bin/Debug/net8.0/TalentFlow.UnitTests.dll" adapterTypeName="executor://xunit/VsTestRunner2/netcoreapp" className="TalentFlow.UnitTests.Services.GoogleCalendarServiceTests" name="MissingCredentialsNeverReportInvitationOrAvailabilityAsSuccessful" />
    </UnitTest>
    <UnitTest name="TalentFlow.UnitTests.Services.CompanyServiceTests.GetCompaniesAsync_ShouldReturnPagedResult" storage="/users/sishanhewapathirana/documents/codex/2026-10-09/x20/work/project/backend/tests/talentflow.unittests/bin/debug/net8.0/talentflow.unittests.dll" id="c9986088-3af6-062f-35ea-0510dd6bf83f">
      <Execution id="04262860-7920-499b-b340-3ab3157ddc1c" />
      <TestMethod codeBase="/Users/sishanhewapathirana/Documents/Codex/2026-10-09/x20/work/project/backend/tests/TalentFlow.UnitTests/bin/Debug/net8.0/TalentFlow.UnitTests.dll" adapterTypeName="executor://xunit/VsTestRunner2/netcoreapp" className="TalentFlow.UnitTests.Services.CompanyServiceTests" name="GetCompaniesAsync_ShouldReturnPagedResult" />
    </UnitTest>
    <UnitTest name="TalentFlow.UnitTests.Services.CandidateScoringServiceTests.ScoreBreakdown_MaximumPossible_Is100" storage="/users/sishanhewapathirana/documents/codex/2026-10-09/x20/work/project/backend/tests/talentflow.unittests/bin/debug/net8.0/talentflow.unittests.dll" id="8830aea3-0056-0384-290b-df085dc33f31">
      <Execution id="8e08da9e-02ef-4428-8f75-1e666c99193d" />
      <TestMethod codeBase="/Users/sishanhewapathirana/Documents/Codex/2026-10-09/x20/work/project/backend/tests/TalentFlow.UnitTests/bin/Debug/net8.0/TalentFlow.UnitTests.dll" adapterTypeName="executor://xunit/VsTestRunner2/netcoreapp" className="TalentFlow.UnitTests.Services.CandidateScoringServiceTests" name="ScoreBreakdown_MaximumPossible_Is100" />
    </UnitTest>
    <UnitTest name="TalentFlow.UnitTests.Services.WorkflowServiceTests.GetWorkflow_NonExistent_ReturnsNotFound" storage="/users/sishanhewapathirana/documents/codex/2026-10-09/x20/work/project/backend/tests/talentflow.unittests/bin/debug/net8.0/talentflow.unittests.dll" id="37f8cece-ff66-fe2d-6835-43b4f056e22b">
      <Execution id="9bcee941-d966-4a60-98b4-0a5a169ea68d" />
      <TestMethod codeBase="/Users/sishanhewapathirana/Documents/Codex/2026-10-09/x20/work/project/backend/tests/TalentFlow.UnitTests/bin/Debug/net8.0/TalentFlow.UnitTests.dll" adapterTypeName="executor://xunit/VsTestRunner2/netcoreapp" className="TalentFlow.UnitTests.Services.WorkflowServiceTests" name="GetWorkflow_NonExistent_ReturnsNotFound" />
    </UnitTest>
    <UnitTest name="TalentFlow.UnitTests.Services.InterviewServiceTests.ScheduleInterviewAsync_ShouldRejectDurationBelow15_BoundaryTest" storage="/users/sishanhewapathirana/documents/codex/2026-10-09/x20/work/project/backend/tests/talentflow.unittests/bin/debug/net8.0/talentflow.unittests.dll" id="a71e22e3-bf52-66e4-ff32-dd4c94876afd">
      <Execution id="50e7dbc4-2daa-4944-95ab-d23874cd8933" />
      <TestMethod codeBase="/Users/sishanhewapathirana/Documents/Codex/2026-10-09/x20/work/project/backend/tests/TalentFlow.UnitTests/bin/Debug/net8.0/TalentFlow.UnitTests.dll" adapterTypeName="executor://xunit/VsTestRunner2/netcoreapp" className="TalentFlow.UnitTests.Services.InterviewServiceTests" name="ScheduleInterviewAsync_ShouldRejectDurationBelow15_BoundaryTest" />
    </UnitTest>
    <UnitTest name="TalentFlow.UnitTests.Services.SchedulingServiceTests.GetAvailableSlots_UsesConfiguredBusinessTimeZoneWithoutPanel" storage="/users/sishanhewapathirana/documents/codex/2026-10-09/x20/work/project/backend/tests/talentflow.unittests/bin/debug/net8.0/talentflow.unittests.dll" id="a076efc4-1609-8e19-dd30-9bcbe48c5da1">
      <Execution id="6a1cbcf1-4afc-419d-a9ed-74da07789276" />
      <TestMethod codeBase="/Users/sishanhewapathirana/Documents/Codex/2026-10-09/x20/work/project/backend/tests/TalentFlow.UnitTests/bin/Debug/net8.0/TalentFlow.UnitTests.dll" adapterTypeName="executor://xunit/VsTestRunner2/netcoreapp" className="TalentFlow.UnitTests.Services.SchedulingServiceTests" name="GetAvailableSlots_UsesConfiguredBusinessTimeZoneWithoutPanel" />
    </UnitTest>
    <UnitTest name="TalentFlow.UnitTests.Services.InterviewServiceTests.ScheduleInterviewAsync_ShouldFail_WhenScheduledInPast" storage="/users/sishanhewapathirana/documents/codex/2026-10-09/x20/work/project/backend/tests/talentflow.unittests/bin/debug/net8.0/talentflow.unittests.dll" id="281682af-f87c-efe3-1ff6-900deef313e8">
      <Execution id="818687d0-024c-45d3-8417-2e87b687a9ce" />
      <TestMethod codeBase="/Users/sishanhewapathirana/Documents/Codex/2026-10-09/x20/work/project/backend/tests/TalentFlow.UnitTests/bin/Debug/net8.0/TalentFlow.UnitTests.dll" adapterTypeName="executor://xunit/VsTestRunner2/netcoreapp" className="TalentFlow.UnitTests.Services.InterviewServiceTests" name="ScheduleInterviewAsync_ShouldFail_WhenScheduledInPast" />
    </UnitTest>
    <UnitTest name="TalentFlow.UnitTests.Services.InterviewServiceTests.ScheduleInterviewAsync_ShouldFail_WhenDurationTooLong" storage="/users/sishanhewapathirana/documents/codex/2026-10-09/x20/work/project/backend/tests/talentflow.unittests/bin/debug/net8.0/talentflow.unittests.dll" id="970e542f-9dcc-9665-8cbc-aa400c47775f">
      <Execution id="060ab674-a7db-49c6-be0d-002685076acb" />
      <TestMethod codeBase="/Users/sishanhewapathirana/Documents/Codex/2026-10-09/x20/work/project/backend/tests/TalentFlow.UnitTests/bin/Debug/net8.0/TalentFlow.UnitTests.dll" adapterTypeName="executor://xunit/VsTestRunner2/netcoreapp" className="TalentFlow.UnitTests.Services.InterviewServiceTests" name="ScheduleInterviewAsync_ShouldFail_WhenDurationTooLong" />
    </UnitTest>
    <UnitTest name="TalentFlow.UnitTests.Services.ApplicationServiceTests.CreateApplicationAsync_ShouldFail_WhenDuplicateApplication" storage="/users/sishanhewapathirana/documents/codex/2026-10-09/x20/work/project/backend/tests/talentflow.unittests/bin/debug/net8.0/talentflow.unittests.dll" id="c00fdb42-dab3-3970-9553-61cd0975dcff">
      <Execution id="29167d22-56b8-4f5f-a169-d5ea59651d9e" />
      <TestMethod codeBase="/Users/sishanhewapathirana/Documents/Codex/2026-10-09/x20/work/project/backend/tests/TalentFlow.UnitTests/bin/Debug/net8.0/TalentFlow.UnitTests.dll" adapterTypeName="executor://xunit/VsTestRunner2/netcoreapp" className="TalentFlow.UnitTests.Services.ApplicationServiceTests" name="CreateApplicationAsync_ShouldFail_WhenDuplicateApplication" />
    </UnitTest>
    <UnitTest name="TalentFlow.UnitTests.Services.GoogleCalendarServiceTests.FreeBusySlotsAreConvertedToUtcBeforeConflictChecking" storage="/users/sishanhewapathirana/documents/codex/2026-10-09/x20/work/project/backend/tests/talentflow.unittests/bin/debug/net8.0/talentflow.unittests.dll" id="55155d3b-a2a8-24cd-b43b-598954b6969c">
      <Execution id="1cd4238b-5a4d-4d40-a79d-8ec601a939e6" />
      <TestMethod codeBase="/Users/sishanhewapathirana/Documents/Codex/2026-10-09/x20/work/project/backend/tests/TalentFlow.UnitTests/bin/Debug/net8.0/TalentFlow.UnitTests.dll" adapterTypeName="executor://xunit/VsTestRunner2/netcoreapp" className="TalentFlow.UnitTests.Services.GoogleCalendarServiceTests" name="FreeBusySlotsAreConvertedToUtcBeforeConflictChecking" />
    </UnitTest>
    <UnitTest name="TalentFlow.UnitTests.Services.ApplicationServiceTests.GetApplicationByIdAsync_ShouldReturnNotFound_WhenNotExists" storage="/users/sishanhewapathirana/documents/codex/2026-10-09/x20/work/project/backend/tests/talentflow.unittests/bin/debug/net8.0/talentflow.unittests.dll" id="e7d4bad3-31f4-4fee-00a9-97a77cd4a3dd">
      <Execution id="a3e8078f-df3c-4c40-8ba3-fb12d92f7b38" />
      <TestMethod codeBase="/Users/sishanhewapathirana/Documents/Codex/2026-10-09/x20/work/project/backend/tests/TalentFlow.UnitTests/bin/Debug/net8.0/TalentFlow.UnitTests.dll" adapterTypeName="executor://xunit/VsTestRunner2/netcoreapp" className="TalentFlow.UnitTests.Services.ApplicationServiceTests" name="GetApplicationByIdAsync_ShouldReturnNotFound_WhenNotExists" />
    </UnitTest>
    <UnitTest name="TalentFlow.UnitTests.Services.OnboardingServiceTests.AssignOnboardingAsync_ShouldReturnNotFound_WhenEmployeeDoesNotExist" storage="/users/sishanhewapathirana/documents/codex/2026-10-09/x20/work/project/backend/tests/talentflow.unittests/bin/debug/net8.0/talentflow.unittests.dll" id="b928e674-1d24-7ea7-93ab-ffc6bac0eb95">
      <Execution id="4f118103-7f13-4bcf-80aa-296fbe801bfb" />
      <TestMethod codeBase="/Users/sishanhewapathirana/Documents/Codex/2026-10-09/x20/work/project/backend/tests/TalentFlow.UnitTests/bin/Debug/net8.0/TalentFlow.UnitTests.dll" adapterTypeName="executor://xunit/VsTestRunner2/netcoreapp" className="TalentFlow.UnitTests.Services.OnboardingServiceTests" name="AssignOnboardingAsync_ShouldReturnNotFound_WhenEmployeeDoesNotExist" />
    </UnitTest>
    <UnitTest name="TalentFlow.UnitTests.Services.ApplicationServiceTests.CreateApplicationAsync_ShouldReturnNotFound_WhenJobDoesNotExist" storage="/users/sishanhewapathirana/documents/codex/2026-10-09/x20/work/project/backend/tests/talentflow.unittests/bin/debug/net8.0/talentflow.unittests.dll" id="9c47789d-e7d2-d422-8e05-2fa9bad88d5e">
      <Execution id="15729506-0318-420c-bb9a-e36528814f44" />
      <TestMethod codeBase="/Users/sishanhewapathirana/Documents/Codex/2026-10-09/x20/work/project/backend/tests/TalentFlow.UnitTests/bin/Debug/net8.0/TalentFlow.UnitTests.dll" adapterTypeName="executor://xunit/VsTestRunner2/netcoreapp" className="TalentFlow.UnitTests.Services.ApplicationServiceTests" name="CreateApplicationAsync_ShouldReturnNotFound_WhenJobDoesNotExist" />
    </UnitTest>
    <UnitTest name="TalentFlow.UnitTests.Services.ApplicationHistoryPersistenceTests.UpdateAsync_InsertsNewHistoryAndPersistsWithdrawal" storage="/users/sishanhewapathirana/documents/codex/2026-10-09/x20/work/project/backend/tests/talentflow.unittests/bin/debug/net8.0/talentflow.unittests.dll" id="ecd103dd-597f-130b-eaca-c36cba137c51">
      <Execution id="dc9f04a9-2451-4889-a92d-28b9387ab6e7" />
      <TestMethod codeBase="/Users/sishanhewapathirana/Documents/Codex/2026-10-09/x20/work/project/backend/tests/TalentFlow.UnitTests/bin/Debug/net8.0/TalentFlow.UnitTests.dll" adapterTypeName="executor://xunit/VsTestRunner2/netcoreapp" className="TalentFlow.UnitTests.Services.ApplicationHistoryPersistenceTests" name="UpdateAsync_InsertsNewHistoryAndPersistsWithdrawal" />
    </UnitTest>
    <UnitTest name="TalentFlow.UnitTests.Services.CompanyServiceTests.CreateCompanyAsync_ShouldHandleMinimalRequest" storage="/users/sishanhewapathirana/documents/codex/2026-10-09/x20/work/project/backend/tests/talentflow.unittests/bin/debug/net8.0/talentflow.unittests.dll" id="b260f1ed-f248-2198-f51b-fb00c1b72875">
      <Execution id="709d8728-8401-41be-94b0-788768bfe674" />
      <TestMethod codeBase="/Users/sishanhewapathirana/Documents/Codex/2026-10-09/x20/work/project/backend/tests/TalentFlow.UnitTests/bin/Debug/net8.0/TalentFlow.UnitTests.dll" adapterTypeName="executor://xunit/VsTestRunner2/netcoreapp" className="TalentFlow.UnitTests.Services.CompanyServiceTests" name="CreateCompanyAsync_ShouldHandleMinimalRequest" />
    </UnitTest>
    <UnitTest name="TalentFlow.UnitTests.Services.ApplicationServiceTests.CreateApplicationAsync_ShouldFail_WhenJobIsClosed" storage="/users/sishanhewapathirana/documents/codex/2026-10-09/x20/work/project/backend/tests/talentflow.unittests/bin/debug/net8.0/talentflow.unittests.dll" id="5dff0e03-e710-e41c-3ab8-b4809ac551c5">
      <Execution id="b570d29e-dff2-4191-aacf-be792b19401f" />
      <TestMethod codeBase="/Users/sishanhewapathirana/Documents/Codex/2026-10-09/x20/work/project/backend/tests/TalentFlow.UnitTests/bin/Debug/net8.0/TalentFlow.UnitTests.dll" adapterTypeName="executor://xunit/VsTestRunner2/netcoreapp" className="TalentFlow.UnitTests.Services.ApplicationServiceTests" name="CreateApplicationAsync_ShouldFail_WhenJobIsClosed" />
    </UnitTest>
    <UnitTest name="TalentFlow.UnitTests.Services.CompanyServiceTests.GetCompanyByIdAsync_ShouldReturnNotFound_WhenDoesNotExist" storage="/users/sishanhewapathirana/documents/codex/2026-10-09/x20/work/project/backend/tests/talentflow.unittests/bin/debug/net8.0/talentflow.unittests.dll" id="7580900d-c662-a7e9-6b79-99d3f61d5b19">
      <Execution id="f871063a-e8f7-4380-8932-538153512864" />
      <TestMethod codeBase="/Users/sishanhewapathirana/Documents/Codex/2026-10-09/x20/work/project/backend/tests/TalentFlow.UnitTests/bin/Debug/net8.0/TalentFlow.UnitTests.dll" adapterTypeName="executor://xunit/VsTestRunner2/netcoreapp" className="TalentFlow.UnitTests.Services.CompanyServiceTests" name="GetCompanyByIdAsync_ShouldReturnNotFound_WhenDoesNotExist" />
    </UnitTest>
    <UnitTest name="TalentFlow.UnitTests.Services.ApplicationServiceTests.CreateApplicationAsync_ShouldReturnBadRequest_WhenJobIsNotPublished" storage="/users/sishanhewapathirana/documents/codex/2026-10-09/x20/work/project/backend/tests/talentflow.unittests/bin/debug/net8.0/talentflow.unittests.dll" id="bed09556-8623-0230-4b78-349f03607f87">
      <Execution id="eb76f97a-6921-4746-aaca-c7f67bdba644" />
      <TestMethod codeBase="/Users/sishanhewapathirana/Documents/Codex/2026-10-09/x20/work/project/backend/tests/TalentFlow.UnitTests/bin/Debug/net8.0/TalentFlow.UnitTests.dll" adapterTypeName="executor://xunit/VsTestRunner2/netcoreapp" className="TalentFlow.UnitTests.Services.ApplicationServiceTests" name="CreateApplicationAsync_ShouldReturnBadRequest_WhenJobIsNotPublished" />
    </UnitTest>
    <UnitTest name="TalentFlow.UnitTests.Services.CompanyServiceTests.GetCompanyByIdAsync_ShouldReturnCompany_WhenExists" storage="/users/sishanhewapathirana/documents/codex/2026-10-09/x20/work/project/backend/tests/talentflow.unittests/bin/debug/net8.0/talentflow.unittests.dll" id="3ee38c8c-fbb4-9a34-1628-5a6986be3dc3">
      <Execution id="8b910c59-12aa-4cde-9c45-79cacad41ecd" />
      <TestMethod codeBase="/Users/sishanhewapathirana/Documents/Codex/2026-10-09/x20/work/project/backend/tests/TalentFlow.UnitTests/bin/Debug/net8.0/TalentFlow.UnitTests.dll" adapterTypeName="executor://xunit/VsTestRunner2/netcoreapp" className="TalentFlow.UnitTests.Services.CompanyServiceTests" name="GetCompanyByIdAsync_ShouldReturnCompany_WhenExists" />
    </UnitTest>
    <UnitTest name="TalentFlow.UnitTests.Services.InterviewServiceTests.ScheduleInterviewAsync_ShouldFail_WhenDurationTooShort" storage="/users/sishanhewapathirana/documents/codex/2026-10-09/x20/work/project/backend/tests/talentflow.unittests/bin/debug/net8.0/talentflow.unittests.dll" id="f27396b5-d9c4-a7d8-89fc-7c57fbe2eeeb">
      <Execution id="23e17799-a0f3-401a-bc05-fa31dd8d73e8" />
      <TestMethod codeBase="/Users/sishanhewapathirana/Documents/Codex/2026-10-09/x20/work/project/backend/tests/TalentFlow.UnitTests/bin/Debug/net8.0/TalentFlow.UnitTests.dll" adapterTypeName="executor://xunit/VsTestRunner2/netcoreapp" className="TalentFlow.UnitTests.Services.InterviewServiceTests" name="ScheduleInterviewAsync_ShouldFail_WhenDurationTooShort" />
    </UnitTest>
    <UnitTest name="TalentFlow.UnitTests.Services.EmployeeHistoryPersistenceTests.UpdateAsync_InsertsNewHistoryAndPersistsActivation" storage="/users/sishanhewapathirana/documents/codex/2026-10-09/x20/work/project/backend/tests/talentflow.unittests/bin/debug/net8.0/talentflow.unittests.dll" id="55fec4b0-12d1-1c6a-2503-01f2079f040d">
      <Execution id="3a30034d-ebd0-47da-9c66-6207b50c699c" />
      <TestMethod codeBase="/Users/sishanhewapathirana/Documents/Codex/2026-10-09/x20/work/project/backend/tests/TalentFlow.UnitTests/bin/Debug/net8.0/TalentFlow.UnitTests.dll" adapterTypeName="executor://xunit/VsTestRunner2/netcoreapp" className="TalentFlow.UnitTests.Services.EmployeeHistoryPersistenceTests" name="UpdateAsync_InsertsNewHistoryAndPersistsActivation" />
    </UnitTest>
    <UnitTest name="TalentFlow.UnitTests.Services.OnboardingServiceTests.AssignOnboardingAsync_ShouldReturnForbidden_WhenCompanyMismatch" storage="/users/sishanhewapathirana/documents/codex/2026-10-09/x20/work/project/backend/tests/talentflow.unittests/bin/debug/net8.0/talentflow.unittests.dll" id="dcdd21e7-66d6-2ce3-d2bc-890c68d64ebd">
      <Execution id="f9b45360-8b76-45d0-87fe-e6c12d681be9" />
      <TestMethod codeBase="/Users/sishanhewapathirana/Documents/Codex/2026-10-09/x20/work/project/backend/tests/TalentFlow.UnitTests/bin/Debug/net8.0/TalentFlow.UnitTests.dll" adapterTypeName="executor://xunit/VsTestRunner2/netcoreapp" className="TalentFlow.UnitTests.Services.OnboardingServiceTests" name="AssignOnboardingAsync_ShouldReturnForbidden_WhenCompanyMismatch" />
    </UnitTest>
    <UnitTest name="TalentFlow.UnitTests.Services.EmployeeServiceTests.CreateEmployeeAsync_NormalizesStartDateToUtc(kind: Local)" storage="/users/sishanhewapathirana/documents/codex/2026-10-09/x20/work/project/backend/tests/talentflow.unittests/bin/debug/net8.0/talentflow.unittests.dll" id="9835f000-ab5b-9e87-2d72-1ab30fe9cd21">
      <Execution id="a99f3a43-2f2d-4eed-ac90-924b274d83e2" />
      <TestMethod codeBase="/Users/sishanhewapathirana/Documents/Codex/2026-10-09/x20/work/project/backend/tests/TalentFlow.UnitTests/bin/Debug/net8.0/TalentFlow.UnitTests.dll" adapterTypeName="executor://xunit/VsTestRunner2/netcoreapp" className="TalentFlow.UnitTests.Services.EmployeeServiceTests" name="CreateEmployeeAsync_NormalizesStartDateToUtc" />
    </UnitTest>
    <UnitTest name="TalentFlow.UnitTests.Services.EmployeeServiceTests.CreateEmployeeAsync_NormalizesStartDateToUtc(kind: Utc)" storage="/users/sishanhewapathirana/documents/codex/2026-10-09/x20/work/project/backend/tests/talentflow.unittests/bin/debug/net8.0/talentflow.unittests.dll" id="633d3579-6d6b-7263-c114-90b78234bccf">
      <Execution id="885b6f68-8e87-461b-a998-414315b6332e" />
      <TestMethod codeBase="/Users/sishanhewapathirana/Documents/Codex/2026-10-09/x20/work/project/backend/tests/TalentFlow.UnitTests/bin/Debug/net8.0/TalentFlow.UnitTests.dll" adapterTypeName="executor://xunit/VsTestRunner2/netcoreapp" className="TalentFlow.UnitTests.Services.EmployeeServiceTests" name="CreateEmployeeAsync_NormalizesStartDateToUtc" />
    </UnitTest>
    <UnitTest name="TalentFlow.UnitTests.Services.GoogleCalendarServiceTests.ConfiguredCalendarSignsTokenAndSendsCandidateWithCorrectEndTime" storage="/users/sishanhewapathirana/documents/codex/2026-10-09/x20/work/project/backend/tests/talentflow.unittests/bin/debug/net8.0/talentflow.unittests.dll" id="e17c7d32-fed4-aa17-a2ca-588ab04bdd8b">
      <Execution id="28104781-0728-49c2-be08-d279e0210037" />
      <TestMethod codeBase="/Users/sishanhewapathirana/Documents/Codex/2026-10-09/x20/work/project/backend/tests/TalentFlow.UnitTests/bin/Debug/net8.0/TalentFlow.UnitTests.dll" adapterTypeName="executor://xunit/VsTestRunner2/netcoreapp" className="TalentFlow.UnitTests.Services.GoogleCalendarServiceTests" name="ConfiguredCalendarSignsTokenAndSendsCandidateWithCorrectEndTime" />
    </UnitTest>
    <UnitTest name="TalentFlow.UnitTests.Services.OnboardingServiceTests.AssignOnboardingAsync_ShouldReturnConflict_WhenAlreadyAssigned" storage="/users/sishanhewapathirana/documents/codex/2026-10-09/x20/work/project/backend/tests/talentflow.unittests/bin/debug/net8.0/talentflow.unittests.dll" id="e89eb86d-b053-f3ac-5e10-eaf84886eecc">
      <Execution id="9632f6da-c435-41c9-a980-0c7305d2cb28" />
      <TestMethod codeBase="/Users/sishanhewapathirana/Documents/Codex/2026-10-09/x20/work/project/backend/tests/TalentFlow.UnitTests/bin/Debug/net8.0/TalentFlow.UnitTests.dll" adapterTypeName="executor://xunit/VsTestRunner2/netcoreapp" className="TalentFlow.UnitTests.Services.OnboardingServiceTests" name="AssignOnboardingAsync_ShouldReturnConflict_WhenAlreadyAssigned" />
    </UnitTest>
    <UnitTest name="TalentFlow.UnitTests.Services.CompanyServiceTests.UpdateCompanyAsync_ShouldReturnSuccess_WhenCompanyExists" storage="/users/sishanhewapathirana/documents/codex/2026-10-09/x20/work/project/backend/tests/talentflow.unittests/bin/debug/net8.0/talentflow.unittests.dll" id="4c5fc160-dff3-a8a4-57d6-f3add35e14ce">
      <Execution id="dd086b4a-9cfd-4a24-b741-bd828b2aa326" />
      <TestMethod codeBase="/Users/sishanhewapathirana/Documents/Codex/2026-10-09/x20/work/project/backend/tests/TalentFlow.UnitTests/bin/Debug/net8.0/TalentFlow.UnitTests.dll" adapterTypeName="executor://xunit/VsTestRunner2/netcoreapp" className="TalentFlow.UnitTests.Services.CompanyServiceTests" name="UpdateCompanyAsync_ShouldReturnSuccess_WhenCompanyExists" />
    </UnitTest>
    <UnitTest name="TalentFlow.UnitTests.Services.OfferServiceTests.CreateOfferAsync_ShouldFail_WhenSalaryIsZero" storage="/users/sishanhewapathirana/documents/codex/2026-10-09/x20/work/project/backend/tests/talentflow.unittests/bin/debug/net8.0/talentflow.unittests.dll" id="09ac2021-891e-f79e-5e29-0043e434bcd6">
      <Execution id="2cc0f8e7-2d7b-4b4e-9efc-4bf0e5dc64b5" />
      <TestMethod codeBase="/Users/sishanhewapathirana/Documents/Codex/2026-10-09/x20/work/project/backend/tests/TalentFlow.UnitTests/bin/Debug/net8.0/TalentFlow.UnitTests.dll" adapterTypeName="executor://xunit/VsTestRunner2/netcoreapp" className="TalentFlow.UnitTests.Services.OfferServiceTests" name="CreateOfferAsync_ShouldFail_WhenSalaryIsZero" />
    </UnitTest>
    <UnitTest name="TalentFlow.UnitTests.Services.OnboardingServiceTests.AssignOnboardingAsync_ShouldReturnNotFound_WhenTemplateDoesNotExist" storage="/users/sishanhewapathirana/documents/codex/2026-10-09/x20/work/project/backend/tests/talentflow.unittests/bin/debug/net8.0/talentflow.unittests.dll" id="63645701-4c3e-c654-7e29-3f005f26f6ac">
      <Execution id="b69fc629-945d-4c1b-9b33-932c824b3ff2" />
      <TestMethod codeBase="/Users/sishanhewapathirana/Documents/Codex/2026-10-09/x20/work/project/backend/tests/TalentFlow.UnitTests/bin/Debug/net8.0/TalentFlow.UnitTests.dll" adapterTypeName="executor://xunit/VsTestRunner2/netcoreapp" className="TalentFlow.UnitTests.Services.OnboardingServiceTests" name="AssignOnboardingAsync_ShouldReturnNotFound_WhenTemplateDoesNotExist" />
    </UnitTest>
    <UnitTest name="TalentFlow.UnitTests.Services.InterviewServiceTests.ScheduleInterviewAsync_ShouldFail_WhenApplicationNotShortlisted" storage="/users/sishanhewapathirana/documents/codex/2026-10-09/x20/work/project/backend/tests/talentflow.unittests/bin/debug/net8.0/talentflow.unittests.dll" id="af7ada24-16b3-6390-2b2d-58338d2f13a5">
      <Execution id="f9ecf29e-6aea-42bb-9f00-0cf36ff79b61" />
      <TestMethod codeBase="/Users/sishanhewapathirana/Documents/Codex/2026-10-09/x20/work/project/backend/tests/TalentFlow.UnitTests/bin/Debug/net8.0/TalentFlow.UnitTests.dll" adapterTypeName="executor://xunit/VsTestRunner2/netcoreapp" className="TalentFlow.UnitTests.Services.InterviewServiceTests" name="ScheduleInterviewAsync_ShouldFail_WhenApplicationNotShortlisted" />
    </UnitTest>
    <UnitTest name="TalentFlow.UnitTests.Services.JobServiceTests.CreateJobAsync_ShouldReturnSuccess_WhenValidRequest" storage="/users/sishanhewapathirana/documents/codex/2026-10-09/x20/work/project/backend/tests/talentflow.unittests/bin/debug/net8.0/talentflow.unittests.dll" id="5ee73b70-48b2-1f73-61b9-2556e0478738">
      <Execution id="efd42cc2-2b72-4a4c-9409-88433812a78e" />
      <TestMethod codeBase="/Users/sishanhewapathirana/Documents/Codex/2026-10-09/x20/work/project/backend/tests/TalentFlow.UnitTests/bin/Debug/net8.0/TalentFlow.UnitTests.dll" adapterTypeName="executor://xunit/VsTestRunner2/netcoreapp" className="TalentFlow.UnitTests.Services.JobServiceTests" name="CreateJobAsync_ShouldReturnSuccess_WhenValidRequest" />
    </UnitTest>
    <UnitTest name="TalentFlow.UnitTests.Services.OnboardingServiceTests.CompleteOnboardingTaskAsync_ShouldMarkTaskAsCompleted" storage="/users/sishanhewapathirana/documents/codex/2026-10-09/x20/work/project/backend/tests/talentflow.unittests/bin/debug/net8.0/talentflow.unittests.dll" id="c07dd386-b70d-d98a-569d-91432f4bf0a1">
      <Execution id="7accf447-e220-4bfa-8535-0d4fa0a2e822" />
      <TestMethod codeBase="/Users/sishanhewapathirana/Documents/Codex/2026-10-09/x20/work/project/backend/tests/TalentFlow.UnitTests/bin/Debug/net8.0/TalentFlow.UnitTests.dll" adapterTypeName="executor://xunit/VsTestRunner2/netcoreapp" className="TalentFlow.UnitTests.Services.OnboardingServiceTests" name="CompleteOnboardingTaskAsync_ShouldMarkTaskAsCompleted" />
    </UnitTest>
    <UnitTest name="TalentFlow.UnitTests.Services.ApplicationServiceTests.WithdrawApplicationAsync_ShouldReturnNotFound_WhenApplicationDoesNotExist" storage="/users/sishanhewapathirana/documents/codex/2026-10-09/x20/work/project/backend/tests/talentflow.unittests/bin/debug/net8.0/talentflow.unittests.dll" id="b6296ed5-99d0-83ee-0e63-300efcd2c67e">
      <Execution id="81e88109-e766-4b3a-8a5c-ff6c397c84cd" />
      <TestMethod codeBase="/Users/sishanhewapathirana/Documents/Codex/2026-10-09/x20/work/project/backend/tests/TalentFlow.UnitTests/bin/Debug/net8.0/TalentFlow.UnitTests.dll" adapterTypeName="executor://xunit/VsTestRunner2/netcoreapp" className="TalentFlow.UnitTests.Services.ApplicationServiceTests" name="WithdrawApplicationAsync_ShouldReturnNotFound_WhenApplicationDoesNotExist" />
    </UnitTest>
    <UnitTest name="TalentFlow.UnitTests.Services.CompanyServiceTests.CreateCompanyAsync_ShouldSetIsActiveTrue" storage="/users/sishanhewapathirana/documents/codex/2026-10-09/x20/work/project/backend/tests/talentflow.unittests/bin/debug/net8.0/talentflow.unittests.dll" id="7a786268-d5dd-2ad2-ab10-c845762e190f">
      <Execution id="334649cc-7943-41f4-8990-352037abd87f" />
      <TestMethod codeBase="/Users/sishanhewapathirana/Documents/Codex/2026-10-09/x20/work/project/backend/tests/TalentFlow.UnitTests/bin/Debug/net8.0/TalentFlow.UnitTests.dll" adapterTypeName="executor://xunit/VsTestRunner2/netcoreapp" className="TalentFlow.UnitTests.Services.CompanyServiceTests" name="CreateCompanyAsync_ShouldSetIsActiveTrue" />
    </UnitTest>
    <UnitTest name="TalentFlow.UnitTests.Services.OnboardingServiceTests.CreateTemplateAsync_ShouldReturnSuccess_WithValidData" storage="/users/sishanhewapathirana/documents/codex/2026-10-09/x20/work/project/backend/tests/talentflow.unittests/bin/debug/net8.0/talentflow.unittests.dll" id="7cc19ab1-002f-a7e3-094a-626c9b4367c7">
      <Execution id="78ef8fc0-53e7-4cb1-8a18-d4c711c617ac" />
      <TestMethod codeBase="/Users/sishanhewapathirana/Documents/Codex/2026-10-09/x20/work/project/backend/tests/TalentFlow.UnitTests/bin/Debug/net8.0/TalentFlow.UnitTests.dll" adapterTypeName="executor://xunit/VsTestRunner2/netcoreapp" className="TalentFlow.UnitTests.Services.OnboardingServiceTests" name="CreateTemplateAsync_ShouldReturnSuccess_WithValidData" />
    </UnitTest>
    <UnitTest name="TalentFlow.UnitTests.Services.SchedulingServiceTests.GetAvailableSlots_EmptySchedule_ReturnsSlots" storage="/users/sishanhewapathirana/documents/codex/2026-10-09/x20/work/project/backend/tests/talentflow.unittests/bin/debug/net8.0/talentflow.unittests.dll" id="c0ac535c-0780-629e-efba-204e29e6c265">
      <Execution id="bbf3e1f3-7471-4d2f-8497-02baf504a3c3" />
      <TestMethod codeBase="/Users/sishanhewapathirana/Documents/Codex/2026-10-09/x20/work/project/backend/tests/TalentFlow.UnitTests/bin/Debug/net8.0/TalentFlow.UnitTests.dll" adapterTypeName="executor://xunit/VsTestRunner2/netcoreapp" className="TalentFlow.UnitTests.Services.SchedulingServiceTests" name="GetAvailableSlots_EmptySchedule_ReturnsSlots" />
    </UnitTest>
    <UnitTest name="TalentFlow.UnitTests.Services.OfferServiceTests.CreateOfferAsync_ShouldReturnNotFound_WhenApplicationDoesNotExist" storage="/users/sishanhewapathirana/documents/codex/2026-10-09/x20/work/project/backend/tests/talentflow.unittests/bin/debug/net8.0/talentflow.unittests.dll" id="41715cca-4acd-5853-4cc1-33e8b8e595f9">
      <Execution id="bd1a09fd-a8ce-48df-aaf6-87d61c86714e" />
      <TestMethod codeBase="/Users/sishanhewapathirana/Documents/Codex/2026-10-09/x20/work/project/backend/tests/TalentFlow.UnitTests/bin/Debug/net8.0/TalentFlow.UnitTests.dll" adapterTypeName="executor://xunit/VsTestRunner2/netcoreapp" className="TalentFlow.UnitTests.Services.OfferServiceTests" name="CreateOfferAsync_ShouldReturnNotFound_WhenApplicationDoesNotExist" />
    </UnitTest>
    <UnitTest name="TalentFlow.UnitTests.Services.OnboardingServiceTests.CreateTemplateAsync_ShouldPersistCompanyId" storage="/users/sishanhewapathirana/documents/codex/2026-10-09/x20/work/project/backend/tests/talentflow.unittests/bin/debug/net8.0/talentflow.unittests.dll" id="499696ed-0a96-02de-2675-2456fb6ad56b">
      <Execution id="e3478612-5f1b-41e3-b25b-cded58ba9298" />
      <TestMethod codeBase="/Users/sishanhewapathirana/Documents/Codex/2026-10-09/x20/work/project/backend/tests/TalentFlow.UnitTests/bin/Debug/net8.0/TalentFlow.UnitTests.dll" adapterTypeName="executor://xunit/VsTestRunner2/netcoreapp" className="TalentFlow.UnitTests.Services.OnboardingServiceTests" name="CreateTemplateAsync_ShouldPersistCompanyId" />
    </UnitTest>
    <UnitTest name="TalentFlow.UnitTests.Services.ApplicationServiceTests.CreateApplicationAsync_ShouldFail_WhenDeadlineHasPassed" storage="/users/sishanhewapathirana/documents/codex/2026-10-09/x20/work/project/backend/tests/talentflow.unittests/bin/debug/net8.0/talentflow.unittests.dll" id="36c6ca1e-9951-8ab5-9c8f-56305a46a420">
      <Execution id="b7683194-caac-4c3c-89c5-a5c01f1ca1c7" />
      <TestMethod codeBase="/Users/sishanhewapathirana/Documents/Codex/2026-10-09/x20/work/project/backend/tests/TalentFlow.UnitTests/bin/Debug/net8.0/TalentFlow.UnitTests.dll" adapterTypeName="executor://xunit/VsTestRunner2/netcoreapp" className="TalentFlow.UnitTests.Services.ApplicationServiceTests" name="CreateApplicationAsync_ShouldFail_WhenDeadlineHasPassed" />
    </UnitTest>
    <UnitTest name="TalentFlow.UnitTests.Services.JobServiceTests.GetJobByIdAsync_ShouldReturnNotFound_WhenJobDoesNotExist" storage="/users/sishanhewapathirana/documents/codex/2026-10-09/x20/work/project/backend/tests/talentflow.unittests/bin/debug/net8.0/talentflow.unittests.dll" id="5e2a2bf7-1dea-cba9-5d4a-b91a58f3ac07">
      <Execution id="0c63d787-013e-449c-b602-3d39e71c3f83" />
      <TestMethod codeBase="/Users/sishanhewapathirana/Documents/Codex/2026-10-09/x20/work/project/backend/tests/TalentFlow.UnitTests/bin/Debug/net8.0/TalentFlow.UnitTests.dll" adapterTypeName="executor://xunit/VsTestRunner2/netcoreapp" className="TalentFlow.UnitTests.Services.JobServiceTests" name="GetJobByIdAsync_ShouldReturnNotFound_WhenJobDoesNotExist" />
    </UnitTest>
    <UnitTest name="TalentFlow.UnitTests.Services.SchedulingServiceTests.HasInterviewerConflict_NoExistingInterviews_ReturnsFalse" storage="/users/sishanhewapathirana/documents/codex/2026-10-09/x20/work/project/backend/tests/talentflow.unittests/bin/debug/net8.0/talentflow.unittests.dll" id="064e3314-0dbe-d680-a06b-3e65a8e22a5e">
      <Execution id="2685e15e-031c-4ffe-a986-77d9fb2c4106" />
      <TestMethod codeBase="/Users/sishanhewapathirana/Documents/Codex/2026-10-09/x20/work/project/backend/tests/TalentFlow.UnitTests/bin/Debug/net8.0/TalentFlow.UnitTests.dll" adapterTypeName="executor://xunit/VsTestRunner2/netcoreapp" className="TalentFlow.UnitTests.Services.SchedulingServiceTests" name="HasInterviewerConflict_NoExistingInterviews_ReturnsFalse" />
    </UnitTest>
    <UnitTest name="TalentFlow.UnitTests.Services.SchedulingServiceTests.HasCandidateConflict_NoExistingInterviews_ReturnsFalse" storage="/users/sishanhewapathirana/documents/codex/2026-10-09/x20/work/project/backend/tests/talentflow.unittests/bin/debug/net8.0/talentflow.unittests.dll" id="7fb2d003-f477-8135-1e66-afe25dd39d57">
      <Execution id="490eddfb-cd9f-43cb-b387-e6bc6c7a43c9" />
      <TestMethod codeBase="/Users/sishanhewapathirana/Documents/Codex/2026-10-09/x20/work/project/backend/tests/TalentFlow.UnitTests/bin/Debug/net8.0/TalentFlow.UnitTests.dll" adapterTypeName="executor://xunit/VsTestRunner2/netcoreapp" className="TalentFlow.UnitTests.Services.SchedulingServiceTests" name="HasCandidateConflict_NoExistingInterviews_ReturnsFalse" />
    </UnitTest>
    <UnitTest name="TalentFlow.UnitTests.Services.WorkflowServiceTests.RejectWorkflow_WrongStatus_ReturnsFail" storage="/users/sishanhewapathirana/documents/codex/2026-10-09/x20/work/project/backend/tests/talentflow.unittests/bin/debug/net8.0/talentflow.unittests.dll" id="7fe9d82e-6cf2-28de-f213-aafb08d08c02">
      <Execution id="6629e6d1-b627-4ac8-aa53-4fb1b7c4c2f1" />
      <TestMethod codeBase="/Users/sishanhewapathirana/Documents/Codex/2026-10-09/x20/work/project/backend/tests/TalentFlow.UnitTests/bin/Debug/net8.0/TalentFlow.UnitTests.dll" adapterTypeName="executor://xunit/VsTestRunner2/netcoreapp" className="TalentFlow.UnitTests.Services.WorkflowServiceTests" name="RejectWorkflow_WrongStatus_ReturnsFail" />
    </UnitTest>
    <UnitTest name="TalentFlow.UnitTests.Services.OnboardingServiceTests.GetTemplatesByCompanyAsync_ShouldReturnEmpty_WhenNoTemplates" storage="/users/sishanhewapathirana/documents/codex/2026-10-09/x20/work/project/backend/tests/talentflow.unittests/bin/debug/net8.0/talentflow.unittests.dll" id="b6705619-3e5c-6d52-5dd3-cef3aaba661f">
      <Execution id="b8c3e0fe-0a69-47e4-bda9-9676d856ab7d" />
      <TestMethod codeBase="/Users/sishanhewapathirana/Documents/Codex/2026-10-09/x20/work/project/backend/tests/TalentFlow.UnitTests/bin/Debug/net8.0/TalentFlow.UnitTests.dll" adapterTypeName="executor://xunit/VsTestRunner2/netcoreapp" className="TalentFlow.UnitTests.Services.OnboardingServiceTests" name="GetTemplatesByCompanyAsync_ShouldReturnEmpty_WhenNoTemplates" />
    </UnitTest>
    <UnitTest name="TalentFlow.UnitTests.Services.WorkflowServiceTests.RejectWorkflow_RequiresReason" storage="/users/sishanhewapathirana/documents/codex/2026-10-09/x20/work/project/backend/tests/talentflow.unittests/bin/debug/net8.0/talentflow.unittests.dll" id="dfa47ec4-9122-e4c2-7825-1353c847d200">
      <Execution id="cb466fa7-b3d8-47e6-8e0f-086572803b78" />
      <TestMethod codeBase="/Users/sishanhewapathirana/Documents/Codex/2026-10-09/x20/work/project/backend/tests/TalentFlow.UnitTests/bin/Debug/net8.0/TalentFlow.UnitTests.dll" adapterTypeName="executor://xunit/VsTestRunner2/netcoreapp" className="TalentFlow.UnitTests.Services.WorkflowServiceTests" name="RejectWorkflow_RequiresReason" />
    </UnitTest>
  </TestDefinitions>
  <TestEntries>
    <TestEntry testId="c0ac535c-0780-629e-efba-204e29e6c265" executionId="bbf3e1f3-7471-4d2f-8497-02baf504a3c3" testListId="8c84fa94-04c1-424b-9868-57a2d4851a1d" />
    <TestEntry testId="f27396b5-d9c4-a7d8-89fc-7c57fbe2eeeb" executionId="23e17799-a0f3-401a-bc05-fa31dd8d73e8" testListId="8c84fa94-04c1-424b-9868-57a2d4851a1d" />
    <TestEntry testId="281682af-f87c-efe3-1ff6-900deef313e8" executionId="818687d0-024c-45d3-8417-2e87b687a9ce" testListId="8c84fa94-04c1-424b-9868-57a2d4851a1d" />
    <TestEntry testId="e7d4bad3-31f4-4fee-00a9-97a77cd4a3dd" executionId="a3e8078f-df3c-4c40-8ba3-fb12d92f7b38" testListId="8c84fa94-04c1-424b-9868-57a2d4851a1d" />
    <TestEntry testId="4c5fc160-dff3-a8a4-57d6-f3add35e14ce" executionId="dd086b4a-9cfd-4a24-b741-bd828b2aa326" testListId="8c84fa94-04c1-424b-9868-57a2d4851a1d" />
    <TestEntry testId="91aebf05-6e86-a21e-7855-5d57b6aea9ac" executionId="149fd61b-d718-428a-baf7-97bf95db100f" testListId="8c84fa94-04c1-424b-9868-57a2d4851a1d" />
    <TestEntry testId="58739863-d6d9-e95e-ada5-efcdfbddc6e4" executionId="a987b030-e46d-4fa8-acd6-69b21aa93e04" testListId="8c84fa94-04c1-424b-9868-57a2d4851a1d" />
    <TestEntry testId="63645701-4c3e-c654-7e29-3f005f26f6ac" executionId="b69fc629-945d-4c1b-9b33-932c824b3ff2" testListId="8c84fa94-04c1-424b-9868-57a2d4851a1d" />
    <TestEntry testId="37f8cece-ff66-fe2d-6835-43b4f056e22b" executionId="9bcee941-d966-4a60-98b4-0a5a169ea68d" testListId="8c84fa94-04c1-424b-9868-57a2d4851a1d" />
    <TestEntry testId="7a786268-d5dd-2ad2-ab10-c845762e190f" executionId="334649cc-7943-41f4-8990-352037abd87f" testListId="8c84fa94-04c1-424b-9868-57a2d4851a1d" />
    <TestEntry testId="a1e417ec-61f2-ef87-a1c7-a920846e34fc" executionId="46dcd37a-daf7-4976-a230-1c08fde45db2" testListId="8c84fa94-04c1-424b-9868-57a2d4851a1d" />
    <TestEntry testId="55fec4b0-12d1-1c6a-2503-01f2079f040d" executionId="3a30034d-ebd0-47da-9c66-6207b50c699c" testListId="8c84fa94-04c1-424b-9868-57a2d4851a1d" />
    <TestEntry testId="c00fdb42-dab3-3970-9553-61cd0975dcff" executionId="29167d22-56b8-4f5f-a169-d5ea59651d9e" testListId="8c84fa94-04c1-424b-9868-57a2d4851a1d" />
    <TestEntry testId="55155d3b-a2a8-24cd-b43b-598954b6969c" executionId="1cd4238b-5a4d-4d40-a79d-8ec601a939e6" testListId="8c84fa94-04c1-424b-9868-57a2d4851a1d" />
    <TestEntry testId="064e3314-0dbe-d680-a06b-3e65a8e22a5e" executionId="2685e15e-031c-4ffe-a986-77d9fb2c4106" testListId="8c84fa94-04c1-424b-9868-57a2d4851a1d" />
    <TestEntry testId="7a11ae52-d5c2-cf10-5805-7d295184337a" executionId="7a00d78b-7145-4e25-bd88-7b2795c3ca6b" testListId="8c84fa94-04c1-424b-9868-57a2d4851a1d" />
    <TestEntry testId="dfa47ec4-9122-e4c2-7825-1353c847d200" executionId="cb466fa7-b3d8-47e6-8e0f-086572803b78" testListId="8c84fa94-04c1-424b-9868-57a2d4851a1d" />
    <TestEntry testId="6465b885-9786-4e31-2c46-dbb675d2b009" executionId="f6f1779b-21f5-45fa-a02c-c0056accef77" testListId="8c84fa94-04c1-424b-9868-57a2d4851a1d" />
    <TestEntry testId="b6296ed5-99d0-83ee-0e63-300efcd2c67e" executionId="81e88109-e766-4b3a-8a5c-ff6c397c84cd" testListId="8c84fa94-04c1-424b-9868-57a2d4851a1d" />
    <TestEntry testId="5dff0e03-e710-e41c-3ab8-b4809ac551c5" executionId="b570d29e-dff2-4191-aacf-be792b19401f" testListId="8c84fa94-04c1-424b-9868-57a2d4851a1d" />
    <TestEntry testId="7cc19ab1-002f-a7e3-094a-626c9b4367c7" executionId="78ef8fc0-53e7-4cb1-8a18-d4c711c617ac" testListId="8c84fa94-04c1-424b-9868-57a2d4851a1d" />
    <TestEntry testId="c07dd386-b70d-d98a-569d-91432f4bf0a1" executionId="7accf447-e220-4bfa-8535-0d4fa0a2e822" testListId="8c84fa94-04c1-424b-9868-57a2d4851a1d" />
    <TestEntry testId="970e542f-9dcc-9665-8cbc-aa400c47775f" executionId="060ab674-a7db-49c6-be0d-002685076acb" testListId="8c84fa94-04c1-424b-9868-57a2d4851a1d" />
    <TestEntry testId="af7ada24-16b3-6390-2b2d-58338d2f13a5" executionId="f9ecf29e-6aea-42bb-9f00-0cf36ff79b61" testListId="8c84fa94-04c1-424b-9868-57a2d4851a1d" />
    <TestEntry testId="91554008-7af8-d2ad-e578-c332ea8c24de" executionId="4960adab-a91d-4acd-8b78-682ad003906d" testListId="8c84fa94-04c1-424b-9868-57a2d4851a1d" />
    <TestEntry testId="a076efc4-1609-8e19-dd30-9bcbe48c5da1" executionId="6a1cbcf1-4afc-419d-a9ed-74da07789276" testListId="8c84fa94-04c1-424b-9868-57a2d4851a1d" />
    <TestEntry testId="3f83fac4-cb40-8e6c-cf31-7e40e6318b3e" executionId="fa468b8f-4221-4361-9706-24fece16e633" testListId="8c84fa94-04c1-424b-9868-57a2d4851a1d" />
    <TestEntry testId="41715cca-4acd-5853-4cc1-33e8b8e595f9" executionId="bd1a09fd-a8ce-48df-aaf6-87d61c86714e" testListId="8c84fa94-04c1-424b-9868-57a2d4851a1d" />
    <TestEntry testId="9c47789d-e7d2-d422-8e05-2fa9bad88d5e" executionId="15729506-0318-420c-bb9a-e36528814f44" testListId="8c84fa94-04c1-424b-9868-57a2d4851a1d" />
    <TestEntry testId="09ac2021-891e-f79e-5e29-0043e434bcd6" executionId="2cc0f8e7-2d7b-4b4e-9efc-4bf0e5dc64b5" testListId="8c84fa94-04c1-424b-9868-57a2d4851a1d" />
    <TestEntry testId="5ee73b70-48b2-1f73-61b9-2556e0478738" executionId="efd42cc2-2b72-4a4c-9409-88433812a78e" testListId="8c84fa94-04c1-424b-9868-57a2d4851a1d" />
    <TestEntry testId="5e2a2bf7-1dea-cba9-5d4a-b91a58f3ac07" executionId="0c63d787-013e-449c-b602-3d39e71c3f83" testListId="8c84fa94-04c1-424b-9868-57a2d4851a1d" />
    <TestEntry testId="7efd7c4b-ff5b-9d05-c3b5-c7cbd460eceb" executionId="60ecb8aa-757c-4271-b96b-3152368328eb" testListId="8c84fa94-04c1-424b-9868-57a2d4851a1d" />
    <TestEntry testId="bed09556-8623-0230-4b78-349f03607f87" executionId="eb76f97a-6921-4746-aaca-c7f67bdba644" testListId="8c84fa94-04c1-424b-9868-57a2d4851a1d" />
    <TestEntry testId="6c7a4b80-7c1a-1305-6ba4-29caf375f9eb" executionId="e9214028-b9fd-4b44-bba7-78a540ae0f70" testListId="8c84fa94-04c1-424b-9868-57a2d4851a1d" />
    <TestEntry testId="b928e674-1d24-7ea7-93ab-ffc6bac0eb95" executionId="4f118103-7f13-4bcf-80aa-296fbe801bfb" testListId="8c84fa94-04c1-424b-9868-57a2d4851a1d" />
    <TestEntry testId="a71e22e3-bf52-66e4-ff32-dd4c94876afd" executionId="50e7dbc4-2daa-4944-95ab-d23874cd8933" testListId="8c84fa94-04c1-424b-9868-57a2d4851a1d" />
    <TestEntry testId="5112d5ef-0304-2c76-f70c-5ef8b5b9c67a" executionId="ab8bc3e3-34ee-4fe9-89ef-f0ac0671f615" testListId="8c84fa94-04c1-424b-9868-57a2d4851a1d" />
    <TestEntry testId="499696ed-0a96-02de-2675-2456fb6ad56b" executionId="e3478612-5f1b-41e3-b25b-cded58ba9298" testListId="8c84fa94-04c1-424b-9868-57a2d4851a1d" />
    <TestEntry testId="dcdd21e7-66d6-2ce3-d2bc-890c68d64ebd" executionId="f9b45360-8b76-45d0-87fe-e6c12d681be9" testListId="8c84fa94-04c1-424b-9868-57a2d4851a1d" />
    <TestEntry testId="b260f1ed-f248-2198-f51b-fb00c1b72875" executionId="709d8728-8401-41be-94b0-788768bfe674" testListId="8c84fa94-04c1-424b-9868-57a2d4851a1d" />
    <TestEntry testId="7fe9d82e-6cf2-28de-f213-aafb08d08c02" executionId="6629e6d1-b627-4ac8-aa53-4fb1b7c4c2f1" testListId="8c84fa94-04c1-424b-9868-57a2d4851a1d" />
    <TestEntry testId="893e9ce2-1677-65da-fab6-f63e81c63079" executionId="449a718b-4469-4e27-987a-df915658cce1" testListId="8c84fa94-04c1-424b-9868-57a2d4851a1d" />
    <TestEntry testId="8830aea3-0056-0384-290b-df085dc33f31" executionId="8e08da9e-02ef-4428-8f75-1e666c99193d" testListId="8c84fa94-04c1-424b-9868-57a2d4851a1d" />
    <TestEntry testId="e17c7d32-fed4-aa17-a2ca-588ab04bdd8b" executionId="28104781-0728-49c2-be08-d279e0210037" testListId="8c84fa94-04c1-424b-9868-57a2d4851a1d" />
    <TestEntry testId="4eb44c0c-56fc-492f-9a7b-f2a89cc1ccb4" executionId="d514b6aa-a68a-4b12-ad32-e0480c1fe72e" testListId="8c84fa94-04c1-424b-9868-57a2d4851a1d" />
    <TestEntry testId="25988907-b4a9-173e-76bf-ed78c6dafa5b" executionId="cccb822b-bba9-4f5c-aa50-389d2e16e893" testListId="8c84fa94-04c1-424b-9868-57a2d4851a1d" />
    <TestEntry testId="633d3579-6d6b-7263-c114-90b78234bccf" executionId="885b6f68-8e87-461b-a998-414315b6332e" testListId="8c84fa94-04c1-424b-9868-57a2d4851a1d" />
    <TestEntry testId="3ee38c8c-fbb4-9a34-1628-5a6986be3dc3" executionId="8b910c59-12aa-4cde-9c45-79cacad41ecd" testListId="8c84fa94-04c1-424b-9868-57a2d4851a1d" />
    <TestEntry testId="938af387-3c04-6eda-435d-8eb42f57605b" executionId="b04e9a7d-0348-4b93-a594-f1acd61ff11a" testListId="8c84fa94-04c1-424b-9868-57a2d4851a1d" />
    <TestEntry testId="49c79b5f-c629-d297-be4b-19ef127edc56" executionId="fc242e87-b1f9-4d8b-86b2-fdad398fe2ba" testListId="8c84fa94-04c1-424b-9868-57a2d4851a1d" />
    <TestEntry testId="e89eb86d-b053-f3ac-5e10-eaf84886eecc" executionId="9632f6da-c435-41c9-a980-0c7305d2cb28" testListId="8c84fa94-04c1-424b-9868-57a2d4851a1d" />
    <TestEntry testId="7580900d-c662-a7e9-6b79-99d3f61d5b19" executionId="f871063a-e8f7-4380-8932-538153512864" testListId="8c84fa94-04c1-424b-9868-57a2d4851a1d" />
    <TestEntry testId="7fb2d003-f477-8135-1e66-afe25dd39d57" executionId="490eddfb-cd9f-43cb-b387-e6bc6c7a43c9" testListId="8c84fa94-04c1-424b-9868-57a2d4851a1d" />
    <TestEntry testId="c9986088-3af6-062f-35ea-0510dd6bf83f" executionId="04262860-7920-499b-b340-3ab3157ddc1c" testListId="8c84fa94-04c1-424b-9868-57a2d4851a1d" />
    <TestEntry testId="ecd103dd-597f-130b-eaca-c36cba137c51" executionId="dc9f04a9-2451-4889-a92d-28b9387ab6e7" testListId="8c84fa94-04c1-424b-9868-57a2d4851a1d" />
    <TestEntry testId="9835f000-ab5b-9e87-2d72-1ab30fe9cd21" executionId="a99f3a43-2f2d-4eed-ac90-924b274d83e2" testListId="8c84fa94-04c1-424b-9868-57a2d4851a1d" />
    <TestEntry testId="36c6ca1e-9951-8ab5-9c8f-56305a46a420" executionId="b7683194-caac-4c3c-89c5-a5c01f1ca1c7" testListId="8c84fa94-04c1-424b-9868-57a2d4851a1d" />
    <TestEntry testId="b6705619-3e5c-6d52-5dd3-cef3aaba661f" executionId="b8c3e0fe-0a69-47e4-bda9-9676d856ab7d" testListId="8c84fa94-04c1-424b-9868-57a2d4851a1d" />
  </TestEntries>
  <TestLists>
    <TestList name="Results Not in a List" id="8c84fa94-04c1-424b-9868-57a2d4851a1d" />
    <TestList name="All Loaded Results" id="19431567-8539-422a-85d7-44ee4e166bda" />
  </TestLists>
  <ResultSummary outcome="Completed">
    <Counters total="59" executed="59" passed="59" failed="0" error="0" timeout="0" aborted="0" inconclusive="0" passedButRunAborted="0" notRunnable="0" notExecuted="0" disconnected="0" warning="0" completed="0" inProgress="0" pending="0" />
    <Output>
      <StdOut>[xUnit.net 00:00:00.00] xUnit.net VSTest Adapter v2.5.3.1+6b60a9e56a (64-bit .NET 8.0.29)
[xUnit.net 00:00:00.05]   Discovering: TalentFlow.UnitTests
[xUnit.net 00:00:00.08]   Discovered:  TalentFlow.UnitTests
[xUnit.net 00:00:00.09]   Starting:    TalentFlow.UnitTests
     Warning:
     The component "Fluent Assertions" is governed by the rules defined in the Xceed License Agreement and
     the Xceed Fluent Assertions Community License. You may use Fluent Assertions free of charge for
     non-commercial use only. An active subscription is required to use Fluent Assertions for commercial use.
     Please contact Xceed Sales mailto:sales@xceed.com to acquire a subscription at a very low cost.
     A paid commercial license supports the development and continued increasing support of
     Fluent Assertions users under both commercial and community licenses. Help us
     keep Fluent Assertions at the forefront of unit testing.
     For more information, visit https://xceed.com/products/unit-testing/fluent-assertions/
[xUnit.net 00:00:00.91]   Finished:    TalentFlow.UnitTests
</StdOut>
    </Output>
    <CollectorDataEntries>
      <Collector agentName="Sishans-MacBook-Pro" uri="datacollector://microsoft/CoverletCodeCoverage/1.0" collectorDisplayName="XPlat code coverage">
        <UriAttachments>
          <UriAttachment>
            <A href="Sishans-MacBook-Pro/coverage.cobertura.xml"></A>
          </UriAttachment>
        </UriAttachments>
      </Collector>
    </CollectorDataEntries>
  </ResultSummary>
</TestRun>