<?xml version="1.0" encoding="utf-8"?>
<TestRun id="07f15a3a-bdb0-4359-9c36-009a3b293f50" name="@Sishans-MacBook-Pro 2026-10-09 12:22:48" xmlns="http://microsoft.com/schemas/VisualStudio/TeamTest/2010">
  <Times creation="2026-10-09T12:22:48.2446770+05:30" queuing="2026-10-09T12:22:48.2446770+05:30" start="2026-10-09T12:22:46.4012850+05:30" finish="2026-10-09T12:22:49.2302120+05:30" />
  <TestSettings name="default" id="2ba1a076-ce7a-4d15-b2b5-bdc3cca7f1a6">
    <Deployment runDeploymentRoot="_Sishans-MacBook-Pro_2026-10-09_12_22_48" />
  </TestSettings>
  <Results>
    <UnitTestResult executionId="43c3911e-5647-4cf0-aeba-6f8dfa634798" testId="a71e22e3-bf52-66e4-ff32-dd4c94876afd" testName="TalentFlow.UnitTests.Services.InterviewServiceTests.ScheduleInterviewAsync_ShouldRejectDurationBelow15_BoundaryTest" computerName="Sishans-MacBook-Pro" duration="00:00:00.0733674" startTime="2026-10-09T12:22:48.2130160+05:30" endTime="2026-10-09T12:22:48.2130160+05:30" testType="13cdc9d9-ddb5-4fa4-a97d-d965ccfc6d4b" outcome="Passed" testListId="8c84fa94-04c1-424b-9868-57a2d4851a1d" relativeResultsDirectory="43c3911e-5647-4cf0-aeba-6f8dfa634798" />
    <UnitTestResult executionId="1f7ddfeb-9ce7-4340-9069-e7decef6bc11" testId="c00fdb42-dab3-3970-9553-61cd0975dcff" testName="TalentFlow.UnitTests.Services.ApplicationServiceTests.CreateApplicationAsync_ShouldFail_WhenDuplicateApplication" computerName="Sishans-MacBook-Pro" duration="00:00:00.0026077" startTime="2026-10-09T12:22:48.2277670+05:30" endTime="2026-10-09T12:22:48.2277670+05:30" testType="13cdc9d9-ddb5-4fa4-a97d-d965ccfc6d4b" outcome="Passed" testListId="8c84fa94-04c1-424b-9868-57a2d4851a1d" relativeResultsDirectory="1f7ddfeb-9ce7-4340-9069-e7decef6bc11" />
    <UnitTestResult executionId="329a0fc9-dabf-4c7a-8c43-80657ba23ba4" testId="7fb2d003-f477-8135-1e66-afe25dd39d57" testName="TalentFlow.UnitTests.Services.SchedulingServiceTests.HasCandidateConflict_NoExistingInterviews_ReturnsFalse" computerName="Sishans-MacBook-Pro" duration="00:00:00.0007101" startTime="2026-10-09T12:22:48.7064760+05:30" endTime="2026-10-09T12:22:48.7064760+05:30" testType="13cdc9d9-ddb5-4fa4-a97d-d965ccfc6d4b" outcome="Passed" testListId="8c84fa94-04c1-424b-9868-57a2d4851a1d" relativeResultsDirectory="329a0fc9-dabf-4c7a-8c43-80657ba23ba4" />
    <UnitTestResult executionId="bc1295a2-4654-41c6-8c83-b943b2834965" testId="5dff0e03-e710-e41c-3ab8-b4809ac551c5" testName="TalentFlow.UnitTests.Services.ApplicationServiceTests.CreateApplicationAsync_ShouldFail_WhenJobIsClosed" computerName="Sishans-MacBook-Pro" duration="00:00:00.0007741" startTime="2026-10-09T12:22:48.2290980+05:30" endTime="2026-10-09T12:22:48.2290980+05:30" testType="13cdc9d9-ddb5-4fa4-a97d-d965ccfc6d4b" outcome="Passed" testListId="8c84fa94-04c1-424b-9868-57a2d4851a1d" relativeResultsDirectory="bc1295a2-4654-41c6-8c83-b943b2834965" />
    <UnitTestResult executionId="e4726e38-509c-47df-b913-3b12bd682acc" testId="bed09556-8623-0230-4b78-349f03607f87" testName="TalentFlow.UnitTests.Services.ApplicationServiceTests.CreateApplicationAsync_ShouldReturnBadRequest_WhenJobIsNotPublished" computerName="Sishans-MacBook-Pro" duration="00:00:00.0008078" startTime="2026-10-09T12:22:48.2286560+05:30" endTime="2026-10-09T12:22:48.2286560+05:30" testType="13cdc9d9-ddb5-4fa4-a97d-d965ccfc6d4b" outcome="Passed" testListId="8c84fa94-04c1-424b-9868-57a2d4851a1d" relativeResultsDirectory="e4726e38-509c-47df-b913-3b12bd682acc" />
    <UnitTestResult executionId="ad7d2ca7-6583-4879-b6dc-6bdebcd8cc04" testId="09ac2021-891e-f79e-5e29-0043e434bcd6" testName="TalentFlow.UnitTests.Services.OfferServiceTests.CreateOfferAsync_ShouldFail_WhenSalaryIsZero" computerName="Sishans-MacBook-Pro" duration="00:00:00.0013320" startTime="2026-10-09T12:22:48.2271930+05:30" endTime="2026-10-09T12:22:48.2271930+05:30" testType="13cdc9d9-ddb5-4fa4-a97d-d965ccfc6d4b" outcome="Passed" testListId="8c84fa94-04c1-424b-9868-57a2d4851a1d" relativeResultsDirectory="ad7d2ca7-6583-4879-b6dc-6bdebcd8cc04" />
    <UnitTestResult executionId="c1871a3b-14b8-416e-9bf5-783987bfad62" testId="6c7a4b80-7c1a-1305-6ba4-29caf375f9eb" testName="TalentFlow.UnitTests.Services.InterviewServiceTests.ScheduleInterviewAsync_ShouldReturnNotFound_WhenApplicationDoesNotExist" computerName="Sishans-MacBook-Pro" duration="00:00:00.0009968" startTime="2026-10-09T12:22:48.2273500+05:30" endTime="2026-10-09T12:22:48.2273500+05:30" testType="13cdc9d9-ddb5-4fa4-a97d-d965ccfc6d4b" outcome="Passed" testListId="8c84fa94-04c1-424b-9868-57a2d4851a1d" relativeResultsDirectory="c1871a3b-14b8-416e-9bf5-783987bfad62" />
    <UnitTestResult executionId="cd2b9f5f-5bf9-4313-acd3-85d1a3707666" testId="8830aea3-0056-0384-290b-df085dc33f31" testName="TalentFlow.UnitTests.Services.CandidateScoringServiceTests.ScoreBreakdown_MaximumPossible_Is100" computerName="Sishans-MacBook-Pro" duration="00:00:00.0043873" startTime="2026-10-09T12:22:48.1596700+05:30" endTime="2026-10-09T12:22:48.1596820+05:30" testType="13cdc9d9-ddb5-4fa4-a97d-d965ccfc6d4b" outcome="Passed" testListId="8c84fa94-04c1-424b-9868-57a2d4851a1d" relativeResultsDirectory="cd2b9f5f-5bf9-4313-acd3-85d1a3707666" />
    <UnitTestResult executionId="2aa83da6-ef97-4600-a486-409f66793410" testId="ecd103dd-597f-130b-eaca-c36cba137c51" testName="TalentFlow.UnitTests.Services.ApplicationHistoryPersistenceTests.UpdateAsync_InsertsNewHistoryAndPersistsWithdrawal" computerName="Sishans-MacBook-Pro" duration="00:00:00.5727624" startTime="2026-10-09T12:22:48.7151000+05:30" endTime="2026-10-09T12:22:48.7151000+05:30" testType="13cdc9d9-ddb5-4fa4-a97d-d965ccfc6d4b" outcome="Passed" testListId="8c84fa94-04c1-424b-9868-57a2d4851a1d" relativeResultsDirectory="2aa83da6-ef97-4600-a486-409f66793410" />
    <UnitTestResult executionId="efd88183-bfb2-4177-b7be-a686ab8b7580" testId="499696ed-0a96-02de-2675-2456fb6ad56b" testName="TalentFlow.UnitTests.Services.OnboardingServiceTests.CreateTemplateAsync_ShouldPersistCompanyId" computerName="Sishans-MacBook-Pro" duration="00:00:00.0404176" startTime="2026-10-09T12:22:48.7216800+05:30" endTime="2026-10-09T12:22:48.7216800+05:30" testType="13cdc9d9-ddb5-4fa4-a97d-d965ccfc6d4b" outcome="Passed" testListId="8c84fa94-04c1-424b-9868-57a2d4851a1d" relativeResultsDirectory="efd88183-bfb2-4177-b7be-a686ab8b7580" />
    <UnitTestResult executionId="f62e0622-e1d0-4a96-a736-c64621894ac3" testId="3ee38c8c-fbb4-9a34-1628-5a6986be3dc3" testName="TalentFlow.UnitTests.Services.CompanyServiceTests.GetCompanyByIdAsync_ShouldReturnCompany_WhenExists" computerName="Sishans-MacBook-Pro" duration="00:00:00.0012562" startTime="2026-10-09T12:22:48.2291920+05:30" endTime="2026-10-09T12:22:48.2291920+05:30" testType="13cdc9d9-ddb5-4fa4-a97d-d965ccfc6d4b" outcome="Passed" testListId="8c84fa94-04c1-424b-9868-57a2d4851a1d" relativeResultsDirectory="f62e0622-e1d0-4a96-a736-c64621894ac3" />
    <UnitTestResult executionId="156d56bd-ec46-430f-b7e5-a20a875f22b6" testId="a1e417ec-61f2-ef87-a1c7-a920846e34fc" testName="TalentFlow.UnitTests.Services.WorkflowServiceTests.RejectWorkflow_RecordsHumanDecisionAndRejectsApplication" computerName="Sishans-MacBook-Pro" duration="00:00:00.0670494" startTime="2026-10-09T12:22:48.7555200+05:30" endTime="2026-10-09T12:22:48.7555200+05:30" testType="13cdc9d9-ddb5-4fa4-a97d-d965ccfc6d4b" outcome="Passed" testListId="8c84fa94-04c1-424b-9868-57a2d4851a1d" relativeResultsDirectory="156d56bd-ec46-430f-b7e5-a20a875f22b6" />
    <UnitTestResult executionId="b7e5482b-cf0c-4770-a392-d18dedd3bcc1" testId="25988907-b4a9-173e-76bf-ed78c6dafa5b" testName="TalentFlow.UnitTests.Services.InterviewServiceTests.ScheduleInterviewAsync_ShouldFail_WhenActiveInterviewAlreadyExists" computerName="Sishans-MacBook-Pro" duration="00:00:00.0019339" startTime="2026-10-09T12:22:48.2270310+05:30" endTime="2026-10-09T12:22:48.2270310+05:30" testType="13cdc9d9-ddb5-4fa4-a97d-d965ccfc6d4b" outcome="Passed" testListId="8c84fa94-04c1-424b-9868-57a2d4851a1d" relativeResultsDirectory="b7e5482b-cf0c-4770-a392-d18dedd3bcc1" />
    <UnitTestResult executionId="f9c2f69f-9ee1-4eaf-9310-cb6565797208" testId="5112d5ef-0304-2c76-f70c-5ef8b5b9c67a" testName="TalentFlow.UnitTests.Services.OfferServiceTests.CreateOfferAsync_ShouldFail_WhenSalaryIsNegative" computerName="Sishans-MacBook-Pro" duration="00:00:00.0010259" startTime="2026-10-09T12:22:48.2281530+05:30" endTime="2026-10-09T12:22:48.2281530+05:30" testType="13cdc9d9-ddb5-4fa4-a97d-d965ccfc6d4b" outcome="Passed" testListId="8c84fa94-04c1-424b-9868-57a2d4851a1d" relativeResultsDirectory="f9c2f69f-9ee1-4eaf-9310-cb6565797208" />
    <UnitTestResult executionId="52618cc4-663c-42e5-822f-207d8cf5160b" testId="970e542f-9dcc-9665-8cbc-aa400c47775f" testName="TalentFlow.UnitTests.Services.InterviewServiceTests.ScheduleInterviewAsync_ShouldFail_WhenDurationTooLong" computerName="Sishans-MacBook-Pro" duration="00:00:00.0013741" startTime="2026-10-09T12:22:48.2235390+05:30" endTime="2026-10-09T12:22:48.2235390+05:30" testType="13cdc9d9-ddb5-4fa4-a97d-d965ccfc6d4b" outcome="Passed" testListId="8c84fa94-04c1-424b-9868-57a2d4851a1d" relativeResultsDirectory="52618cc4-663c-42e5-822f-207d8cf5160b" />
    <UnitTestResult executionId="3513a3fb-b671-41ed-b699-107def9f4898" testId="f27396b5-d9c4-a7d8-89fc-7c57fbe2eeeb" testName="TalentFlow.UnitTests.Services.InterviewServiceTests.ScheduleInterviewAsync_ShouldFail_WhenDurationTooShort" computerName="Sishans-MacBook-Pro" duration="00:00:00.0007452" startTime="2026-10-09T12:22:48.2260530+05:30" endTime="2026-10-09T12:22:48.2260530+05:30" testType="13cdc9d9-ddb5-4fa4-a97d-d965ccfc6d4b" outcome="Passed" testListId="8c84fa94-04c1-424b-9868-57a2d4851a1d" relativeResultsDirectory="3513a3fb-b671-41ed-b699-107def9f4898" />
    <UnitTestResult executionId="376107f9-4c91-4517-814d-96325947cf93" testId="7efd7c4b-ff5b-9d05-c3b5-c7cbd460eceb" testName="TalentFlow.UnitTests.Services.OfferServiceTests.GetOfferByIdAsync_ShouldReturnOffer_WhenExists" computerName="Sishans-MacBook-Pro" duration="00:00:00.0745442" startTime="2026-10-09T12:22:48.2223170+05:30" endTime="2026-10-09T12:22:48.2223170+05:30" testType="13cdc9d9-ddb5-4fa4-a97d-d965ccfc6d4b" outcome="Passed" testListId="8c84fa94-04c1-424b-9868-57a2d4851a1d" relativeResultsDirectory="376107f9-4c91-4517-814d-96325947cf93" />
    <UnitTestResult executionId="52e02d5b-25b7-4f08-af28-16ae36f07011" testId="7fe9d82e-6cf2-28de-f213-aafb08d08c02" testName="TalentFlow.UnitTests.Services.WorkflowServiceTests.RejectWorkflow_WrongStatus_ReturnsFail" computerName="Sishans-MacBook-Pro" duration="00:00:00.0009119" startTime="2026-10-09T12:22:48.7589350+05:30" endTime="2026-10-09T12:22:48.7589350+05:30" testType="13cdc9d9-ddb5-4fa4-a97d-d965ccfc6d4b" outcome="Passed" testListId="8c84fa94-04c1-424b-9868-57a2d4851a1d" relativeResultsDirectory="52e02d5b-25b7-4f08-af28-16ae36f07011" />
    <UnitTestResult executionId="5837f4fd-b197-40c3-87e9-3a40b91f0dd6" testId="c07dd386-b70d-d98a-569d-91432f4bf0a1" testName="TalentFlow.UnitTests.Services.OnboardingServiceTests.CompleteOnboardingTaskAsync_ShouldMarkTaskAsCompleted" computerName="Sishans-MacBook-Pro" duration="00:00:00.0193366" startTime="2026-10-09T12:22:48.7762010+05:30" endTime="2026-10-09T12:22:48.7762010+05:30" testType="13cdc9d9-ddb5-4fa4-a97d-d965ccfc6d4b" outcome="Passed" testListId="8c84fa94-04c1-424b-9868-57a2d4851a1d" relativeResultsDirectory="5837f4fd-b197-40c3-87e9-3a40b91f0dd6" />
    <UnitTestResult executionId="f72868ad-f53e-4213-9fbc-1e60592a933f" testId="893e9ce2-1677-65da-fab6-f63e81c63079" testName="TalentFlow.UnitTests.Services.EmployeeServiceTests.GetEmployeeByIdAsync_ShouldReturnNotFound_WhenEmployeeDoesNotExist" computerName="Sishans-MacBook-Pro" duration="00:00:00.0745638" startTime="2026-10-09T12:22:48.2226590+05:30" endTime="2026-10-09T12:22:48.2226590+05:30" testType="13cdc9d9-ddb5-4fa4-a97d-d965ccfc6d4b" outcome="Passed" testListId="8c84fa94-04c1-424b-9868-57a2d4851a1d" relativeResultsDirectory="f72868ad-f53e-4213-9fbc-1e60592a933f" />
    <UnitTestResult executionId="58d7dcb1-dab6-4f9e-a0f8-4dbf8fcc58d5" testId="b260f1ed-f248-2198-f51b-fb00c1b72875" testName="TalentFlow.UnitTests.Services.CompanyServiceTests.CreateCompanyAsync_ShouldHandleMinimalRequest" computerName="Sishans-MacBook-Pro" duration="00:00:00.0008334" startTime="2026-10-09T12:22:48.2295180+05:30" endTime="2026-10-09T12:22:48.2295180+05:30" testType="13cdc9d9-ddb5-4fa4-a97d-d965ccfc6d4b" outcome="Passed" testListId="8c84fa94-04c1-424b-9868-57a2d4851a1d" relativeResultsDirectory="58d7dcb1-dab6-4f9e-a0f8-4dbf8fcc58d5" />
    <UnitTestResult executionId="bb94697e-0d0e-4f9b-a2e5-e0fe9b499c0e" testId="91aebf05-6e86-a21e-7855-5d57b6aea9ac" testName="TalentFlow.UnitTests.Services.CompanyServiceTests.UpdateCompanyAsync_ShouldReturnNotFound_WhenDoesNotExist" computerName="Sishans-MacBook-Pro" duration="00:00:00.0005162" startTime="2026-10-09T12:22:48.2288140+05:30" endTime="2026-10-09T12:22:48.2288140+05:30" testType="13cdc9d9-ddb5-4fa4-a97d-d965ccfc6d4b" outcome="Passed" testListId="8c84fa94-04c1-424b-9868-57a2d4851a1d" relativeResultsDirectory="bb94697e-0d0e-4f9b-a2e5-e0fe9b499c0e" />
    <UnitTestResult executionId="80e966cc-7533-4484-8d7a-dc8f063d26e3" testId="281682af-f87c-efe3-1ff6-900deef313e8" testName="TalentFlow.UnitTests.Services.InterviewServiceTests.ScheduleInterviewAsync_ShouldFail_WhenScheduledInPast" computerName="Sishans-MacBook-Pro" duration="00:00:00.0007686" startTime="2026-10-09T12:22:48.2256630+05:30" endTime="2026-10-09T12:22:48.2256630+05:30" testType="13cdc9d9-ddb5-4fa4-a97d-d965ccfc6d4b" outcome="Passed" testListId="8c84fa94-04c1-424b-9868-57a2d4851a1d" relativeResultsDirectory="80e966cc-7533-4484-8d7a-dc8f063d26e3" />
    <UnitTestResult executionId="289ecd46-311b-45f1-88a9-d34a0507eed8" testId="b6705619-3e5c-6d52-5dd3-cef3aaba661f" testName="TalentFlow.UnitTests.Services.OnboardingServiceTests.GetTemplatesByCompanyAsync_ShouldReturnEmpty_WhenNoTemplates" computerName="Sishans-MacBook-Pro" duration="00:00:00.4653732" startTime="2026-10-09T12:22:48.6812200+05:30" endTime="2026-10-09T12:22:48.6812200+05:30" testType="13cdc9d9-ddb5-4fa4-a97d-d965ccfc6d4b" outcome="Passed" testListId="8c84fa94-04c1-424b-9868-57a2d4851a1d" relativeResultsDirectory="289ecd46-311b-45f1-88a9-d34a0507eed8" />
    <UnitTestResult executionId="a72ce02f-d50e-4d9c-9031-d256e0f17f60" testId="a076efc4-1609-8e19-dd30-9bcbe48c5da1" testName="TalentFlow.UnitTests.Services.SchedulingServiceTests.GetAvailableSlots_UsesConfiguredBusinessTimeZoneWithoutPanel" computerName="Sishans-MacBook-Pro" duration="00:00:00.0067879" startTime="2026-10-09T12:22:48.7057480+05:30" endTime="2026-10-09T12:22:48.7057480+05:30" testType="13cdc9d9-ddb5-4fa4-a97d-d965ccfc6d4b" outcome="Passed" testListId="8c84fa94-04c1-424b-9868-57a2d4851a1d" relativeResultsDirectory="a72ce02f-d50e-4d9c-9031-d256e0f17f60" />
    <UnitTestResult executionId="7b4cef20-a795-4ff3-8394-ac74e0d7c39b" testId="6465b885-9786-4e31-2c46-dbb675d2b009" testName="TalentFlow.UnitTests.Services.CandidateScoringServiceTests.CalculateScore_NonExistentApplication_ReturnsNotFound" computerName="Sishans-MacBook-Pro" duration="00:00:00.5616023" startTime="2026-10-09T12:22:48.7100450+05:30" endTime="2026-10-09T12:22:48.7100460+05:30" testType="13cdc9d9-ddb5-4fa4-a97d-d965ccfc6d4b" outcome="Passed" testListId="8c84fa94-04c1-424b-9868-57a2d4851a1d" relativeResultsDirectory="7b4cef20-a795-4ff3-8394-ac74e0d7c39b" />
    <UnitTestResult executionId="2dc2afce-d289-4e81-814f-c32e4689f5f8" testId="7580900d-c662-a7e9-6b79-99d3f61d5b19" testName="TalentFlow.UnitTests.Services.CompanyServiceTests.GetCompanyByIdAsync_ShouldReturnNotFound_WhenDoesNotExist" computerName="Sishans-MacBook-Pro" duration="00:00:00.0009485" startTime="2026-10-09T12:22:48.2284890+05:30" endTime="2026-10-09T12:22:48.2284890+05:30" testType="13cdc9d9-ddb5-4fa4-a97d-d965ccfc6d4b" outcome="Passed" testListId="8c84fa94-04c1-424b-9868-57a2d4851a1d" relativeResultsDirectory="2dc2afce-d289-4e81-814f-c32e4689f5f8" />
    <UnitTestResult executionId="ffa4a512-a493-4022-a5a9-743b0be54e93" testId="55155d3b-a2a8-24cd-b43b-598954b6969c" testName="TalentFlow.UnitTests.Services.GoogleCalendarServiceTests.FreeBusySlotsAreConvertedToUtcBeforeConflictChecking" computerName="Sishans-MacBook-Pro" duration="00:00:00.0300939" startTime="2026-10-09T12:22:48.1724890+05:30" endTime="2026-10-09T12:22:48.1724890+05:30" testType="13cdc9d9-ddb5-4fa4-a97d-d965ccfc6d4b" outcome="Passed" testListId="8c84fa94-04c1-424b-9868-57a2d4851a1d" relativeResultsDirectory="ffa4a512-a493-4022-a5a9-743b0be54e93" />
    <UnitTestResult executionId="c24a352c-08b7-4151-abb4-dce0c0deb3fa" testId="c9986088-3af6-062f-35ea-0510dd6bf83f" testName="TalentFlow.UnitTests.Services.CompanyServiceTests.GetCompaniesAsync_ShouldReturnPagedResult" computerName="Sishans-MacBook-Pro" duration="00:00:00.0030990" startTime="2026-10-09T12:22:48.2276810+05:30" endTime="2026-10-09T12:22:48.2276810+05:30" testType="13cdc9d9-ddb5-4fa4-a97d-d965ccfc6d4b" outcome="Passed" testListId="8c84fa94-04c1-424b-9868-57a2d4851a1d" relativeResultsDirectory="c24a352c-08b7-4151-abb4-dce0c0deb3fa" />
    <UnitTestResult executionId="26c123cc-69fa-4579-a8bf-55e2c245eb12" testId="37f8cece-ff66-fe2d-6835-43b4f056e22b" testName="TalentFlow.UnitTests.Services.WorkflowServiceTests.GetWorkflow_NonExistent_ReturnsNotFound" computerName="Sishans-MacBook-Pro" duration="00:00:00.5460500" startTime="2026-10-09T12:22:48.6883870+05:30" endTime="2026-10-09T12:22:48.6883870+05:30" testType="13cdc9d9-ddb5-4fa4-a97d-d965ccfc6d4b" outcome="Passed" testListId="8c84fa94-04c1-424b-9868-57a2d4851a1d" relativeResultsDirectory="26c123cc-69fa-4579-a8bf-55e2c245eb12" />
    <UnitTestResult executionId="30db99ee-5a92-4a7f-b77f-ad5e450c1073" testId="b6296ed5-99d0-83ee-0e63-300efcd2c67e" testName="TalentFlow.UnitTests.Services.ApplicationServiceTests.WithdrawApplicationAsync_ShouldReturnNotFound_WhenApplicationDoesNotExist" computerName="Sishans-MacBook-Pro" duration="00:00:00.0744882" startTime="2026-10-09T12:22:48.2141640+05:30" endTime="2026-10-09T12:22:48.2141640+05:30" testType="13cdc9d9-ddb5-4fa4-a97d-d965ccfc6d4b" outcome="Passed" testListId="8c84fa94-04c1-424b-9868-57a2d4851a1d" relativeResultsDirectory="30db99ee-5a92-4a7f-b77f-ad5e450c1073" />
    <UnitTestResult executionId="06f51eca-241c-4c79-b362-a41601145818" testId="58739863-d6d9-e95e-ada5-efcdfbddc6e4" testName="TalentFlow.UnitTests.Services.OfferServiceTests.GetOfferByIdAsync_ShouldReturnNotFound_WhenOfferDoesNotExist" computerName="Sishans-MacBook-Pro" duration="00:00:00.0011105" startTime="2026-10-09T12:22:48.2239080+05:30" endTime="2026-10-09T12:22:48.2239080+05:30" testType="13cdc9d9-ddb5-4fa4-a97d-d965ccfc6d4b" outcome="Passed" testListId="8c84fa94-04c1-424b-9868-57a2d4851a1d" relativeResultsDirectory="06f51eca-241c-4c79-b362-a41601145818" />
    <UnitTestResult executionId="f9e098aa-5929-4e28-a08e-e06bbe26491c" testId="41715cca-4acd-5853-4cc1-33e8b8e595f9" testName="TalentFlow.UnitTests.Services.OfferServiceTests.CreateOfferAsync_ShouldReturnNotFound_WhenApplicationDoesNotExist" computerName="Sishans-MacBook-Pro" duration="00:00:00.0028896" startTime="2026-10-09T12:22:48.2263880+05:30" endTime="2026-10-09T12:22:48.2263880+05:30" testType="13cdc9d9-ddb5-4fa4-a97d-d965ccfc6d4b" outcome="Passed" testListId="8c84fa94-04c1-424b-9868-57a2d4851a1d" relativeResultsDirectory="f9e098aa-5929-4e28-a08e-e06bbe26491c" />
    <UnitTestResult executionId="def50d57-73b5-46c1-946b-10d65a6146d8" testId="7a11ae52-d5c2-cf10-5805-7d295184337a" testName="TalentFlow.UnitTests.Services.WorkflowServiceTests.ApproveWorkflow_WrongStatus_ReturnsFail" computerName="Sishans-MacBook-Pro" duration="00:00:00.0030630" startTime="2026-10-09T12:22:48.7620380+05:30" endTime="2026-10-09T12:22:48.7620380+05:30" testType="13cdc9d9-ddb5-4fa4-a97d-d965ccfc6d4b" outcome="Passed" testListId="8c84fa94-04c1-424b-9868-57a2d4851a1d" relativeResultsDirectory="def50d57-73b5-46c1-946b-10d65a6146d8" />
    <UnitTestResult executionId="dce7acf4-ae17-4d71-a885-3cdaff86d7d0" testId="b928e674-1d24-7ea7-93ab-ffc6bac0eb95" testName="TalentFlow.UnitTests.Services.OnboardingServiceTests.AssignOnboardingAsync_ShouldReturnNotFound_WhenEmployeeDoesNotExist" computerName="Sishans-MacBook-Pro" duration="00:00:00.0010127" startTime="2026-10-09T12:22:48.7784110+05:30" endTime="2026-10-09T12:22:48.7784110+05:30" testType="13cdc9d9-ddb5-4fa4-a97d-d965ccfc6d4b" outcome="Passed" testListId="8c84fa94-04c1-424b-9868-57a2d4851a1d" relativeResultsDirectory="dce7acf4-ae17-4d71-a885-3cdaff86d7d0" />
    <UnitTestResult executionId="9b461b75-4625-466e-af89-478c8c33c764" testId="c0ac535c-0780-629e-efba-204e29e6c265" testName="TalentFlow.UnitTests.Services.SchedulingServiceTests.GetAvailableSlots_EmptySchedule_ReturnsSlots" computerName="Sishans-MacBook-Pro" duration="00:00:00.5501325" startTime="2026-10-09T12:22:48.6924000+05:30" endTime="2026-10-09T12:22:48.6924000+05:30" testType="13cdc9d9-ddb5-4fa4-a97d-d965ccfc6d4b" outcome="Passed" testListId="8c84fa94-04c1-424b-9868-57a2d4851a1d" relativeResultsDirectory="9b461b75-4625-466e-af89-478c8c33c764" />
    <UnitTestResult executionId="83829dee-4b60-4a6d-954c-611ee0a2e23e" testId="5ee73b70-48b2-1f73-61b9-2556e0478738" testName="TalentFlow.UnitTests.Services.JobServiceTests.CreateJobAsync_ShouldReturnSuccess_WhenValidRequest" computerName="Sishans-MacBook-Pro" duration="00:00:00.0072457" startTime="2026-10-09T12:22:48.2276000+05:30" endTime="2026-10-09T12:22:48.2276000+05:30" testType="13cdc9d9-ddb5-4fa4-a97d-d965ccfc6d4b" outcome="Passed" testListId="8c84fa94-04c1-424b-9868-57a2d4851a1d" relativeResultsDirectory="83829dee-4b60-4a6d-954c-611ee0a2e23e" />
    <UnitTestResult executionId="dd8d5b55-8611-4659-a52d-17293567d2fb" testId="63645701-4c3e-c654-7e29-3f005f26f6ac" testName="TalentFlow.UnitTests.Services.OnboardingServiceTests.AssignOnboardingAsync_ShouldReturnNotFound_WhenTemplateDoesNotExist" computerName="Sishans-MacBook-Pro" duration="00:00:00.0073695" startTime="2026-10-09T12:22:48.7291240+05:30" endTime="2026-10-09T12:22:48.7291240+05:30" testType="13cdc9d9-ddb5-4fa4-a97d-d965ccfc6d4b" outcome="Passed" testListId="8c84fa94-04c1-424b-9868-57a2d4851a1d" relativeResultsDirectory="dd8d5b55-8611-4659-a52d-17293567d2fb" />
    <UnitTestResult executionId="4d21d32a-07d1-44cb-9df3-8661f27a0285" testId="dcdd21e7-66d6-2ce3-d2bc-890c68d64ebd" testName="TalentFlow.UnitTests.Services.OnboardingServiceTests.AssignOnboardingAsync_ShouldReturnForbidden_WhenCompanyMismatch" computerName="Sishans-MacBook-Pro" duration="00:00:00.0276379" startTime="2026-10-09T12:22:48.7568090+05:30" endTime="2026-10-09T12:22:48.7568090+05:30" testType="13cdc9d9-ddb5-4fa4-a97d-d965ccfc6d4b" outcome="Passed" testListId="8c84fa94-04c1-424b-9868-57a2d4851a1d" relativeResultsDirectory="4d21d32a-07d1-44cb-9df3-8661f27a0285" />
    <UnitTestResult executionId="91e8cb52-f54e-4081-ae8c-8a195029f850" testId="af7ada24-16b3-6390-2b2d-58338d2f13a5" testName="TalentFlow.UnitTests.Services.InterviewServiceTests.ScheduleInterviewAsync_ShouldFail_WhenApplicationNotShortlisted" computerName="Sishans-MacBook-Pro" duration="00:00:00.0010854" startTime="2026-10-09T12:22:48.2241440+05:30" endTime="2026-10-09T12:22:48.2241440+05:30" testType="13cdc9d9-ddb5-4fa4-a97d-d965ccfc6d4b" outcome="Passed" testListId="8c84fa94-04c1-424b-9868-57a2d4851a1d" relativeResultsDirectory="91e8cb52-f54e-4081-ae8c-8a195029f850" />
    <UnitTestResult executionId="07a22e8f-af7d-485d-9552-5ef6bca1b2c6" testId="7a786268-d5dd-2ad2-ab10-c845762e190f" testName="TalentFlow.UnitTests.Services.CompanyServiceTests.CreateCompanyAsync_ShouldSetIsActiveTrue" computerName="Sishans-MacBook-Pro" duration="00:00:00.0016071" startTime="2026-10-09T12:22:48.2293550+05:30" endTime="2026-10-09T12:22:48.2293550+05:30" testType="13cdc9d9-ddb5-4fa4-a97d-d965ccfc6d4b" outcome="Passed" testListId="8c84fa94-04c1-424b-9868-57a2d4851a1d" relativeResultsDirectory="07a22e8f-af7d-485d-9552-5ef6bca1b2c6" />
    <UnitTestResult executionId="1d77784c-142e-4d6f-85ec-a5b1183b863e" testId="36c6ca1e-9951-8ab5-9c8f-56305a46a420" testName="TalentFlow.UnitTests.Services.ApplicationServiceTests.CreateApplicationAsync_ShouldFail_WhenDeadlineHasPassed" computerName="Sishans-MacBook-Pro" duration="00:00:00.0038265" startTime="2026-10-09T12:22:48.2262250+05:30" endTime="2026-10-09T12:22:48.2262250+05:30" testType="13cdc9d9-ddb5-4fa4-a97d-d965ccfc6d4b" outcome="Passed" testListId="8c84fa94-04c1-424b-9868-57a2d4851a1d" relativeResultsDirectory="1d77784c-142e-4d6f-85ec-a5b1183b863e" />
    <UnitTestResult executionId="47582c0b-c647-4795-91fb-f3dfacf96997" testId="064e3314-0dbe-d680-a06b-3e65a8e22a5e" testName="TalentFlow.UnitTests.Services.SchedulingServiceTests.HasInterviewerConflict_NoExistingInterviews_ReturnsFalse" computerName="Sishans-MacBook-Pro" duration="00:00:00.0064261" startTime="2026-10-09T12:22:48.6988960+05:30" endTime="2026-10-09T12:22:48.6988960+05:30" testType="13cdc9d9-ddb5-4fa4-a97d-d965ccfc6d4b" outcome="Passed" testListId="8c84fa94-04c1-424b-9868-57a2d4851a1d" relativeResultsDirectory="47582c0b-c647-4795-91fb-f3dfacf96997" />
    <UnitTestResult executionId="513ef2a5-9ae4-48a8-b303-4ef31d3cb024" testId="dfa47ec4-9122-e4c2-7825-1353c847d200" testName="TalentFlow.UnitTests.Services.WorkflowServiceTests.RejectWorkflow_RequiresReason" computerName="Sishans-MacBook-Pro" duration="00:00:00.0024392" startTime="2026-10-09T12:22:48.7579890+05:30" endTime="2026-10-09T12:22:48.7579890+05:30" testType="13cdc9d9-ddb5-4fa4-a97d-d965ccfc6d4b" outcome="Passed" testListId="8c84fa94-04c1-424b-9868-57a2d4851a1d" relativeResultsDirectory="513ef2a5-9ae4-48a8-b303-4ef31d3cb024" />
    <UnitTestResult executionId="539379a4-9b47-42b7-a722-63eb069de9b1" testId="4c5fc160-dff3-a8a4-57d6-f3add35e14ce" testName="TalentFlow.UnitTests.Services.CompanyServiceTests.UpdateCompanyAsync_ShouldReturnSuccess_WhenCompanyExists" computerName="Sishans-MacBook-Pro" duration="00:00:00.0769809" startTime="2026-10-09T12:22:48.2258690+05:30" endTime="2026-10-09T12:22:48.2258690+05:30" testType="13cdc9d9-ddb5-4fa4-a97d-d965ccfc6d4b" outcome="Passed" testListId="8c84fa94-04c1-424b-9868-57a2d4851a1d" relativeResultsDirectory="539379a4-9b47-42b7-a722-63eb069de9b1" />
    <UnitTestResult executionId="4d3ba700-8926-4ec8-a896-1b52709f0710" testId="938af387-3c04-6eda-435d-8eb42f57605b" testName="TalentFlow.UnitTests.Services.CompanyServiceTests.CreateCompanyAsync_ShouldReturnSuccess_WhenValidRequest" computerName="Sishans-MacBook-Pro" duration="00:00:00.0016865" startTime="2026-10-09T12:22:48.2264680+05:30" endTime="2026-10-09T12:22:48.2264680+05:30" testType="13cdc9d9-ddb5-4fa4-a97d-d965ccfc6d4b" outcome="Passed" testListId="8c84fa94-04c1-424b-9868-57a2d4851a1d" relativeResultsDirectory="4d3ba700-8926-4ec8-a896-1b52709f0710" />
    <UnitTestResult executionId="0c41a7fe-fe61-4df5-bc21-7aa25c54e2cf" testId="91554008-7af8-d2ad-e578-c332ea8c24de" testName="TalentFlow.UnitTests.Services.GoogleCalendarServiceTests.OrganizerOAuthUpdatesCalendarOnlyWhenGoogleConfirmsSuccess" computerName="Sishans-MacBook-Pro" duration="00:00:00.0046473" startTime="2026-10-09T12:22:48.2686250+05:30" endTime="2026-10-09T12:22:48.2686250+05:30" testType="13cdc9d9-ddb5-4fa4-a97d-d965ccfc6d4b" outcome="Passed" testListId="8c84fa94-04c1-424b-9868-57a2d4851a1d" relativeResultsDirectory="0c41a7fe-fe61-4df5-bc21-7aa25c54e2cf" />
    <UnitTestResult executionId="c1e83a87-f820-4f62-93bb-6c628f0a0abf" testId="7cc19ab1-002f-a7e3-094a-626c9b4367c7" testName="TalentFlow.UnitTests.Services.OnboardingServiceTests.CreateTemplateAsync_ShouldReturnSuccess_WithValidData" computerName="Sishans-MacBook-Pro" duration="00:00:00.0010672" startTime="2026-10-09T12:22:48.7773220+05:30" endTime="2026-10-09T12:22:48.7773220+05:30" testType="13cdc9d9-ddb5-4fa4-a97d-d965ccfc6d4b" outcome="Passed" testListId="8c84fa94-04c1-424b-9868-57a2d4851a1d" relativeResultsDirectory="c1e83a87-f820-4f62-93bb-6c628f0a0abf" />
    <UnitTestResult executionId="0a01b6e7-6434-43f5-8207-048ede467a0f" testId="e7d4bad3-31f4-4fee-00a9-97a77cd4a3dd" testName="TalentFlow.UnitTests.Services.ApplicationServiceTests.GetApplicationByIdAsync_ShouldReturnNotFound_WhenNotExists" computerName="Sishans-MacBook-Pro" duration="00:00:00.0008009" startTime="2026-10-09T12:22:48.2268690+05:30" endTime="2026-10-09T12:22:48.2268690+05:30" testType="13cdc9d9-ddb5-4fa4-a97d-d965ccfc6d4b" outcome="Passed" testListId="8c84fa94-04c1-424b-9868-57a2d4851a1d" relativeResultsDirectory="0a01b6e7-6434-43f5-8207-048ede467a0f" />
    <UnitTestResult executionId="f76e112b-fb09-4e2e-83a1-a7e4251def9a" testId="e89eb86d-b053-f3ac-5e10-eaf84886eecc" testName="TalentFlow.UnitTests.Services.OnboardingServiceTests.AssignOnboardingAsync_ShouldReturnConflict_WhenAlreadyAssigned" computerName="Sishans-MacBook-Pro" duration="00:00:00.0035274" startTime="2026-10-09T12:22:48.7819630+05:30" endTime="2026-10-09T12:22:48.7819630+05:30" testType="13cdc9d9-ddb5-4fa4-a97d-d965ccfc6d4b" outcome="Passed" testListId="8c84fa94-04c1-424b-9868-57a2d4851a1d" relativeResultsDirectory="f76e112b-fb09-4e2e-83a1-a7e4251def9a" />
    <UnitTestResult executionId="3f519741-8e8a-4528-9678-ca8b0e6c9558" testId="3f83fac4-cb40-8e6c-cf31-7e40e6318b3e" testName="TalentFlow.UnitTests.Services.GoogleCalendarServiceTests.MissingCredentialsNeverReportInvitationOrAvailabilityAsSuccessful" computerName="Sishans-MacBook-Pro" duration="00:00:00.0049450" startTime="2026-10-09T12:22:48.1774750+05:30" endTime="2026-10-09T12:22:48.1774750+05:30" testType="13cdc9d9-ddb5-4fa4-a97d-d965ccfc6d4b" outcome="Passed" testListId="8c84fa94-04c1-424b-9868-57a2d4851a1d" relativeResultsDirectory="3f519741-8e8a-4528-9678-ca8b0e6c9558" />
    <UnitTestResult executionId="7292dac0-cacc-4e4e-8367-4e3789dad3be" testId="9c47789d-e7d2-d422-8e05-2fa9bad88d5e" testName="TalentFlow.UnitTests.Services.ApplicationServiceTests.CreateApplicationAsync_ShouldReturnNotFound_WhenJobDoesNotExist" computerName="Sishans-MacBook-Pro" duration="00:00:00.0006653" startTime="2026-10-09T12:22:48.2282370+05:30" endTime="2026-10-09T12:22:48.2282370+05:30" testType="13cdc9d9-ddb5-4fa4-a97d-d965ccfc6d4b" outcome="Passed" testListId="8c84fa94-04c1-424b-9868-57a2d4851a1d" relativeResultsDirectory="7292dac0-cacc-4e4e-8367-4e3789dad3be" />
    <UnitTestResult executionId="fad04293-fcf6-4c15-b296-7c08d8be4fd3" testId="e17c7d32-fed4-aa17-a2ca-588ab04bdd8b" testName="TalentFlow.UnitTests.Services.GoogleCalendarServiceTests.ConfiguredCalendarSignsTokenAndSendsCandidateWithCorrectEndTime" computerName="Sishans-MacBook-Pro" duration="00:00:00.0863978" startTime="2026-10-09T12:22:48.2639280+05:30" endTime="2026-10-09T12:22:48.2639280+05:30" testType="13cdc9d9-ddb5-4fa4-a97d-d965ccfc6d4b" outcome="Passed" testListId="8c84fa94-04c1-424b-9868-57a2d4851a1d" relativeResultsDirectory="fad04293-fcf6-4c15-b296-7c08d8be4fd3" />
    <UnitTestResult executionId="d38f28a4-8325-4f48-b7e2-51882d90a3e8" testId="4eb44c0c-56fc-492f-9a7b-f2a89cc1ccb4" testName="TalentFlow.UnitTests.Services.OfferServiceTests.CreateOfferAsync_ShouldFail_WhenApplicationNotInInterviewStatus" computerName="Sishans-MacBook-Pro" duration="00:00:00.0007860" startTime="2026-10-09T12:22:48.2274360+05:30" endTime="2026-10-09T12:22:48.2274360+05:30" testType="13cdc9d9-ddb5-4fa4-a97d-d965ccfc6d4b" outcome="Passed" testListId="8c84fa94-04c1-424b-9868-57a2d4851a1d" relativeResultsDirectory="d38f28a4-8325-4f48-b7e2-51882d90a3e8" />
    <UnitTestResult executionId="e9ac8468-acdc-4f48-b832-6f27b6879f93" testId="5e2a2bf7-1dea-cba9-5d4a-b91a58f3ac07" testName="TalentFlow.UnitTests.Services.JobServiceTests.GetJobByIdAsync_ShouldReturnNotFound_WhenJobDoesNotExist" computerName="Sishans-MacBook-Pro" duration="00:00:00.0745789" startTime="2026-10-09T12:22:48.2143900+05:30" endTime="2026-10-09T12:22:48.2143910+05:30" testType="13cdc9d9-ddb5-4fa4-a97d-d965ccfc6d4b" outcome="Passed" testListId="8c84fa94-04c1-424b-9868-57a2d4851a1d" relativeResultsDirectory="e9ac8468-acdc-4f48-b832-6f27b6879f93" />
    <UnitTestResult executionId="a09f8aac-0b98-4f4f-b9df-4d35908cf7e0" testId="49c79b5f-c629-d297-be4b-19ef127edc56" testName="TalentFlow.UnitTests.Services.OnboardingServiceTests.CompleteOnboardingTaskAsync_ShouldReturnNotFound_WhenTaskDoesNotExist" computerName="Sishans-MacBook-Pro" duration="00:00:00.0005518" startTime="2026-10-09T12:22:48.7825490+05:30" endTime="2026-10-09T12:22:48.7825490+05:30" testType="13cdc9d9-ddb5-4fa4-a97d-d965ccfc6d4b" outcome="Passed" testListId="8c84fa94-04c1-424b-9868-57a2d4851a1d" relativeResultsDirectory="a09f8aac-0b98-4f4f-b9df-4d35908cf7e0" />
  </Results>
  <TestDefinitions>
    <UnitTest name="TalentFlow.UnitTests.Services.EmployeeServiceTests.GetEmployeeByIdAsync_ShouldReturnNotFound_WhenEmployeeDoesNotExist" storage="/users/sishanhewapathirana/documents/codex/2026-10-09/x20/work/project/backend/tests/talentflow.unittests/bin/debug/net8.0/talentflow.unittests.dll" id="893e9ce2-1677-65da-fab6-f63e81c63079">
      <Execution id="f72868ad-f53e-4213-9fbc-1e60592a933f" />
      <TestMethod codeBase="/Users/sishanhewapathirana/Documents/Codex/2026-10-09/x20/work/project/backend/tests/TalentFlow.UnitTests/bin/Debug/net8.0/TalentFlow.UnitTests.dll" adapterTypeName="executor://xunit/VsTestRunner2/netcoreapp" className="TalentFlow.UnitTests.Services.EmployeeServiceTests" name="GetEmployeeByIdAsync_ShouldReturnNotFound_WhenEmployeeDoesNotExist" />
    </UnitTest>
    <UnitTest name="TalentFlow.UnitTests.Services.GoogleCalendarServiceTests.OrganizerOAuthUpdatesCalendarOnlyWhenGoogleConfirmsSuccess" storage="/users/sishanhewapathirana/documents/codex/2026-10-09/x20/work/project/backend/tests/talentflow.unittests/bin/debug/net8.0/talentflow.unittests.dll" id="91554008-7af8-d2ad-e578-c332ea8c24de">
      <Execution id="0c41a7fe-fe61-4df5-bc21-7aa25c54e2cf" />
      <TestMethod codeBase="/Users/sishanhewapathirana/Documents/Codex/2026-10-09/x20/work/project/backend/tests/TalentFlow.UnitTests/bin/Debug/net8.0/TalentFlow.UnitTests.dll" adapterTypeName="executor://xunit/VsTestRunner2/netcoreapp" className="TalentFlow.UnitTests.Services.GoogleCalendarServiceTests" name="OrganizerOAuthUpdatesCalendarOnlyWhenGoogleConfirmsSuccess" />
    </UnitTest>
    <UnitTest name="TalentFlow.UnitTests.Services.OfferServiceTests.GetOfferByIdAsync_ShouldReturnNotFound_WhenOfferDoesNotExist" storage="/users/sishanhewapathirana/documents/codex/2026-10-09/x20/work/project/backend/tests/talentflow.unittests/bin/debug/net8.0/talentflow.unittests.dll" id="58739863-d6d9-e95e-ada5-efcdfbddc6e4">
      <Execution id="06f51eca-241c-4c79-b362-a41601145818" />
      <TestMethod codeBase="/Users/sishanhewapathirana/Documents/Codex/2026-10-09/x20/work/project/backend/tests/TalentFlow.UnitTests/bin/Debug/net8.0/TalentFlow.UnitTests.dll" adapterTypeName="executor://xunit/VsTestRunner2/netcoreapp" className="TalentFlow.UnitTests.Services.OfferServiceTests" name="GetOfferByIdAsync_ShouldReturnNotFound_WhenOfferDoesNotExist" />
    </UnitTest>
    <UnitTest name="TalentFlow.UnitTests.Services.CandidateScoringServiceTests.CalculateScore_NonExistentApplication_ReturnsNotFound" storage="/users/sishanhewapathirana/documents/codex/2026-10-09/x20/work/project/backend/tests/talentflow.unittests/bin/debug/net8.0/talentflow.unittests.dll" id="6465b885-9786-4e31-2c46-dbb675d2b009">
      <Execution id="7b4cef20-a795-4ff3-8394-ac74e0d7c39b" />
      <TestMethod codeBase="/Users/sishanhewapathirana/Documents/Codex/2026-10-09/x20/work/project/backend/tests/TalentFlow.UnitTests/bin/Debug/net8.0/TalentFlow.UnitTests.dll" adapterTypeName="executor://xunit/VsTestRunner2/netcoreapp" className="TalentFlow.UnitTests.Services.CandidateScoringServiceTests" name="CalculateScore_NonExistentApplication_ReturnsNotFound" />
    </UnitTest>
    <UnitTest name="TalentFlow.UnitTests.Services.WorkflowServiceTests.RejectWorkflow_RecordsHumanDecisionAndRejectsApplication" storage="/users/sishanhewapathirana/documents/codex/2026-10-09/x20/work/project/backend/tests/talentflow.unittests/bin/debug/net8.0/talentflow.unittests.dll" id="a1e417ec-61f2-ef87-a1c7-a920846e34fc">
      <Execution id="156d56bd-ec46-430f-b7e5-a20a875f22b6" />
      <TestMethod codeBase="/Users/sishanhewapathirana/Documents/Codex/2026-10-09/x20/work/project/backend/tests/TalentFlow.UnitTests/bin/Debug/net8.0/TalentFlow.UnitTests.dll" adapterTypeName="executor://xunit/VsTestRunner2/netcoreapp" className="TalentFlow.UnitTests.Services.WorkflowServiceTests" name="RejectWorkflow_RecordsHumanDecisionAndRejectsApplication" />
    </UnitTest>
    <UnitTest name="TalentFlow.UnitTests.Services.OfferServiceTests.GetOfferByIdAsync_ShouldReturnOffer_WhenExists" storage="/users/sishanhewapathirana/documents/codex/2026-10-09/x20/work/project/backend/tests/talentflow.unittests/bin/debug/net8.0/talentflow.unittests.dll" id="7efd7c4b-ff5b-9d05-c3b5-c7cbd460eceb">
      <Execution id="376107f9-4c91-4517-814d-96325947cf93" />
      <TestMethod codeBase="/Users/sishanhewapathirana/Documents/Codex/2026-10-09/x20/work/project/backend/tests/TalentFlow.UnitTests/bin/Debug/net8.0/TalentFlow.UnitTests.dll" adapterTypeName="executor://xunit/VsTestRunner2/netcoreapp" className="TalentFlow.UnitTests.Services.OfferServiceTests" name="GetOfferByIdAsync_ShouldReturnOffer_WhenExists" />
    </UnitTest>
    <UnitTest name="TalentFlow.UnitTests.Services.OfferServiceTests.CreateOfferAsync_ShouldFail_WhenApplicationNotInInterviewStatus" storage="/users/sishanhewapathirana/documents/codex/2026-10-09/x20/work/project/backend/tests/talentflow.unittests/bin/debug/net8.0/talentflow.unittests.dll" id="4eb44c0c-56fc-492f-9a7b-f2a89cc1ccb4">
      <Execution id="d38f28a4-8325-4f48-b7e2-51882d90a3e8" />
      <TestMethod codeBase="/Users/sishanhewapathirana/Documents/Codex/2026-10-09/x20/work/project/backend/tests/TalentFlow.UnitTests/bin/Debug/net8.0/TalentFlow.UnitTests.dll" adapterTypeName="executor://xunit/VsTestRunner2/netcoreapp" className="TalentFlow.UnitTests.Services.OfferServiceTests" name="CreateOfferAsync_ShouldFail_WhenApplicationNotInInterviewStatus" />
    </UnitTest>
    <UnitTest name="TalentFlow.UnitTests.Services.CompanyServiceTests.CreateCompanyAsync_ShouldReturnSuccess_WhenValidRequest" storage="/users/sishanhewapathirana/documents/codex/2026-10-09/x20/work/project/backend/tests/talentflow.unittests/bin/debug/net8.0/talentflow.unittests.dll" id="938af387-3c04-6eda-435d-8eb42f57605b">
      <Execution id="4d3ba700-8926-4ec8-a896-1b52709f0710" />
      <TestMethod codeBase="/Users/sishanhewapathirana/Documents/Codex/2026-10-09/x20/work/project/backend/tests/TalentFlow.UnitTests/bin/Debug/net8.0/TalentFlow.UnitTests.dll" adapterTypeName="executor://xunit/VsTestRunner2/netcoreapp" className="TalentFlow.UnitTests.Services.CompanyServiceTests" name="CreateCompanyAsync_ShouldReturnSuccess_WhenValidRequest" />
    </UnitTest>
    <UnitTest name="TalentFlow.UnitTests.Services.CompanyServiceTests.UpdateCompanyAsync_ShouldReturnNotFound_WhenDoesNotExist" storage="/users/sishanhewapathirana/documents/codex/2026-10-09/x20/work/project/backend/tests/talentflow.unittests/bin/debug/net8.0/talentflow.unittests.dll" id="91aebf05-6e86-a21e-7855-5d57b6aea9ac">
      <Execution id="bb94697e-0d0e-4f9b-a2e5-e0fe9b499c0e" />
      <TestMethod codeBase="/Users/sishanhewapathirana/Documents/Codex/2026-10-09/x20/work/project/backend/tests/TalentFlow.UnitTests/bin/Debug/net8.0/TalentFlow.UnitTests.dll" adapterTypeName="executor://xunit/VsTestRunner2/netcoreapp" className="TalentFlow.UnitTests.Services.CompanyServiceTests" name="UpdateCompanyAsync_ShouldReturnNotFound_WhenDoesNotExist" />
    </UnitTest>
    <UnitTest name="TalentFlow.UnitTests.Services.InterviewServiceTests.ScheduleInterviewAsync_ShouldFail_WhenActiveInterviewAlreadyExists" storage="/users/sishanhewapathirana/documents/codex/2026-10-09/x20/work/project/backend/tests/talentflow.unittests/bin/debug/net8.0/talentflow.unittests.dll" id="25988907-b4a9-173e-76bf-ed78c6dafa5b">
      <Execution id="b7e5482b-cf0c-4770-a392-d18dedd3bcc1" />
      <TestMethod codeBase="/Users/sishanhewapathirana/Documents/Codex/2026-10-09/x20/work/project/backend/tests/TalentFlow.UnitTests/bin/Debug/net8.0/TalentFlow.UnitTests.dll" adapterTypeName="executor://xunit/VsTestRunner2/netcoreapp" className="TalentFlow.UnitTests.Services.InterviewServiceTests" name="ScheduleInterviewAsync_ShouldFail_WhenActiveInterviewAlreadyExists" />
    </UnitTest>
    <UnitTest name="TalentFlow.UnitTests.Services.WorkflowServiceTests.ApproveWorkflow_WrongStatus_ReturnsFail" storage="/users/sishanhewapathirana/documents/codex/2026-10-09/x20/work/project/backend/tests/talentflow.unittests/bin/debug/net8.0/talentflow.unittests.dll" id="7a11ae52-d5c2-cf10-5805-7d295184337a">
      <Execution id="def50d57-73b5-46c1-946b-10d65a6146d8" />
      <TestMethod codeBase="/Users/sishanhewapathirana/Documents/Codex/2026-10-09/x20/work/project/backend/tests/TalentFlow.UnitTests/bin/Debug/net8.0/TalentFlow.UnitTests.dll" adapterTypeName="executor://xunit/VsTestRunner2/netcoreapp" className="TalentFlow.UnitTests.Services.WorkflowServiceTests" name="ApproveWorkflow_WrongStatus_ReturnsFail" />
    </UnitTest>
    <UnitTest name="TalentFlow.UnitTests.Services.OnboardingServiceTests.CompleteOnboardingTaskAsync_ShouldReturnNotFound_WhenTaskDoesNotExist" storage="/users/sishanhewapathirana/documents/codex/2026-10-09/x20/work/project/backend/tests/talentflow.unittests/bin/debug/net8.0/talentflow.unittests.dll" id="49c79b5f-c629-d297-be4b-19ef127edc56">
      <Execution id="a09f8aac-0b98-4f4f-b9df-4d35908cf7e0" />
      <TestMethod codeBase="/Users/sishanhewapathirana/Documents/Codex/2026-10-09/x20/work/project/backend/tests/TalentFlow.UnitTests/bin/Debug/net8.0/TalentFlow.UnitTests.dll" adapterTypeName="executor://xunit/VsTestRunner2/netcoreapp" className="TalentFlow.UnitTests.Services.OnboardingServiceTests" name="CompleteOnboardingTaskAsync_ShouldReturnNotFound_WhenTaskDoesNotExist" />
    </UnitTest>
    <UnitTest name="TalentFlow.UnitTests.Services.InterviewServiceTests.ScheduleInterviewAsync_ShouldReturnNotFound_WhenApplicationDoesNotExist" storage="/users/sishanhewapathirana/documents/codex/2026-10-09/x20/work/project/backend/tests/talentflow.unittests/bin/debug/net8.0/talentflow.unittests.dll" id="6c7a4b80-7c1a-1305-6ba4-29caf375f9eb">
      <Execution id="c1871a3b-14b8-416e-9bf5-783987bfad62" />
      <TestMethod codeBase="/Users/sishanhewapathirana/Documents/Codex/2026-10-09/x20/work/project/backend/tests/TalentFlow.UnitTests/bin/Debug/net8.0/TalentFlow.UnitTests.dll" adapterTypeName="executor://xunit/VsTestRunner2/netcoreapp" className="TalentFlow.UnitTests.Services.InterviewServiceTests" name="ScheduleInterviewAsync_ShouldReturnNotFound_WhenApplicationDoesNotExist" />
    </UnitTest>
    <UnitTest name="TalentFlow.UnitTests.Services.OfferServiceTests.CreateOfferAsync_ShouldFail_WhenSalaryIsNegative" storage="/users/sishanhewapathirana/documents/codex/2026-10-09/x20/work/project/backend/tests/talentflow.unittests/bin/debug/net8.0/talentflow.unittests.dll" id="5112d5ef-0304-2c76-f70c-5ef8b5b9c67a">
      <Execution id="f9c2f69f-9ee1-4eaf-9310-cb6565797208" />
      <TestMethod codeBase="/Users/sishanhewapathirana/Documents/Codex/2026-10-09/x20/work/project/backend/tests/TalentFlow.UnitTests/bin/Debug/net8.0/TalentFlow.UnitTests.dll" adapterTypeName="executor://xunit/VsTestRunner2/netcoreapp" className="TalentFlow.UnitTests.Services.OfferServiceTests" name="CreateOfferAsync_ShouldFail_WhenSalaryIsNegative" />
    </UnitTest>
    <UnitTest name="TalentFlow.UnitTests.Services.GoogleCalendarServiceTests.MissingCredentialsNeverReportInvitationOrAvailabilityAsSuccessful" storage="/users/sishanhewapathirana/documents/codex/2026-10-09/x20/work/project/backend/tests/talentflow.unittests/bin/debug/net8.0/talentflow.unittests.dll" id="3f83fac4-cb40-8e6c-cf31-7e40e6318b3e">
      <Execution id="3f519741-8e8a-4528-9678-ca8b0e6c9558" />
      <TestMethod codeBase="/Users/sishanhewapathirana/Documents/Codex/2026-10-09/x20/work/project/backend/tests/TalentFlow.UnitTests/bin/Debug/net8.0/TalentFlow.UnitTests.dll" adapterTypeName="executor://xunit/VsTestRunner2/netcoreapp" className="TalentFlow.UnitTests.Services.GoogleCalendarServiceTests" name="MissingCredentialsNeverReportInvitationOrAvailabilityAsSuccessful" />
    </UnitTest>
    <UnitTest name="TalentFlow.UnitTests.Services.CompanyServiceTests.GetCompaniesAsync_ShouldReturnPagedResult" storage="/users/sishanhewapathirana/documents/codex/2026-10-09/x20/work/project/backend/tests/talentflow.unittests/bin/debug/net8.0/talentflow.unittests.dll" id="c9986088-3af6-062f-35ea-0510dd6bf83f">
      <Execution id="c24a352c-08b7-4151-abb4-dce0c0deb3fa" />
      <TestMethod codeBase="/Users/sishanhewapathirana/Documents/Codex/2026-10-09/x20/work/project/backend/tests/TalentFlow.UnitTests/bin/Debug/net8.0/TalentFlow.UnitTests.dll" adapterTypeName="executor://xunit/VsTestRunner2/netcoreapp" className="TalentFlow.UnitTests.Services.CompanyServiceTests" name="GetCompaniesAsync_ShouldReturnPagedResult" />
    </UnitTest>
    <UnitTest name="TalentFlow.UnitTests.Services.CandidateScoringServiceTests.ScoreBreakdown_MaximumPossible_Is100" storage="/users/sishanhewapathirana/documents/codex/2026-10-09/x20/work/project/backend/tests/talentflow.unittests/bin/debug/net8.0/talentflow.unittests.dll" id="8830aea3-0056-0384-290b-df085dc33f31">
      <Execution id="cd2b9f5f-5bf9-4313-acd3-85d1a3707666" />
      <TestMethod codeBase="/Users/sishanhewapathirana/Documents/Codex/2026-10-09/x20/work/project/backend/tests/TalentFlow.UnitTests/bin/Debug/net8.0/TalentFlow.UnitTests.dll" adapterTypeName="executor://xunit/VsTestRunner2/netcoreapp" className="TalentFlow.UnitTests.Services.CandidateScoringServiceTests" name="ScoreBreakdown_MaximumPossible_Is100" />
    </UnitTest>
    <UnitTest name="TalentFlow.UnitTests.Services.WorkflowServiceTests.GetWorkflow_NonExistent_ReturnsNotFound" storage="/users/sishanhewapathirana/documents/codex/2026-10-09/x20/work/project/backend/tests/talentflow.unittests/bin/debug/net8.0/talentflow.unittests.dll" id="37f8cece-ff66-fe2d-6835-43b4f056e22b">
      <Execution id="26c123cc-69fa-4579-a8bf-55e2c245eb12" />
      <TestMethod codeBase="/Users/sishanhewapathirana/Documents/Codex/2026-10-09/x20/work/project/backend/tests/TalentFlow.UnitTests/bin/Debug/net8.0/TalentFlow.UnitTests.dll" adapterTypeName="executor://xunit/VsTestRunner2/netcoreapp" className="TalentFlow.UnitTests.Services.WorkflowServiceTests" name="GetWorkflow_NonExistent_ReturnsNotFound" />
    </UnitTest>
    <UnitTest name="TalentFlow.UnitTests.Services.InterviewServiceTests.ScheduleInterviewAsync_ShouldRejectDurationBelow15_BoundaryTest" storage="/users/sishanhewapathirana/documents/codex/2026-10-09/x20/work/project/backend/tests/talentflow.unittests/bin/debug/net8.0/talentflow.unittests.dll" id="a71e22e3-bf52-66e4-ff32-dd4c94876afd">
      <Execution id="43c3911e-5647-4cf0-aeba-6f8dfa634798" />
      <TestMethod codeBase="/Users/sishanhewapathirana/Documents/Codex/2026-10-09/x20/work/project/backend/tests/TalentFlow.UnitTests/bin/Debug/net8.0/TalentFlow.UnitTests.dll" adapterTypeName="executor://xunit/VsTestRunner2/netcoreapp" className="TalentFlow.UnitTests.Services.InterviewServiceTests" name="ScheduleInterviewAsync_ShouldRejectDurationBelow15_BoundaryTest" />
    </UnitTest>
    <UnitTest name="TalentFlow.UnitTests.Services.SchedulingServiceTests.GetAvailableSlots_UsesConfiguredBusinessTimeZoneWithoutPanel" storage="/users/sishanhewapathirana/documents/codex/2026-10-09/x20/work/project/backend/tests/talentflow.unittests/bin/debug/net8.0/talentflow.unittests.dll" id="a076efc4-1609-8e19-dd30-9bcbe48c5da1">
      <Execution id="a72ce02f-d50e-4d9c-9031-d256e0f17f60" />
      <TestMethod codeBase="/Users/sishanhewapathirana/Documents/Codex/2026-10-09/x20/work/project/backend/tests/TalentFlow.UnitTests/bin/Debug/net8.0/TalentFlow.UnitTests.dll" adapterTypeName="executor://xunit/VsTestRunner2/netcoreapp" className="TalentFlow.UnitTests.Services.SchedulingServiceTests" name="GetAvailableSlots_UsesConfiguredBusinessTimeZoneWithoutPanel" />
    </UnitTest>
    <UnitTest name="TalentFlow.UnitTests.Services.InterviewServiceTests.ScheduleInterviewAsync_ShouldFail_WhenScheduledInPast" storage="/users/sishanhewapathirana/documents/codex/2026-10-09/x20/work/project/backend/tests/talentflow.unittests/bin/debug/net8.0/talentflow.unittests.dll" id="281682af-f87c-efe3-1ff6-900deef313e8">
      <Execution id="80e966cc-7533-4484-8d7a-dc8f063d26e3" />
      <TestMethod codeBase="/Users/sishanhewapathirana/Documents/Codex/2026-10-09/x20/work/project/backend/tests/TalentFlow.UnitTests/bin/Debug/net8.0/TalentFlow.UnitTests.dll" adapterTypeName="executor://xunit/VsTestRunner2/netcoreapp" className="TalentFlow.UnitTests.Services.InterviewServiceTests" name="ScheduleInterviewAsync_ShouldFail_WhenScheduledInPast" />
    </UnitTest>
    <UnitTest name="TalentFlow.UnitTests.Services.InterviewServiceTests.ScheduleInterviewAsync_ShouldFail_WhenDurationTooLong" storage="/users/sishanhewapathirana/documents/codex/2026-10-09/x20/work/project/backend/tests/talentflow.unittests/bin/debug/net8.0/talentflow.unittests.dll" id="970e542f-9dcc-9665-8cbc-aa400c47775f">
      <Execution id="52618cc4-663c-42e5-822f-207d8cf5160b" />
      <TestMethod codeBase="/Users/sishanhewapathirana/Documents/Codex/2026-10-09/x20/work/project/backend/tests/TalentFlow.UnitTests/bin/Debug/net8.0/TalentFlow.UnitTests.dll" adapterTypeName="executor://xunit/VsTestRunner2/netcoreapp" className="TalentFlow.UnitTests.Services.InterviewServiceTests" name="ScheduleInterviewAsync_ShouldFail_WhenDurationTooLong" />
    </UnitTest>
    <UnitTest name="TalentFlow.UnitTests.Services.ApplicationServiceTests.CreateApplicationAsync_ShouldFail_WhenDuplicateApplication" storage="/users/sishanhewapathirana/documents/codex/2026-10-09/x20/work/project/backend/tests/talentflow.unittests/bin/debug/net8.0/talentflow.unittests.dll" id="c00fdb42-dab3-3970-9553-61cd0975dcff">
      <Execution id="1f7ddfeb-9ce7-4340-9069-e7decef6bc11" />
      <TestMethod codeBase="/Users/sishanhewapathirana/Documents/Codex/2026-10-09/x20/work/project/backend/tests/TalentFlow.UnitTests/bin/Debug/net8.0/TalentFlow.UnitTests.dll" adapterTypeName="executor://xunit/VsTestRunner2/netcoreapp" className="TalentFlow.UnitTests.Services.ApplicationServiceTests" name="CreateApplicationAsync_ShouldFail_WhenDuplicateApplication" />
    </UnitTest>
    <UnitTest name="TalentFlow.UnitTests.Services.GoogleCalendarServiceTests.FreeBusySlotsAreConvertedToUtcBeforeConflictChecking" storage="/users/sishanhewapathirana/documents/codex/2026-10-09/x20/work/project/backend/tests/talentflow.unittests/bin/debug/net8.0/talentflow.unittests.dll" id="55155d3b-a2a8-24cd-b43b-598954b6969c">
      <Execution id="ffa4a512-a493-4022-a5a9-743b0be54e93" />
      <TestMethod codeBase="/Users/sishanhewapathirana/Documents/Codex/2026-10-09/x20/work/project/backend/tests/TalentFlow.UnitTests/bin/Debug/net8.0/TalentFlow.UnitTests.dll" adapterTypeName="executor://xunit/VsTestRunner2/netcoreapp" className="TalentFlow.UnitTests.Services.GoogleCalendarServiceTests" name="FreeBusySlotsAreConvertedToUtcBeforeConflictChecking" />
    </UnitTest>
    <UnitTest name="TalentFlow.UnitTests.Services.ApplicationServiceTests.GetApplicationByIdAsync_ShouldReturnNotFound_WhenNotExists" storage="/users/sishanhewapathirana/documents/codex/2026-10-09/x20/work/project/backend/tests/talentflow.unittests/bin/debug/net8.0/talentflow.unittests.dll" id="e7d4bad3-31f4-4fee-00a9-97a77cd4a3dd">
      <Execution id="0a01b6e7-6434-43f5-8207-048ede467a0f" />
      <TestMethod codeBase="/Users/sishanhewapathirana/Documents/Codex/2026-10-09/x20/work/project/backend/tests/TalentFlow.UnitTests/bin/Debug/net8.0/TalentFlow.UnitTests.dll" adapterTypeName="executor://xunit/VsTestRunner2/netcoreapp" className="TalentFlow.UnitTests.Services.ApplicationServiceTests" name="GetApplicationByIdAsync_ShouldReturnNotFound_WhenNotExists" />
    </UnitTest>
    <UnitTest name="TalentFlow.UnitTests.Services.OnboardingServiceTests.AssignOnboardingAsync_ShouldReturnNotFound_WhenEmployeeDoesNotExist" storage="/users/sishanhewapathirana/documents/codex/2026-10-09/x20/work/project/backend/tests/talentflow.unittests/bin/debug/net8.0/talentflow.unittests.dll" id="b928e674-1d24-7ea7-93ab-ffc6bac0eb95">
      <Execution id="dce7acf4-ae17-4d71-a885-3cdaff86d7d0" />
      <TestMethod codeBase="/Users/sishanhewapathirana/Documents/Codex/2026-10-09/x20/work/project/backend/tests/TalentFlow.UnitTests/bin/Debug/net8.0/TalentFlow.UnitTests.dll" adapterTypeName="executor://xunit/VsTestRunner2/netcoreapp" className="TalentFlow.UnitTests.Services.OnboardingServiceTests" name="AssignOnboardingAsync_ShouldReturnNotFound_WhenEmployeeDoesNotExist" />
    </UnitTest>
    <UnitTest name="TalentFlow.UnitTests.Services.ApplicationServiceTests.CreateApplicationAsync_ShouldReturnNotFound_WhenJobDoesNotExist" storage="/users/sishanhewapathirana/documents/codex/2026-10-09/x20/work/project/backend/tests/talentflow.unittests/bin/debug/net8.0/talentflow.unittests.dll" id="9c47789d-e7d2-d422-8e05-2fa9bad88d5e">
      <Execution id="7292dac0-cacc-4e4e-8367-4e3789dad3be" />
      <TestMethod codeBase="/Users/sishanhewapathirana/Documents/Codex/2026-10-09/x20/work/project/backend/tests/TalentFlow.UnitTests/bin/Debug/net8.0/TalentFlow.UnitTests.dll" adapterTypeName="executor://xunit/VsTestRunner2/netcoreapp" className="TalentFlow.UnitTests.Services.ApplicationServiceTests" name="CreateApplicationAsync_ShouldReturnNotFound_WhenJobDoesNotExist" />
    </UnitTest>
    <UnitTest name="TalentFlow.UnitTests.Services.ApplicationHistoryPersistenceTests.UpdateAsync_InsertsNewHistoryAndPersistsWithdrawal" storage="/users/sishanhewapathirana/documents/codex/2026-10-09/x20/work/project/backend/tests/talentflow.unittests/bin/debug/net8.0/talentflow.unittests.dll" id="ecd103dd-597f-130b-eaca-c36cba137c51">
      <Execution id="2aa83da6-ef97-4600-a486-409f66793410" />
      <TestMethod codeBase="/Users/sishanhewapathirana/Documents/Codex/2026-10-09/x20/work/project/backend/tests/TalentFlow.UnitTests/bin/Debug/net8.0/TalentFlow.UnitTests.dll" adapterTypeName="executor://xunit/VsTestRunner2/netcoreapp" className="TalentFlow.UnitTests.Services.ApplicationHistoryPersistenceTests" name="UpdateAsync_InsertsNewHistoryAndPersistsWithdrawal" />
    </UnitTest>
    <UnitTest name="TalentFlow.UnitTests.Services.CompanyServiceTests.CreateCompanyAsync_ShouldHandleMinimalRequest" storage="/users/sishanhewapathirana/documents/codex/2026-10-09/x20/work/project/backend/tests/talentflow.unittests/bin/debug/net8.0/talentflow.unittests.dll" id="b260f1ed-f248-2198-f51b-fb00c1b72875">
      <Execution id="58d7dcb1-dab6-4f9e-a0f8-4dbf8fcc58d5" />
      <TestMethod codeBase="/Users/sishanhewapathirana/Documents/Codex/2026-10-09/x20/work/project/backend/tests/TalentFlow.UnitTests/bin/Debug/net8.0/TalentFlow.UnitTests.dll" adapterTypeName="executor://xunit/VsTestRunner2/netcoreapp" className="TalentFlow.UnitTests.Services.CompanyServiceTests" name="CreateCompanyAsync_ShouldHandleMinimalRequest" />
    </UnitTest>
    <UnitTest name="TalentFlow.UnitTests.Services.ApplicationServiceTests.CreateApplicationAsync_ShouldFail_WhenJobIsClosed" storage="/users/sishanhewapathirana/documents/codex/2026-10-09/x20/work/project/backend/tests/talentflow.unittests/bin/debug/net8.0/talentflow.unittests.dll" id="5dff0e03-e710-e41c-3ab8-b4809ac551c5">
      <Execution id="bc1295a2-4654-41c6-8c83-b943b2834965" />
      <TestMethod codeBase="/Users/sishanhewapathirana/Documents/Codex/2026-10-09/x20/work/project/backend/tests/TalentFlow.UnitTests/bin/Debug/net8.0/TalentFlow.UnitTests.dll" adapterTypeName="executor://xunit/VsTestRunner2/netcoreapp" className="TalentFlow.UnitTests.Services.ApplicationServiceTests" name="CreateApplicationAsync_ShouldFail_WhenJobIsClosed" />
    </UnitTest>
    <UnitTest name="TalentFlow.UnitTests.Services.CompanyServiceTests.GetCompanyByIdAsync_ShouldReturnNotFound_WhenDoesNotExist" storage="/users/sishanhewapathirana/documents/codex/2026-10-09/x20/work/project/backend/tests/talentflow.unittests/bin/debug/net8.0/talentflow.unittests.dll" id="7580900d-c662-a7e9-6b79-99d3f61d5b19">
      <Execution id="2dc2afce-d289-4e81-814f-c32e4689f5f8" />
      <TestMethod codeBase="/Users/sishanhewapathirana/Documents/Codex/2026-10-09/x20/work/project/backend/tests/TalentFlow.UnitTests/bin/Debug/net8.0/TalentFlow.UnitTests.dll" adapterTypeName="executor://xunit/VsTestRunner2/netcoreapp" className="TalentFlow.UnitTests.Services.CompanyServiceTests" name="GetCompanyByIdAsync_ShouldReturnNotFound_WhenDoesNotExist" />
    </UnitTest>
    <UnitTest name="TalentFlow.UnitTests.Services.ApplicationServiceTests.CreateApplicationAsync_ShouldReturnBadRequest_WhenJobIsNotPublished" storage="/users/sishanhewapathirana/documents/codex/2026-10-09/x20/work/project/backend/tests/talentflow.unittests/bin/debug/net8.0/talentflow.unittests.dll" id="bed09556-8623-0230-4b78-349f03607f87">
      <Execution id="e4726e38-509c-47df-b913-3b12bd682acc" />
      <TestMethod codeBase="/Users/sishanhewapathirana/Documents/Codex/2026-10-09/x20/work/project/backend/tests/TalentFlow.UnitTests/bin/Debug/net8.0/TalentFlow.UnitTests.dll" adapterTypeName="executor://xunit/VsTestRunner2/netcoreapp" className="TalentFlow.UnitTests.Services.ApplicationServiceTests" name="CreateApplicationAsync_ShouldReturnBadRequest_WhenJobIsNotPublished" />
    </UnitTest>
    <UnitTest name="TalentFlow.UnitTests.Services.CompanyServiceTests.GetCompanyByIdAsync_ShouldReturnCompany_WhenExists" storage="/users/sishanhewapathirana/documents/codex/2026-10-09/x20/work/project/backend/tests/talentflow.unittests/bin/debug/net8.0/talentflow.unittests.dll" id="3ee38c8c-fbb4-9a34-1628-5a6986be3dc3">
      <Execution id="f62e0622-e1d0-4a96-a736-c64621894ac3" />
      <TestMethod codeBase="/Users/sishanhewapathirana/Documents/Codex/2026-10-09/x20/work/project/backend/tests/TalentFlow.UnitTests/bin/Debug/net8.0/TalentFlow.UnitTests.dll" adapterTypeName="executor://xunit/VsTestRunner2/netcoreapp" className="TalentFlow.UnitTests.Services.CompanyServiceTests" name="GetCompanyByIdAsync_ShouldReturnCompany_WhenExists" />
    </UnitTest>
    <UnitTest name="TalentFlow.UnitTests.Services.InterviewServiceTests.ScheduleInterviewAsync_ShouldFail_WhenDurationTooShort" storage="/users/sishanhewapathirana/documents/codex/2026-10-09/x20/work/project/backend/tests/talentflow.unittests/bin/debug/net8.0/talentflow.unittests.dll" id="f27396b5-d9c4-a7d8-89fc-7c57fbe2eeeb">
      <Execution id="3513a3fb-b671-41ed-b699-107def9f4898" />
      <TestMethod codeBase="/Users/sishanhewapathirana/Documents/Codex/2026-10-09/x20/work/project/backend/tests/TalentFlow.UnitTests/bin/Debug/net8.0/TalentFlow.UnitTests.dll" adapterTypeName="executor://xunit/VsTestRunner2/netcoreapp" className="TalentFlow.UnitTests.Services.InterviewServiceTests" name="ScheduleInterviewAsync_ShouldFail_WhenDurationTooShort" />
    </UnitTest>
    <UnitTest name="TalentFlow.UnitTests.Services.OnboardingServiceTests.AssignOnboardingAsync_ShouldReturnForbidden_WhenCompanyMismatch" storage="/users/sishanhewapathirana/documents/codex/2026-10-09/x20/work/project/backend/tests/talentflow.unittests/bin/debug/net8.0/talentflow.unittests.dll" id="dcdd21e7-66d6-2ce3-d2bc-890c68d64ebd">
      <Execution id="4d21d32a-07d1-44cb-9df3-8661f27a0285" />
      <TestMethod codeBase="/Users/sishanhewapathirana/Documents/Codex/2026-10-09/x20/work/project/backend/tests/TalentFlow.UnitTests/bin/Debug/net8.0/TalentFlow.UnitTests.dll" adapterTypeName="executor://xunit/VsTestRunner2/netcoreapp" className="TalentFlow.UnitTests.Services.OnboardingServiceTests" name="AssignOnboardingAsync_ShouldReturnForbidden_WhenCompanyMismatch" />
    </UnitTest>
    <UnitTest name="TalentFlow.UnitTests.Services.GoogleCalendarServiceTests.ConfiguredCalendarSignsTokenAndSendsCandidateWithCorrectEndTime" storage="/users/sishanhewapathirana/documents/codex/2026-10-09/x20/work/project/backend/tests/talentflow.unittests/bin/debug/net8.0/talentflow.unittests.dll" id="e17c7d32-fed4-aa17-a2ca-588ab04bdd8b">
      <Execution id="fad04293-fcf6-4c15-b296-7c08d8be4fd3" />
      <TestMethod codeBase="/Users/sishanhewapathirana/Documents/Codex/2026-10-09/x20/work/project/backend/tests/TalentFlow.UnitTests/bin/Debug/net8.0/TalentFlow.UnitTests.dll" adapterTypeName="executor://xunit/VsTestRunner2/netcoreapp" className="TalentFlow.UnitTests.Services.GoogleCalendarServiceTests" name="ConfiguredCalendarSignsTokenAndSendsCandidateWithCorrectEndTime" />
    </UnitTest>
    <UnitTest name="TalentFlow.UnitTests.Services.OnboardingServiceTests.AssignOnboardingAsync_ShouldReturnConflict_WhenAlreadyAssigned" storage="/users/sishanhewapathirana/documents/codex/2026-10-09/x20/work/project/backend/tests/talentflow.unittests/bin/debug/net8.0/talentflow.unittests.dll" id="e89eb86d-b053-f3ac-5e10-eaf84886eecc">
      <Execution id="f76e112b-fb09-4e2e-83a1-a7e4251def9a" />
      <TestMethod codeBase="/Users/sishanhewapathirana/Documents/Codex/2026-10-09/x20/work/project/backend/tests/TalentFlow.UnitTests/bin/Debug/net8.0/TalentFlow.UnitTests.dll" adapterTypeName="executor://xunit/VsTestRunner2/netcoreapp" className="TalentFlow.UnitTests.Services.OnboardingServiceTests" name="AssignOnboardingAsync_ShouldReturnConflict_WhenAlreadyAssigned" />
    </UnitTest>
    <UnitTest name="TalentFlow.UnitTests.Services.CompanyServiceTests.UpdateCompanyAsync_ShouldReturnSuccess_WhenCompanyExists" storage="/users/sishanhewapathirana/documents/codex/2026-10-09/x20/work/project/backend/tests/talentflow.unittests/bin/debug/net8.0/talentflow.unittests.dll" id="4c5fc160-dff3-a8a4-57d6-f3add35e14ce">
      <Execution id="539379a4-9b47-42b7-a722-63eb069de9b1" />
      <TestMethod codeBase="/Users/sishanhewapathirana/Documents/Codex/2026-10-09/x20/work/project/backend/tests/TalentFlow.UnitTests/bin/Debug/net8.0/TalentFlow.UnitTests.dll" adapterTypeName="executor://xunit/VsTestRunner2/netcoreapp" className="TalentFlow.UnitTests.Services.CompanyServiceTests" name="UpdateCompanyAsync_ShouldReturnSuccess_WhenCompanyExists" />
    </UnitTest>
    <UnitTest name="TalentFlow.UnitTests.Services.OfferServiceTests.CreateOfferAsync_ShouldFail_WhenSalaryIsZero" storage="/users/sishanhewapathirana/documents/codex/2026-10-09/x20/work/project/backend/tests/talentflow.unittests/bin/debug/net8.0/talentflow.unittests.dll" id="09ac2021-891e-f79e-5e29-0043e434bcd6">
      <Execution id="ad7d2ca7-6583-4879-b6dc-6bdebcd8cc04" />
      <TestMethod codeBase="/Users/sishanhewapathirana/Documents/Codex/2026-10-09/x20/work/project/backend/tests/TalentFlow.UnitTests/bin/Debug/net8.0/TalentFlow.UnitTests.dll" adapterTypeName="executor://xunit/VsTestRunner2/netcoreapp" className="TalentFlow.UnitTests.Services.OfferServiceTests" name="CreateOfferAsync_ShouldFail_WhenSalaryIsZero" />
    </UnitTest>
    <UnitTest name="TalentFlow.UnitTests.Services.OnboardingServiceTests.AssignOnboardingAsync_ShouldReturnNotFound_WhenTemplateDoesNotExist" storage="/users/sishanhewapathirana/documents/codex/2026-10-09/x20/work/project/backend/tests/talentflow.unittests/bin/debug/net8.0/talentflow.unittests.dll" id="63645701-4c3e-c654-7e29-3f005f26f6ac">
      <Execution id="dd8d5b55-8611-4659-a52d-17293567d2fb" />
      <TestMethod codeBase="/Users/sishanhewapathirana/Documents/Codex/2026-10-09/x20/work/project/backend/tests/TalentFlow.UnitTests/bin/Debug/net8.0/TalentFlow.UnitTests.dll" adapterTypeName="executor://xunit/VsTestRunner2/netcoreapp" className="TalentFlow.UnitTests.Services.OnboardingServiceTests" name="AssignOnboardingAsync_ShouldReturnNotFound_WhenTemplateDoesNotExist" />
    </UnitTest>
    <UnitTest name="TalentFlow.UnitTests.Services.InterviewServiceTests.ScheduleInterviewAsync_ShouldFail_WhenApplicationNotShortlisted" storage="/users/sishanhewapathirana/documents/codex/2026-10-09/x20/work/project/backend/tests/talentflow.unittests/bin/debug/net8.0/talentflow.unittests.dll" id="af7ada24-16b3-6390-2b2d-58338d2f13a5">
      <Execution id="91e8cb52-f54e-4081-ae8c-8a195029f850" />
      <TestMethod codeBase="/Users/sishanhewapathirana/Documents/Codex/2026-10-09/x20/work/project/backend/tests/TalentFlow.UnitTests/bin/Debug/net8.0/TalentFlow.UnitTests.dll" adapterTypeName="executor://xunit/VsTestRunner2/netcoreapp" className="TalentFlow.UnitTests.Services.InterviewServiceTests" name="ScheduleInterviewAsync_ShouldFail_WhenApplicationNotShortlisted" />
    </UnitTest>
    <UnitTest name="TalentFlow.UnitTests.Services.JobServiceTests.CreateJobAsync_ShouldReturnSuccess_WhenValidRequest" storage="/users/sishanhewapathirana/documents/codex/2026-10-09/x20/work/project/backend/tests/talentflow.unittests/bin/debug/net8.0/talentflow.unittests.dll" id="5ee73b70-48b2-1f73-61b9-2556e0478738">
      <Execution id="83829dee-4b60-4a6d-954c-611ee0a2e23e" />
      <TestMethod codeBase="/Users/sishanhewapathirana/Documents/Codex/2026-10-09/x20/work/project/backend/tests/TalentFlow.UnitTests/bin/Debug/net8.0/TalentFlow.UnitTests.dll" adapterTypeName="executor://xunit/VsTestRunner2/netcoreapp" className="TalentFlow.UnitTests.Services.JobServiceTests" name="CreateJobAsync_ShouldReturnSuccess_WhenValidRequest" />
    </UnitTest>
    <UnitTest name="TalentFlow.UnitTests.Services.OnboardingServiceTests.CompleteOnboardingTaskAsync_ShouldMarkTaskAsCompleted" storage="/users/sishanhewapathirana/documents/codex/2026-10-09/x20/work/project/backend/tests/talentflow.unittests/bin/debug/net8.0/talentflow.unittests.dll" id="c07dd386-b70d-d98a-569d-91432f4bf0a1">
      <Execution id="5837f4fd-b197-40c3-87e9-3a40b91f0dd6" />
      <TestMethod codeBase="/Users/sishanhewapathirana/Documents/Codex/2026-10-09/x20/work/project/backend/tests/TalentFlow.UnitTests/bin/Debug/net8.0/TalentFlow.UnitTests.dll" adapterTypeName="executor://xunit/VsTestRunner2/netcoreapp" className="TalentFlow.UnitTests.Services.OnboardingServiceTests" name="CompleteOnboardingTaskAsync_ShouldMarkTaskAsCompleted" />
    </UnitTest>
    <UnitTest name="TalentFlow.UnitTests.Services.ApplicationServiceTests.WithdrawApplicationAsync_ShouldReturnNotFound_WhenApplicationDoesNotExist" storage="/users/sishanhewapathirana/documents/codex/2026-10-09/x20/work/project/backend/tests/talentflow.unittests/bin/debug/net8.0/talentflow.unittests.dll" id="b6296ed5-99d0-83ee-0e63-300efcd2c67e">
      <Execution id="30db99ee-5a92-4a7f-b77f-ad5e450c1073" />
      <TestMethod codeBase="/Users/sishanhewapathirana/Documents/Codex/2026-10-09/x20/work/project/backend/tests/TalentFlow.UnitTests/bin/Debug/net8.0/TalentFlow.UnitTests.dll" adapterTypeName="executor://xunit/VsTestRunner2/netcoreapp" className="TalentFlow.UnitTests.Services.ApplicationServiceTests" name="WithdrawApplicationAsync_ShouldReturnNotFound_WhenApplicationDoesNotExist" />
    </UnitTest>
    <UnitTest name="TalentFlow.UnitTests.Services.CompanyServiceTests.CreateCompanyAsync_ShouldSetIsActiveTrue" storage="/users/sishanhewapathirana/documents/codex/2026-10-09/x20/work/project/backend/tests/talentflow.unittests/bin/debug/net8.0/talentflow.unittests.dll" id="7a786268-d5dd-2ad2-ab10-c845762e190f">
      <Execution id="07a22e8f-af7d-485d-9552-5ef6bca1b2c6" />
      <TestMethod codeBase="/Users/sishanhewapathirana/Documents/Codex/2026-10-09/x20/work/project/backend/tests/TalentFlow.UnitTests/bin/Debug/net8.0/TalentFlow.UnitTests.dll" adapterTypeName="executor://xunit/VsTestRunner2/netcoreapp" className="TalentFlow.UnitTests.Services.CompanyServiceTests" name="CreateCompanyAsync_ShouldSetIsActiveTrue" />
    </UnitTest>
    <UnitTest name="TalentFlow.UnitTests.Services.OnboardingServiceTests.CreateTemplateAsync_ShouldReturnSuccess_WithValidData" storage="/users/sishanhewapathirana/documents/codex/2026-10-09/x20/work/project/backend/tests/talentflow.unittests/bin/debug/net8.0/talentflow.unittests.dll" id="7cc19ab1-002f-a7e3-094a-626c9b4367c7">
      <Execution id="c1e83a87-f820-4f62-93bb-6c628f0a0abf" />
      <TestMethod codeBase="/Users/sishanhewapathirana/Documents/Codex/2026-10-09/x20/work/project/backend/tests/TalentFlow.UnitTests/bin/Debug/net8.0/TalentFlow.UnitTests.dll" adapterTypeName="executor://xunit/VsTestRunner2/netcoreapp" className="TalentFlow.UnitTests.Services.OnboardingServiceTests" name="CreateTemplateAsync_ShouldReturnSuccess_WithValidData" />
    </UnitTest>
    <UnitTest name="TalentFlow.UnitTests.Services.SchedulingServiceTests.GetAvailableSlots_EmptySchedule_ReturnsSlots" storage="/users/sishanhewapathirana/documents/codex/2026-10-09/x20/work/project/backend/tests/talentflow.unittests/bin/debug/net8.0/talentflow.unittests.dll" id="c0ac535c-0780-629e-efba-204e29e6c265">
      <Execution id="9b461b75-4625-466e-af89-478c8c33c764" />
      <TestMethod codeBase="/Users/sishanhewapathirana/Documents/Codex/2026-10-09/x20/work/project/backend/tests/TalentFlow.UnitTests/bin/Debug/net8.0/TalentFlow.UnitTests.dll" adapterTypeName="executor://xunit/VsTestRunner2/netcoreapp" className="TalentFlow.UnitTests.Services.SchedulingServiceTests" name="GetAvailableSlots_EmptySchedule_ReturnsSlots" />
    </UnitTest>
    <UnitTest name="TalentFlow.UnitTests.Services.OfferServiceTests.CreateOfferAsync_ShouldReturnNotFound_WhenApplicationDoesNotExist" storage="/users/sishanhewapathirana/documents/codex/2026-10-09/x20/work/project/backend/tests/talentflow.unittests/bin/debug/net8.0/talentflow.unittests.dll" id="41715cca-4acd-5853-4cc1-33e8b8e595f9">
      <Execution id="f9e098aa-5929-4e28-a08e-e06bbe26491c" />
      <TestMethod codeBase="/Users/sishanhewapathirana/Documents/Codex/2026-10-09/x20/work/project/backend/tests/TalentFlow.UnitTests/bin/Debug/net8.0/TalentFlow.UnitTests.dll" adapterTypeName="executor://xunit/VsTestRunner2/netcoreapp" className="TalentFlow.UnitTests.Services.OfferServiceTests" name="CreateOfferAsync_ShouldReturnNotFound_WhenApplicationDoesNotExist" />
    </UnitTest>
    <UnitTest name="TalentFlow.UnitTests.Services.OnboardingServiceTests.CreateTemplateAsync_ShouldPersistCompanyId" storage="/users/sishanhewapathirana/documents/codex/2026-10-09/x20/work/project/backend/tests/talentflow.unittests/bin/debug/net8.0/talentflow.unittests.dll" id="499696ed-0a96-02de-2675-2456fb6ad56b">
      <Execution id="efd88183-bfb2-4177-b7be-a686ab8b7580" />
      <TestMethod codeBase="/Users/sishanhewapathirana/Documents/Codex/2026-10-09/x20/work/project/backend/tests/TalentFlow.UnitTests/bin/Debug/net8.0/TalentFlow.UnitTests.dll" adapterTypeName="executor://xunit/VsTestRunner2/netcoreapp" className="TalentFlow.UnitTests.Services.OnboardingServiceTests" name="CreateTemplateAsync_ShouldPersistCompanyId" />
    </UnitTest>
    <UnitTest name="TalentFlow.UnitTests.Services.ApplicationServiceTests.CreateApplicationAsync_ShouldFail_WhenDeadlineHasPassed" storage="/users/sishanhewapathirana/documents/codex/2026-10-09/x20/work/project/backend/tests/talentflow.unittests/bin/debug/net8.0/talentflow.unittests.dll" id="36c6ca1e-9951-8ab5-9c8f-56305a46a420">
      <Execution id="1d77784c-142e-4d6f-85ec-a5b1183b863e" />
      <TestMethod codeBase="/Users/sishanhewapathirana/Documents/Codex/2026-10-09/x20/work/project/backend/tests/TalentFlow.UnitTests/bin/Debug/net8.0/TalentFlow.UnitTests.dll" adapterTypeName="executor://xunit/VsTestRunner2/netcoreapp" className="TalentFlow.UnitTests.Services.ApplicationServiceTests" name="CreateApplicationAsync_ShouldFail_WhenDeadlineHasPassed" />
    </UnitTest>
    <UnitTest name="TalentFlow.UnitTests.Services.JobServiceTests.GetJobByIdAsync_ShouldReturnNotFound_WhenJobDoesNotExist" storage="/users/sishanhewapathirana/documents/codex/2026-10-09/x20/work/project/backend/tests/talentflow.unittests/bin/debug/net8.0/talentflow.unittests.dll" id="5e2a2bf7-1dea-cba9-5d4a-b91a58f3ac07">
      <Execution id="e9ac8468-acdc-4f48-b832-6f27b6879f93" />
      <TestMethod codeBase="/Users/sishanhewapathirana/Documents/Codex/2026-10-09/x20/work/project/backend/tests/TalentFlow.UnitTests/bin/Debug/net8.0/TalentFlow.UnitTests.dll" adapterTypeName="executor://xunit/VsTestRunner2/netcoreapp" className="TalentFlow.UnitTests.Services.JobServiceTests" name="GetJobByIdAsync_ShouldReturnNotFound_WhenJobDoesNotExist" />
    </UnitTest>
    <UnitTest name="TalentFlow.UnitTests.Services.SchedulingServiceTests.HasInterviewerConflict_NoExistingInterviews_ReturnsFalse" storage="/users/sishanhewapathirana/documents/codex/2026-10-09/x20/work/project/backend/tests/talentflow.unittests/bin/debug/net8.0/talentflow.unittests.dll" id="064e3314-0dbe-d680-a06b-3e65a8e22a5e">
      <Execution id="47582c0b-c647-4795-91fb-f3dfacf96997" />
      <TestMethod codeBase="/Users/sishanhewapathirana/Documents/Codex/2026-10-09/x20/work/project/backend/tests/TalentFlow.UnitTests/bin/Debug/net8.0/TalentFlow.UnitTests.dll" adapterTypeName="executor://xunit/VsTestRunner2/netcoreapp" className="TalentFlow.UnitTests.Services.SchedulingServiceTests" name="HasInterviewerConflict_NoExistingInterviews_ReturnsFalse" />
    </UnitTest>
    <UnitTest name="TalentFlow.UnitTests.Services.SchedulingServiceTests.HasCandidateConflict_NoExistingInterviews_ReturnsFalse" storage="/users/sishanhewapathirana/documents/codex/2026-10-09/x20/work/project/backend/tests/talentflow.unittests/bin/debug/net8.0/talentflow.unittests.dll" id="7fb2d003-f477-8135-1e66-afe25dd39d57">
      <Execution id="329a0fc9-dabf-4c7a-8c43-80657ba23ba4" />
      <TestMethod codeBase="/Users/sishanhewapathirana/Documents/Codex/2026-10-09/x20/work/project/backend/tests/TalentFlow.UnitTests/bin/Debug/net8.0/TalentFlow.UnitTests.dll" adapterTypeName="executor://xunit/VsTestRunner2/netcoreapp" className="TalentFlow.UnitTests.Services.SchedulingServiceTests" name="HasCandidateConflict_NoExistingInterviews_ReturnsFalse" />
    </UnitTest>
    <UnitTest name="TalentFlow.UnitTests.Services.WorkflowServiceTests.RejectWorkflow_WrongStatus_ReturnsFail" storage="/users/sishanhewapathirana/documents/codex/2026-10-09/x20/work/project/backend/tests/talentflow.unittests/bin/debug/net8.0/talentflow.unittests.dll" id="7fe9d82e-6cf2-28de-f213-aafb08d08c02">
      <Execution id="52e02d5b-25b7-4f08-af28-16ae36f07011" />
      <TestMethod codeBase="/Users/sishanhewapathirana/Documents/Codex/2026-10-09/x20/work/project/backend/tests/TalentFlow.UnitTests/bin/Debug/net8.0/TalentFlow.UnitTests.dll" adapterTypeName="executor://xunit/VsTestRunner2/netcoreapp" className="TalentFlow.UnitTests.Services.WorkflowServiceTests" name="RejectWorkflow_WrongStatus_ReturnsFail" />
    </UnitTest>
    <UnitTest name="TalentFlow.UnitTests.Services.OnboardingServiceTests.GetTemplatesByCompanyAsync_ShouldReturnEmpty_WhenNoTemplates" storage="/users/sishanhewapathirana/documents/codex/2026-10-09/x20/work/project/backend/tests/talentflow.unittests/bin/debug/net8.0/talentflow.unittests.dll" id="b6705619-3e5c-6d52-5dd3-cef3aaba661f">
      <Execution id="289ecd46-311b-45f1-88a9-d34a0507eed8" />
      <TestMethod codeBase="/Users/sishanhewapathirana/Documents/Codex/2026-10-09/x20/work/project/backend/tests/TalentFlow.UnitTests/bin/Debug/net8.0/TalentFlow.UnitTests.dll" adapterTypeName="executor://xunit/VsTestRunner2/netcoreapp" className="TalentFlow.UnitTests.Services.OnboardingServiceTests" name="GetTemplatesByCompanyAsync_ShouldReturnEmpty_WhenNoTemplates" />
    </UnitTest>
    <UnitTest name="TalentFlow.UnitTests.Services.WorkflowServiceTests.RejectWorkflow_RequiresReason" storage="/users/sishanhewapathirana/documents/codex/2026-10-09/x20/work/project/backend/tests/talentflow.unittests/bin/debug/net8.0/talentflow.unittests.dll" id="dfa47ec4-9122-e4c2-7825-1353c847d200">
      <Execution id="513ef2a5-9ae4-48a8-b303-4ef31d3cb024" />
      <TestMethod codeBase="/Users/sishanhewapathirana/Documents/Codex/2026-10-09/x20/work/project/backend/tests/TalentFlow.UnitTests/bin/Debug/net8.0/TalentFlow.UnitTests.dll" adapterTypeName="executor://xunit/VsTestRunner2/netcoreapp" className="TalentFlow.UnitTests.Services.WorkflowServiceTests" name="RejectWorkflow_RequiresReason" />
    </UnitTest>
  </TestDefinitions>
  <TestEntries>
    <TestEntry testId="a71e22e3-bf52-66e4-ff32-dd4c94876afd" executionId="43c3911e-5647-4cf0-aeba-6f8dfa634798" testListId="8c84fa94-04c1-424b-9868-57a2d4851a1d" />
    <TestEntry testId="c00fdb42-dab3-3970-9553-61cd0975dcff" executionId="1f7ddfeb-9ce7-4340-9069-e7decef6bc11" testListId="8c84fa94-04c1-424b-9868-57a2d4851a1d" />
    <TestEntry testId="7fb2d003-f477-8135-1e66-afe25dd39d57" executionId="329a0fc9-dabf-4c7a-8c43-80657ba23ba4" testListId="8c84fa94-04c1-424b-9868-57a2d4851a1d" />
    <TestEntry testId="5dff0e03-e710-e41c-3ab8-b4809ac551c5" executionId="bc1295a2-4654-41c6-8c83-b943b2834965" testListId="8c84fa94-04c1-424b-9868-57a2d4851a1d" />
    <TestEntry testId="bed09556-8623-0230-4b78-349f03607f87" executionId="e4726e38-509c-47df-b913-3b12bd682acc" testListId="8c84fa94-04c1-424b-9868-57a2d4851a1d" />
    <TestEntry testId="09ac2021-891e-f79e-5e29-0043e434bcd6" executionId="ad7d2ca7-6583-4879-b6dc-6bdebcd8cc04" testListId="8c84fa94-04c1-424b-9868-57a2d4851a1d" />
    <TestEntry testId="6c7a4b80-7c1a-1305-6ba4-29caf375f9eb" executionId="c1871a3b-14b8-416e-9bf5-783987bfad62" testListId="8c84fa94-04c1-424b-9868-57a2d4851a1d" />
    <TestEntry testId="8830aea3-0056-0384-290b-df085dc33f31" executionId="cd2b9f5f-5bf9-4313-acd3-85d1a3707666" testListId="8c84fa94-04c1-424b-9868-57a2d4851a1d" />
    <TestEntry testId="ecd103dd-597f-130b-eaca-c36cba137c51" executionId="2aa83da6-ef97-4600-a486-409f66793410" testListId="8c84fa94-04c1-424b-9868-57a2d4851a1d" />
    <TestEntry testId="499696ed-0a96-02de-2675-2456fb6ad56b" executionId="efd88183-bfb2-4177-b7be-a686ab8b7580" testListId="8c84fa94-04c1-424b-9868-57a2d4851a1d" />
    <TestEntry testId="3ee38c8c-fbb4-9a34-1628-5a6986be3dc3" executionId="f62e0622-e1d0-4a96-a736-c64621894ac3" testListId="8c84fa94-04c1-424b-9868-57a2d4851a1d" />
    <TestEntry testId="a1e417ec-61f2-ef87-a1c7-a920846e34fc" executionId="156d56bd-ec46-430f-b7e5-a20a875f22b6" testListId="8c84fa94-04c1-424b-9868-57a2d4851a1d" />
    <TestEntry testId="25988907-b4a9-173e-76bf-ed78c6dafa5b" executionId="b7e5482b-cf0c-4770-a392-d18dedd3bcc1" testListId="8c84fa94-04c1-424b-9868-57a2d4851a1d" />
    <TestEntry testId="5112d5ef-0304-2c76-f70c-5ef8b5b9c67a" executionId="f9c2f69f-9ee1-4eaf-9310-cb6565797208" testListId="8c84fa94-04c1-424b-9868-57a2d4851a1d" />
    <TestEntry testId="970e542f-9dcc-9665-8cbc-aa400c47775f" executionId="52618cc4-663c-42e5-822f-207d8cf5160b" testListId="8c84fa94-04c1-424b-9868-57a2d4851a1d" />
    <TestEntry testId="f27396b5-d9c4-a7d8-89fc-7c57fbe2eeeb" executionId="3513a3fb-b671-41ed-b699-107def9f4898" testListId="8c84fa94-04c1-424b-9868-57a2d4851a1d" />
    <TestEntry testId="7efd7c4b-ff5b-9d05-c3b5-c7cbd460eceb" executionId="376107f9-4c91-4517-814d-96325947cf93" testListId="8c84fa94-04c1-424b-9868-57a2d4851a1d" />
    <TestEntry testId="7fe9d82e-6cf2-28de-f213-aafb08d08c02" executionId="52e02d5b-25b7-4f08-af28-16ae36f07011" testListId="8c84fa94-04c1-424b-9868-57a2d4851a1d" />
    <TestEntry testId="c07dd386-b70d-d98a-569d-91432f4bf0a1" executionId="5837f4fd-b197-40c3-87e9-3a40b91f0dd6" testListId="8c84fa94-04c1-424b-9868-57a2d4851a1d" />
    <TestEntry testId="893e9ce2-1677-65da-fab6-f63e81c63079" executionId="f72868ad-f53e-4213-9fbc-1e60592a933f" testListId="8c84fa94-04c1-424b-9868-57a2d4851a1d" />
    <TestEntry testId="b260f1ed-f248-2198-f51b-fb00c1b72875" executionId="58d7dcb1-dab6-4f9e-a0f8-4dbf8fcc58d5" testListId="8c84fa94-04c1-424b-9868-57a2d4851a1d" />
    <TestEntry testId="91aebf05-6e86-a21e-7855-5d57b6aea9ac" executionId="bb94697e-0d0e-4f9b-a2e5-e0fe9b499c0e" testListId="8c84fa94-04c1-424b-9868-57a2d4851a1d" />
    <TestEntry testId="281682af-f87c-efe3-1ff6-900deef313e8" executionId="80e966cc-7533-4484-8d7a-dc8f063d26e3" testListId="8c84fa94-04c1-424b-9868-57a2d4851a1d" />
    <TestEntry testId="b6705619-3e5c-6d52-5dd3-cef3aaba661f" executionId="289ecd46-311b-45f1-88a9-d34a0507eed8" testListId="8c84fa94-04c1-424b-9868-57a2d4851a1d" />
    <TestEntry testId="a076efc4-1609-8e19-dd30-9bcbe48c5da1" executionId="a72ce02f-d50e-4d9c-9031-d256e0f17f60" testListId="8c84fa94-04c1-424b-9868-57a2d4851a1d" />
    <TestEntry testId="6465b885-9786-4e31-2c46-dbb675d2b009" executionId="7b4cef20-a795-4ff3-8394-ac74e0d7c39b" testListId="8c84fa94-04c1-424b-9868-57a2d4851a1d" />
    <TestEntry testId="7580900d-c662-a7e9-6b79-99d3f61d5b19" executionId="2dc2afce-d289-4e81-814f-c32e4689f5f8" testListId="8c84fa94-04c1-424b-9868-57a2d4851a1d" />
    <TestEntry testId="55155d3b-a2a8-24cd-b43b-598954b6969c" executionId="ffa4a512-a493-4022-a5a9-743b0be54e93" testListId="8c84fa94-04c1-424b-9868-57a2d4851a1d" />
    <TestEntry testId="c9986088-3af6-062f-35ea-0510dd6bf83f" executionId="c24a352c-08b7-4151-abb4-dce0c0deb3fa" testListId="8c84fa94-04c1-424b-9868-57a2d4851a1d" />
    <TestEntry testId="37f8cece-ff66-fe2d-6835-43b4f056e22b" executionId="26c123cc-69fa-4579-a8bf-55e2c245eb12" testListId="8c84fa94-04c1-424b-9868-57a2d4851a1d" />
    <TestEntry testId="b6296ed5-99d0-83ee-0e63-300efcd2c67e" executionId="30db99ee-5a92-4a7f-b77f-ad5e450c1073" testListId="8c84fa94-04c1-424b-9868-57a2d4851a1d" />
    <TestEntry testId="58739863-d6d9-e95e-ada5-efcdfbddc6e4" executionId="06f51eca-241c-4c79-b362-a41601145818" testListId="8c84fa94-04c1-424b-9868-57a2d4851a1d" />
    <TestEntry testId="41715cca-4acd-5853-4cc1-33e8b8e595f9" executionId="f9e098aa-5929-4e28-a08e-e06bbe26491c" testListId="8c84fa94-04c1-424b-9868-57a2d4851a1d" />
    <TestEntry testId="7a11ae52-d5c2-cf10-5805-7d295184337a" executionId="def50d57-73b5-46c1-946b-10d65a6146d8" testListId="8c84fa94-04c1-424b-9868-57a2d4851a1d" />
    <TestEntry testId="b928e674-1d24-7ea7-93ab-ffc6bac0eb95" executionId="dce7acf4-ae17-4d71-a885-3cdaff86d7d0" testListId="8c84fa94-04c1-424b-9868-57a2d4851a1d" />
    <TestEntry testId="c0ac535c-0780-629e-efba-204e29e6c265" executionId="9b461b75-4625-466e-af89-478c8c33c764" testListId="8c84fa94-04c1-424b-9868-57a2d4851a1d" />
    <TestEntry testId="5ee73b70-48b2-1f73-61b9-2556e0478738" executionId="83829dee-4b60-4a6d-954c-611ee0a2e23e" testListId="8c84fa94-04c1-424b-9868-57a2d4851a1d" />
    <TestEntry testId="63645701-4c3e-c654-7e29-3f005f26f6ac" executionId="dd8d5b55-8611-4659-a52d-17293567d2fb" testListId="8c84fa94-04c1-424b-9868-57a2d4851a1d" />
    <TestEntry testId="dcdd21e7-66d6-2ce3-d2bc-890c68d64ebd" executionId="4d21d32a-07d1-44cb-9df3-8661f27a0285" testListId="8c84fa94-04c1-424b-9868-57a2d4851a1d" />
    <TestEntry testId="af7ada24-16b3-6390-2b2d-58338d2f13a5" executionId="91e8cb52-f54e-4081-ae8c-8a195029f850" testListId="8c84fa94-04c1-424b-9868-57a2d4851a1d" />
    <TestEntry testId="7a786268-d5dd-2ad2-ab10-c845762e190f" executionId="07a22e8f-af7d-485d-9552-5ef6bca1b2c6" testListId="8c84fa94-04c1-424b-9868-57a2d4851a1d" />
    <TestEntry testId="36c6ca1e-9951-8ab5-9c8f-56305a46a420" executionId="1d77784c-142e-4d6f-85ec-a5b1183b863e" testListId="8c84fa94-04c1-424b-9868-57a2d4851a1d" />
    <TestEntry testId="064e3314-0dbe-d680-a06b-3e65a8e22a5e" executionId="47582c0b-c647-4795-91fb-f3dfacf96997" testListId="8c84fa94-04c1-424b-9868-57a2d4851a1d" />
    <TestEntry testId="dfa47ec4-9122-e4c2-7825-1353c847d200" executionId="513ef2a5-9ae4-48a8-b303-4ef31d3cb024" testListId="8c84fa94-04c1-424b-9868-57a2d4851a1d" />
    <TestEntry testId="4c5fc160-dff3-a8a4-57d6-f3add35e14ce" executionId="539379a4-9b47-42b7-a722-63eb069de9b1" testListId="8c84fa94-04c1-424b-9868-57a2d4851a1d" />
    <TestEntry testId="938af387-3c04-6eda-435d-8eb42f57605b" executionId="4d3ba700-8926-4ec8-a896-1b52709f0710" testListId="8c84fa94-04c1-424b-9868-57a2d4851a1d" />
    <TestEntry testId="91554008-7af8-d2ad-e578-c332ea8c24de" executionId="0c41a7fe-fe61-4df5-bc21-7aa25c54e2cf" testListId="8c84fa94-04c1-424b-9868-57a2d4851a1d" />
    <TestEntry testId="7cc19ab1-002f-a7e3-094a-626c9b4367c7" executionId="c1e83a87-f820-4f62-93bb-6c628f0a0abf" testListId="8c84fa94-04c1-424b-9868-57a2d4851a1d" />
    <TestEntry testId="e7d4bad3-31f4-4fee-00a9-97a77cd4a3dd" executionId="0a01b6e7-6434-43f5-8207-048ede467a0f" testListId="8c84fa94-04c1-424b-9868-57a2d4851a1d" />
    <TestEntry testId="e89eb86d-b053-f3ac-5e10-eaf84886eecc" executionId="f76e112b-fb09-4e2e-83a1-a7e4251def9a" testListId="8c84fa94-04c1-424b-9868-57a2d4851a1d" />
    <TestEntry testId="3f83fac4-cb40-8e6c-cf31-7e40e6318b3e" executionId="3f519741-8e8a-4528-9678-ca8b0e6c9558" testListId="8c84fa94-04c1-424b-9868-57a2d4851a1d" />
    <TestEntry testId="9c47789d-e7d2-d422-8e05-2fa9bad88d5e" executionId="7292dac0-cacc-4e4e-8367-4e3789dad3be" testListId="8c84fa94-04c1-424b-9868-57a2d4851a1d" />
    <TestEntry testId="e17c7d32-fed4-aa17-a2ca-588ab04bdd8b" executionId="fad04293-fcf6-4c15-b296-7c08d8be4fd3" testListId="8c84fa94-04c1-424b-9868-57a2d4851a1d" />
    <TestEntry testId="4eb44c0c-56fc-492f-9a7b-f2a89cc1ccb4" executionId="d38f28a4-8325-4f48-b7e2-51882d90a3e8" testListId="8c84fa94-04c1-424b-9868-57a2d4851a1d" />
    <TestEntry testId="5e2a2bf7-1dea-cba9-5d4a-b91a58f3ac07" executionId="e9ac8468-acdc-4f48-b832-6f27b6879f93" testListId="8c84fa94-04c1-424b-9868-57a2d4851a1d" />
    <TestEntry testId="49c79b5f-c629-d297-be4b-19ef127edc56" executionId="a09f8aac-0b98-4f4f-b9df-4d35908cf7e0" testListId="8c84fa94-04c1-424b-9868-57a2d4851a1d" />
  </TestEntries>
  <TestLists>
    <TestList name="Results Not in a List" id="8c84fa94-04c1-424b-9868-57a2d4851a1d" />
    <TestList name="All Loaded Results" id="19431567-8539-422a-85d7-44ee4e166bda" />
  </TestLists>
  <ResultSummary outcome="Completed">
    <Counters total="56" executed="56" passed="56" failed="0" error="0" timeout="0" aborted="0" inconclusive="0" passedButRunAborted="0" notRunnable="0" notExecuted="0" disconnected="0" warning="0" completed="0" inProgress="0" pending="0" />
    <Output>
      <StdOut>[xUnit.net 00:00:00.00] xUnit.net VSTest Adapter v2.5.3.1+6b60a9e56a (64-bit .NET 8.0.29)
[xUnit.net 00:00:00.05]   Discovering: TalentFlow.UnitTests
[xUnit.net 00:00:00.07]   Discovered:  TalentFlow.UnitTests
[xUnit.net 00:00:00.07]   Starting:    TalentFlow.UnitTests
     Warning:
     The component "Fluent Assertions" is governed by the rules defined in the Xceed License Agreement and
     the Xceed Fluent Assertions Community License. You may use Fluent Assertions free of charge for
     non-commercial use only. An active subscription is required to use Fluent Assertions for commercial use.
     Please contact Xceed Sales mailto:sales@xceed.com to acquire a subscription at a very low cost.
     A paid commercial license supports the development and continued increasing support of
     Fluent Assertions users under both commercial and community licenses. Help us
     keep Fluent Assertions at the forefront of unit testing.
     For more information, visit https://xceed.com/products/unit-testing/fluent-assertions/
[xUnit.net 00:00:00.74]   Finished:    TalentFlow.UnitTests
</StdOut>
    </Output>
    <CollectorDataEntries>
      <Collector agentName="Sishans-MacBook-Pro" uri="datacollector://microsoft/CoverletCodeCoverage/1.0" collectorDisplayName="XPlat code coverage">
        <UriAttachments>
          <UriAttachment>
            <A href="Sishans-MacBook-Pro/coverage.cobertura.xml"></A>
          </UriAttachment>
        </UriAttachments>
      </Collector>
    </CollectorDataEntries>
  </ResultSummary>
</TestRun>